2024-11-20 00:03:35,291 [INFO] WebApp:189 - Connection lost
2024-11-20 00:03:35,409 [INFO] WebApp:186 - Connection restablished
2024-11-20 00:05:00,701 [INFO] WebApp:189 - Connection lost
2024-11-20 00:05:00,823 [INFO] WebApp:186 - Connection restablished
2024-11-20 00:09:56,461 [INFO] WebApp:189 - Connection lost
2024-11-20 00:09:56,581 [INFO] WebApp:186 - Connection restablished
2024-11-20 00:21:29,640 [INFO] WebApp:189 - Connection lost
2024-11-20 00:21:29,778 [INFO] WebApp:186 - Connection restablished
2024-11-20 00:29:30,481 [INFO] WebApp:189 - Connection lost
2024-11-20 00:29:30,594 [INFO] WebApp:186 - Connection restablished
2024-11-20 00:43:07,773 [INFO] WebApp:189 - Connection lost
2024-11-20 00:43:07,890 [INFO] WebApp:186 - Connection restablished
2024-11-20 00:43:44,416 [INFO] WebApp:189 - Connection lost
2024-11-20 00:43:44,541 [INFO] WebApp:186 - Connection restablished
2024-11-20 00:44:14,404 [INFO] WebApp:189 - Connection lost
2024-11-20 00:44:14,523 [INFO] WebApp:186 - Connection restablished
2024-11-20 00:44:34,173 [INFO] WebApp:189 - Connection lost
2024-11-20 00:44:34,296 [INFO] WebApp:186 - Connection restablished
2024-11-20 00:44:40,109 [INFO] WebApp:189 - Connection lost
2024-11-20 00:44:40,229 [INFO] WebApp:186 - Connection restablished
2024-11-20 00:45:55,238 [INFO] WebApp:189 - Connection lost
2024-11-20 00:45:55,345 [INFO] WebApp:186 - Connection restablished
2024-11-20 00:46:47,684 [INFO] WebApp:189 - Connection lost
2024-11-20 00:46:47,799 [INFO] WebApp:186 - Connection restablished
2024-11-20 00:47:37,162 [INFO] WebApp:189 - Connection lost
2024-11-20 00:47:37,275 [INFO] WebApp:186 - Connection restablished
2024-11-20 00:48:41,556 [INFO] WebApp:189 - Connection lost
2024-11-20 00:48:41,667 [INFO] WebApp:186 - Connection restablished
2024-11-20 00:50:05,098 [INFO] WebApp:189 - Connection lost
2024-11-20 00:50:05,210 [INFO] WebApp:186 - Connection restablished
2024-11-20 00:54:38,641 [INFO] WebApp:189 - Connection lost
2024-11-20 00:54:38,757 [INFO] WebApp:186 - Connection restablished
2024-11-20 01:01:25,901 [INFO] WebApp:189 - Connection lost
2024-11-20 01:01:26,017 [INFO] WebApp:186 - Connection restablished
2024-11-20 21:29:06,164 [INFO] Activator:176 - 


2024-11-20 21:29:06,166 [INFO] Activator:177 - !SESSION log4j initialized
2024-11-20 21:29:11,057 [INFO] LogOutputStream:77 - [STDOUT_REDIRECT] 
2024-11-20 21:29:12,124 [INFO] ApplicationProperties:184 - Using Application install path: /opt/st/stm32cubeide_1.16.1/plugins/com.st.stm32cube.common.mx_6.12.1.202409122256
2024-11-20 21:29:12,152 [INFO] DbMcusXml:78 - Set database path to: /opt/st/stm32cubeide_1.16.1/plugins/com.st.stm32cube.common.mx_6.12.1.202409122256//db//mcu/
2024-11-20 21:29:12,153 [INFO] ApiDb:274 - Set plugin database path to: /opt/st/stm32cubeide_1.16.1/plugins/com.st.stm32cube.common.mx_6.12.1.202409122256//db//plugins/boardmanager/
2024-11-20 21:29:12,153 [WARN] ApiDb:259 - Overriding images path with different value:  => /opt/st/stm32cubeide_1.16.1/plugins/com.st.stm32cube.common.mx_6.12.1.202409122256//db//plugins/mcufinder/images/
2024-11-20 21:29:12,162 [INFO] ApiDb:250 - Set database path to: /home/kireiji/.stmcufinder/plugins/mcufinder//mcu/
2024-11-20 21:29:12,164 [INFO] DbMcusAds:125 - Set database path to: /home/kireiji/.stmcufinder/plugins/mcufinder//mcu/
2024-11-20 21:29:12,167 [INFO] CrossReferenceDbSqlite:203 - Set database path to: /home/kireiji/.stmcufinder/plugins/mcufinder//mcu/cs/
2024-11-20 21:29:12,317 [INFO] RulesReader:64 - Compatibility file has been processed (297 Rules)
2024-11-20 21:29:12,427 [INFO] DbMcusXml:78 - Set database path to: /opt/st/stm32cubeide_1.16.1/plugins/com.st.stm32cube.common.mx_6.12.1.202409122256//db//mcu/
2024-11-20 21:29:12,427 [INFO] ApiDb:274 - Set plugin database path to: /opt/st/stm32cubeide_1.16.1/plugins/com.st.stm32cube.common.mx_6.12.1.202409122256//db//plugins/boardmanager/
2024-11-20 21:29:12,427 [INFO] ApiDb:261 - Set plugin images path to: /opt/st/stm32cubeide_1.16.1/plugins/com.st.stm32cube.common.mx_6.12.1.202409122256//db//plugins/mcufinder/images/
2024-11-20 21:29:12,428 [WARN] DbFile:41 - Overriding database path with different value: /home/kireiji/.stmcufinder/plugins/mcufinder/ => /home/kireiji/.stmcufinder/plugins/mcufinder
2024-11-20 21:29:12,428 [INFO] ApiDb:250 - Set database path to: /home/kireiji/.stmcufinder/plugins/mcufinder//mcu/
2024-11-20 21:29:12,428 [WARN] DbFile:41 - Overriding database path with different value: /home/kireiji/.stmcufinder/plugins/mcufinder/ => /home/kireiji/.stmcufinder/plugins/mcufinder
2024-11-20 21:29:12,428 [INFO] DbMcusAds:125 - Set database path to: /home/kireiji/.stmcufinder/plugins/mcufinder//mcu/
2024-11-20 21:29:12,428 [WARN] DbFile:41 - Overriding database path with different value: /home/kireiji/.stmcufinder/plugins/mcufinder/ => /home/kireiji/.stmcufinder/plugins/mcufinder
2024-11-20 21:29:12,428 [WARN] DbFile:41 - Overriding database path with different value: /home/kireiji/.stmcufinder/plugins/mcufinder/ => /home/kireiji/.stmcufinder/plugins/mcufinder
2024-11-20 21:29:12,428 [INFO] CrossReferenceDbSqlite:203 - Set database path to: /home/kireiji/.stmcufinder/plugins/mcufinder//mcu/cs/
2024-11-20 21:29:12,511 [INFO] MainPanel:268 - HeapMemory: 268435456
2024-11-20 21:29:12,631 [INFO] DbMcusXml:78 - Set database path to: /opt/st/stm32cubeide_1.16.1/plugins/com.st.stm32cube.common.mx_6.12.1.202409122256//db//mcu/
2024-11-20 21:29:12,631 [INFO] ApiDb:274 - Set plugin database path to: /opt/st/stm32cubeide_1.16.1/plugins/com.st.stm32cube.common.mx_6.12.1.202409122256//db//plugins/boardmanager/
2024-11-20 21:29:12,631 [INFO] ApiDb:261 - Set plugin images path to: /opt/st/stm32cubeide_1.16.1/plugins/com.st.stm32cube.common.mx_6.12.1.202409122256//db//plugins/mcufinder/images/
2024-11-20 21:29:12,632 [WARN] DbFile:41 - Overriding database path with different value: /home/kireiji/.stmcufinder/plugins/mcufinder/ => /home/kireiji/.stmcufinder/plugins/mcufinder
2024-11-20 21:29:12,632 [INFO] ApiDb:250 - Set database path to: /home/kireiji/.stmcufinder/plugins/mcufinder//mcu/
2024-11-20 21:29:12,632 [WARN] DbFile:41 - Overriding database path with different value: /home/kireiji/.stmcufinder/plugins/mcufinder/ => /home/kireiji/.stmcufinder/plugins/mcufinder
2024-11-20 21:29:12,632 [INFO] DbMcusAds:125 - Set database path to: /home/kireiji/.stmcufinder/plugins/mcufinder//mcu/
2024-11-20 21:29:12,632 [WARN] DbFile:41 - Overriding database path with different value: /home/kireiji/.stmcufinder/plugins/mcufinder/ => /home/kireiji/.stmcufinder/plugins/mcufinder
2024-11-20 21:29:12,632 [WARN] DbFile:41 - Overriding database path with different value: /home/kireiji/.stmcufinder/plugins/mcufinder/ => /home/kireiji/.stmcufinder/plugins/mcufinder
2024-11-20 21:29:12,632 [INFO] CrossReferenceDbSqlite:203 - Set database path to: /home/kireiji/.stmcufinder/plugins/mcufinder//mcu/cs/
2024-11-20 21:29:12,646 [INFO] ApplicationProperties:184 - Using Application install path: /opt/st/stm32cubeide_1.16.1/plugins/com.st.stm32cube.common.mx_6.12.1.202409122256
2024-11-20 21:29:12,647 [INFO] PluginManage:196 - Search for loadable plugins [exclusion list=, ]
2024-11-20 21:29:12,648 [INFO] PluginManage:310 - Check plugin analytics
2024-11-20 21:29:12,801 [INFO] AnalyticsPlugin:253 - Accepted Software Licenses: 
2024-11-20 21:29:12,801 [INFO] AnalyticsPlugin:255 - Accepted CMSIS Pack Licenses: 
2024-11-20 21:29:12,801 [INFO] AnalyticsPlugin:257 - Accepted Firmware Licenses: FW.G4.1.6.0,FW.H7.1.11.0
2024-11-20 21:29:12,805 [INFO] PluginManage:359 - Loaded plugin analytics (category:tool,tabindex:-1)
2024-11-20 21:29:12,805 [INFO] PluginManage:310 - Check plugin cadmodel
2024-11-20 21:29:12,810 [INFO] CADModel:105 - Init CAD model plugin
2024-11-20 21:29:12,810 [INFO] PluginManage:359 - Loaded plugin cadmodel (category:power,tabindex:5)
2024-11-20 21:29:12,810 [INFO] PluginManage:310 - Check plugin clock
2024-11-20 21:29:12,821 [INFO] PluginManage:359 - Loaded plugin clock (category:base,tabindex:2)
2024-11-20 21:29:12,821 [INFO] PluginManage:310 - Check plugin ddr
2024-11-20 21:29:12,823 [INFO] PluginManage:359 - Loaded plugin ddr (category:tool,tabindex:6)
2024-11-20 21:29:12,824 [INFO] PluginManage:310 - Check plugin filemanager
2024-11-20 21:29:12,972 [INFO] PluginManage:359 - Loaded plugin filemanager (category:base,tabindex:10)
2024-11-20 21:29:12,972 [INFO] PluginManage:310 - Check plugin ipmanager
2024-11-20 21:29:12,978 [INFO] PluginManage:359 - Loaded plugin ipmanager (category:base,tabindex:5)
2024-11-20 21:29:12,979 [INFO] PluginManage:310 - Check plugin lpbam
2024-11-20 21:29:12,990 [INFO] PluginManage:359 - Loaded plugin lpbam (category:base,tabindex:0)
2024-11-20 21:29:12,990 [INFO] PluginManage:310 - Check plugin memorymap
2024-11-20 21:29:13,002 [INFO] PluginManage:359 - Loaded plugin memorymap (category:base,tabindex:4)
2024-11-20 21:29:13,002 [INFO] PluginManage:310 - Check plugin pinoutandconfiguration
2024-11-20 21:29:13,009 [INFO] PluginManage:359 - Loaded plugin pinoutandconfiguration (category:base,tabindex:1)
2024-11-20 21:29:13,009 [INFO] PluginManage:310 - Check plugin pinoutconfig
2024-11-20 21:29:13,091 [WARN] SupportedApi:132 - Cannot load RTOS API schema: s4s-elt-must-match.1: The content of 'definitions' must match (annotation?, (simpleType | complexType)?, (unique | key | keyref)*)). A problem was found starting at: attribute.
2024-11-20 21:29:13,214 [INFO] PluginManage:359 - Loaded plugin pinoutconfig (category:base,tabindex:0)
2024-11-20 21:29:13,214 [INFO] PluginManage:310 - Check plugin power
2024-11-20 21:29:13,222 [INFO] PluginManage:359 - Loaded plugin power (category:power,tabindex:4)
2024-11-20 21:29:13,222 [INFO] PluginManage:310 - Check plugin projectmanager
2024-11-20 21:29:13,238 [INFO] PluginManage:359 - Loaded plugin projectmanager (category:projectmanager,tabindex:4)
2024-11-20 21:29:13,239 [INFO] PluginManage:310 - Check plugin rif
2024-11-20 21:29:13,245 [INFO] PluginManage:359 - Loaded plugin rif (category:base,tabindex:3)
2024-11-20 21:29:13,245 [INFO] PluginManage:310 - Check plugin thirdparty
2024-11-20 21:29:13,347 [INFO] PluginManage:359 - Loaded plugin thirdparty (category:base,tabindex:-1)
2024-11-20 21:29:13,347 [WARN] IntegrityCheckThread:84 - waiting for thirdparty lock release [integrity check]
2024-11-20 21:29:13,347 [INFO] PluginManage:310 - Check plugin tools
2024-11-20 21:29:13,348 [INFO] IntegrityCheckThread:86 - entering critical section [integrity check]
2024-11-20 21:29:13,348 [INFO] ThirdPartyUpdaterWithRetryManager:70 - Updater plugin not ready yet. [1/15]
2024-11-20 21:29:13,350 [INFO] PluginManage:359 - Loaded plugin tools (category:base,tabindex:7)
2024-11-20 21:29:13,351 [INFO] PluginManage:310 - Check plugin tutovideos
2024-11-20 21:29:13,512 [INFO] PluginManage:359 - Loaded plugin tutovideos (category:base,tabindex:-1)
2024-11-20 21:29:13,513 [INFO] PluginManage:310 - Check plugin updater
2024-11-20 21:29:13,532 [INFO] PluginManage:359 - Loaded plugin updater (category:base,tabindex:12)
2024-11-20 21:29:13,532 [INFO] PluginManage:310 - Check plugin userauth
2024-11-20 21:29:13,538 [INFO] UserAuth:113 - Init User Auth plugin
2024-11-20 21:29:13,538 [INFO] PluginManage:359 - Loaded plugin userauth (category:base,tabindex:14)
2024-11-20 21:29:13,538 [INFO] PluginManage:283 - PluginManage : Loaded plugins [18]
2024-11-20 21:29:13,708 [INFO] PinOutPanel:1561 - setPackage(No Configuration,No Configuration)
2024-11-20 21:29:13,785 [INFO] CADModel:165 - CPN selected for project level
2024-11-20 21:29:13,785 [INFO] CADModel:114 - Register for checkConnection events
2024-11-20 21:29:13,800 [INFO] IPUIPlugin:80 - create IPUIPlugin
2024-11-20 21:29:13,800 [INFO] PluginManager:220 - loadIPPluginJar : add lorawan
2024-11-20 21:29:13,803 [INFO] IPUIPlugin:80 - create IPUIPlugin
2024-11-20 21:29:13,804 [INFO] PluginManager:220 - loadIPPluginJar : add pdm2pcm
2024-11-20 21:29:13,805 [INFO] IPUIPlugin:80 - create IPUIPlugin
2024-11-20 21:29:13,805 [INFO] PluginManager:220 - loadIPPluginJar : add fatfs
2024-11-20 21:29:13,808 [INFO] IPUIPlugin:80 - create IPUIPlugin
2024-11-20 21:29:13,808 [INFO] PluginManager:220 - loadIPPluginJar : add extmemmanager
2024-11-20 21:29:13,812 [INFO] IPUIPlugin:80 - create IPUIPlugin
2024-11-20 21:29:13,812 [INFO] PluginManager:220 - loadIPPluginJar : add gtzc
2024-11-20 21:29:13,818 [INFO] IPUIPlugin:80 - create IPUIPlugin
2024-11-20 21:29:13,818 [INFO] PluginManager:220 - loadIPPluginJar : add freertos
2024-11-20 21:29:13,825 [INFO] IPUIPlugin:80 - create IPUIPlugin
2024-11-20 21:29:13,825 [INFO] PluginManager:220 - loadIPPluginJar : add stm32_wpan
2024-11-20 21:29:13,827 [INFO] IPUIPlugin:80 - create IPUIPlugin
2024-11-20 21:29:13,828 [INFO] PluginManager:220 - loadIPPluginJar : add dma3
2024-11-20 21:29:13,830 [INFO] IPUIPlugin:80 - create IPUIPlugin
2024-11-20 21:29:13,830 [INFO] PluginManager:220 - loadIPPluginJar : add ddr_ctrl_phy
2024-11-20 21:29:13,837 [INFO] IPUIPlugin:80 - create IPUIPlugin
2024-11-20 21:29:13,840 [INFO] PluginManager:220 - loadIPPluginJar : add plateformsettings
2024-11-20 21:29:13,840 [INFO] IPUIPlugin:80 - create IPUIPlugin
2024-11-20 21:29:13,841 [INFO] PluginManager:220 - loadIPPluginJar : add tsc
2024-11-20 21:29:13,843 [INFO] IPUIPlugin:80 - create IPUIPlugin
2024-11-20 21:29:13,843 [INFO] PluginManager:220 - loadIPPluginJar : add aes
2024-11-20 21:29:13,850 [INFO] IPUIPlugin:80 - create IPUIPlugin
2024-11-20 21:29:13,850 [INFO] PluginManager:220 - loadIPPluginJar : add mdma
2024-11-20 21:29:13,853 [INFO] IPUIPlugin:80 - create IPUIPlugin
2024-11-20 21:29:13,853 [INFO] PluginManager:220 - loadIPPluginJar : add nvic
2024-11-20 21:29:13,855 [INFO] IPUIPlugin:80 - create IPUIPlugin
2024-11-20 21:29:13,855 [INFO] PluginManager:220 - loadIPPluginJar : add hash
2024-11-20 21:29:13,857 [INFO] IPUIPlugin:80 - create IPUIPlugin
2024-11-20 21:29:13,857 [INFO] PluginManager:220 - loadIPPluginJar : add ts
2024-11-20 21:29:13,859 [INFO] IPUIPlugin:80 - create IPUIPlugin
2024-11-20 21:29:13,860 [INFO] PluginManager:220 - loadIPPluginJar : add usart
2024-11-20 21:29:13,861 [INFO] IPUIPlugin:80 - create IPUIPlugin
2024-11-20 21:29:13,861 [INFO] PluginManager:220 - loadIPPluginJar : add radio
2024-11-20 21:29:13,870 [INFO] IPUIPlugin:80 - create IPUIPlugin
2024-11-20 21:29:13,871 [INFO] PluginManager:220 - loadIPPluginJar : add linkedlist
2024-11-20 21:29:13,874 [INFO] IPUIPlugin:80 - create IPUIPlugin
2024-11-20 21:29:13,874 [INFO] PluginManager:220 - loadIPPluginJar : add ipddr
2024-11-20 21:29:13,879 [INFO] IPUIPlugin:80 - create IPUIPlugin
2024-11-20 21:29:13,879 [INFO] PluginManager:220 - loadIPPluginJar : add gic
2024-11-20 21:29:13,882 [INFO] IPUIPlugin:80 - create IPUIPlugin
2024-11-20 21:29:13,882 [INFO] PluginManager:220 - loadIPPluginJar : add opamp
2024-11-20 21:29:13,884 [INFO] IPUIPlugin:80 - create IPUIPlugin
2024-11-20 21:29:13,885 [INFO] PluginManager:220 - loadIPPluginJar : add gfxmmu
2024-11-20 21:29:13,886 [INFO] IPUIPlugin:80 - create IPUIPlugin
2024-11-20 21:29:13,886 [INFO] PluginManager:220 - loadIPPluginJar : add ltdc
2024-11-20 21:29:13,890 [INFO] IPUIPlugin:80 - create IPUIPlugin
2024-11-20 21:29:13,890 [INFO] PluginManager:220 - loadIPPluginJar : add sai
2024-11-20 21:29:13,894 [INFO] IPUIPlugin:80 - create IPUIPlugin
2024-11-20 21:29:13,894 [INFO] PluginManager:220 - loadIPPluginJar : add fmc
2024-11-20 21:29:13,896 [INFO] IPUIPlugin:80 - create IPUIPlugin
2024-11-20 21:29:13,896 [INFO] PluginManager:220 - loadIPPluginJar : add tracer_emb
2024-11-20 21:29:13,903 [INFO] IPUIPlugin:80 - create IPUIPlugin
2024-11-20 21:29:13,903 [INFO] PluginManager:220 - loadIPPluginJar : add adc
2024-11-20 21:29:13,905 [INFO] IPUIPlugin:80 - create IPUIPlugin
2024-11-20 21:29:13,905 [INFO] PluginManager:220 - loadIPPluginJar : add dfsdm
2024-11-20 21:29:13,907 [INFO] IPUIPlugin:80 - create IPUIPlugin
2024-11-20 21:29:13,907 [INFO] PluginManager:220 - loadIPPluginJar : add i2s
2024-11-20 21:29:13,913 [INFO] IPUIPlugin:80 - create IPUIPlugin
2024-11-20 21:29:13,913 [INFO] PluginManager:220 - loadIPPluginJar : add dma
2024-11-20 21:29:13,915 [INFO] IPUIPlugin:80 - create IPUIPlugin
2024-11-20 21:29:13,915 [INFO] PluginManager:220 - loadIPPluginJar : add comp
2024-11-20 21:29:13,917 [INFO] IPUIPlugin:80 - create IPUIPlugin
2024-11-20 21:29:13,917 [INFO] PluginManager:220 - loadIPPluginJar : add can
2024-11-20 21:29:13,920 [INFO] IPUIPlugin:80 - create IPUIPlugin
2024-11-20 21:29:13,920 [INFO] PluginManager:220 - loadIPPluginJar : add usbx
2024-11-20 21:29:13,921 [INFO] IPUIPlugin:80 - create IPUIPlugin
2024-11-20 21:29:13,921 [INFO] PluginManager:220 - loadIPPluginJar : add genericplugin
2024-11-20 21:29:13,924 [INFO] IPUIPlugin:80 - create IPUIPlugin
2024-11-20 21:29:13,925 [INFO] PluginManager:220 - loadIPPluginJar : add resmgrutility
2024-11-20 21:29:13,929 [INFO] IPUIPlugin:80 - create IPUIPlugin
2024-11-20 21:29:13,929 [INFO] PluginManager:220 - loadIPPluginJar : add gpio
2024-11-20 21:29:13,931 [INFO] IPUIPlugin:80 - create IPUIPlugin
2024-11-20 21:29:13,931 [INFO] PluginManager:220 - loadIPPluginJar : add spi
2024-11-20 21:29:13,933 [INFO] IPUIPlugin:80 - create IPUIPlugin
2024-11-20 21:29:13,933 [INFO] PluginManager:220 - loadIPPluginJar : add quadspi
2024-11-20 21:29:13,935 [INFO] IPUIPlugin:80 - create IPUIPlugin
2024-11-20 21:29:13,935 [INFO] PluginManager:220 - loadIPPluginJar : add openamp
2024-11-20 21:29:13,937 [INFO] IPUIPlugin:80 - create IPUIPlugin
2024-11-20 21:29:13,938 [INFO] PluginManager:220 - loadIPPluginJar : add i2c
2024-11-20 21:29:13,940 [INFO] IPUIPlugin:80 - create IPUIPlugin
2024-11-20 21:29:13,940 [INFO] PluginManager:220 - loadIPPluginJar : add i3c
2024-11-20 21:29:13,941 [INFO] IPUIPlugin:80 - create IPUIPlugin
2024-11-20 21:29:13,941 [INFO] PluginManager:220 - loadIPPluginJar : add tim
2024-11-20 21:29:13,944 [INFO] IPUIPlugin:80 - create IPUIPlugin
2024-11-20 21:29:13,944 [INFO] PluginManager:220 - loadIPPluginJar : add touchsensing
2024-11-20 21:29:13,946 [INFO] IPUIPlugin:80 - create IPUIPlugin
2024-11-20 21:29:13,946 [INFO] PluginManager:220 - loadIPPluginJar : add ucpd
2024-11-20 21:29:13,948 [INFO] IPUIPlugin:80 - create IPUIPlugin
2024-11-20 21:29:13,948 [INFO] PluginManager:220 - loadIPPluginJar : add cryp
2024-11-20 21:29:14,049 [INFO] CADModel:165 - CPN selected for project level
2024-11-20 21:29:14,049 [INFO] CADModel:114 - Register for checkConnection events
2024-11-20 21:29:14,050 [FATAL] Updater:334 - Updater called before beeing initialized
2024-11-20 21:29:14,050 [ERROR] CADModel:125 - Updater not yet initialized, retry later 
2024-11-20 21:29:14,189 [INFO] CADModel:165 - CPN selected for project level
2024-11-20 21:29:14,190 [INFO] CADModel:114 - Register for checkConnection events
2024-11-20 21:29:14,190 [FATAL] Updater:334 - Updater called before beeing initialized
2024-11-20 21:29:14,190 [ERROR] CADModel:125 - Updater not yet initialized, retry later 
2024-11-20 21:29:14,202 [FATAL] Updater:334 - Updater called before beeing initialized
2024-11-20 21:29:14,302 [FATAL] Updater:334 - Updater called before beeing initialized
2024-11-20 21:29:14,307 [INFO] DbMcusAds:53 - JSON generation date=Fri Sep 20 20:04:38 ICT 2024 (1726837478367)
2024-11-20 21:29:14,308 [FATAL] Updater:334 - Updater called before beeing initialized
2024-11-20 21:29:14,363 [WARN] DetailPanel:346 - Failed to get advertising image, set to default
2024-11-20 21:29:14,493 [FATAL] Updater:334 - Updater called before beeing initialized
2024-11-20 21:29:14,495 [FATAL] Updater:334 - Updater called before beeing initialized
2024-11-20 21:29:14,495 [FATAL] Updater:334 - Updater called before beeing initialized
2024-11-20 21:29:14,495 [WARN] DetailPanel:346 - Failed to get advertising image, set to default
2024-11-20 21:29:14,497 [FATAL] Updater:334 - Updater called before beeing initialized
2024-11-20 21:29:14,541 [ERROR] Updater:1164 - MainUpdater not yet initialized. External WinMGr cannot be set.
2024-11-20 21:29:14,544 [INFO] Updater:1100 - Updater Version found : 6.12.1
2024-11-20 21:29:14,565 [INFO] ApplicationProperties:184 - Using Application install path: /opt/st/stm32cubeide_1.16.1/plugins/com.st.stm32cube.common.mx_6.12.1.202409122256
2024-11-20 21:29:14,906 [INFO] MainUpdater:2873 - connection check result : 10
2024-11-20 21:29:14,907 [INFO] MainUpdater:290 - Updater Check For Update Now.
2024-11-20 21:29:14,907 [INFO] MicroXplorer:498 - Change Database Version : DB.6.0.121
2024-11-20 21:29:14,913 [INFO] McuFinderGlobals:63 - Set McuFinder mode to 2 (CubeIDE integrated)
2024-11-20 21:29:14,914 [INFO] UserAuth:417 - Internet connection configuration mode: 1
2024-11-20 21:29:14,931 [INFO] JxBrowserEngine:152 - Initiate JxBrowser Engine with user profile folder
2024-11-20 21:29:15,093 [INFO] CheckServerUpdateThread:120 - End of CheckServer Thread
2024-11-20 21:29:15,729 [INFO] WebApp:167 - Instantiating new browser for Auth
2024-11-20 21:29:16,459 [WARN] PackLoader:240 - Cannot read IP mode file for STMicroelectronics.FP-SNS-MOTENVWB1.1.4.0
2024-11-20 21:29:16,467 [WARN] PackLoader:240 - Cannot read IP mode file for STMicroelectronics.FP-ATR-ASTRA1.2.0.1
2024-11-20 21:29:16,472 [WARN] PackLoader:240 - Cannot read IP mode file for STMicroelectronics.X-CUBE-SMBUS.2.1.0
2024-11-20 21:29:16,478 [WARN] PackLoader:240 - Cannot read IP mode file for STMicroelectronics.X-CUBE-WB05N.1.1.0
2024-11-20 21:29:16,508 [WARN] PackLoader:240 - Cannot read IP mode file for STMicroelectronics.X-CUBE-AZRTOS-F7.1.1.0
2024-11-20 21:29:16,517 [WARN] PackLoader:240 - Cannot read IP mode file for STMicroelectronics.FP-SNS-FLIGHT1.5.0.2
2024-11-20 21:29:16,525 [WARN] PackLoader:240 - Cannot read IP mode file for STMicroelectronics.X-CUBE-DISPLAY.3.0.0
2024-11-20 21:29:16,537 [WARN] PackLoader:240 - Cannot read IP mode file for STMicroelectronics.X-CUBE-BLE1.7.0.0
2024-11-20 21:29:16,543 [WARN] PackLoader:240 - Cannot read IP mode file for emotas.I-CUBE-CANOPEN.1.3.0
2024-11-20 21:29:16,558 [WARN] PackLoader:240 - Cannot read IP mode file for STMicroelectronics.X-CUBE-BLEMGR.3.1.0
2024-11-20 21:29:16,565 [WARN] PackLoader:240 - Cannot read IP mode file for STMicroelectronics.FP-SNS-SMARTAG2.1.2.0
2024-11-20 21:29:16,579 [INFO] LogOutputStream:77 - [STDOUT_REDIRECT] 1 : Invalid condition id : UX_CORESTACK_Condition cause : null
2024-11-20 21:29:16,580 [INFO] LogOutputStream:77 - [STDOUT_REDIRECT] 1 : Invalid condition id : UX_CORESTACK_Condition cause : null
2024-11-20 21:29:16,580 [INFO] LogOutputStream:77 - [STDOUT_REDIRECT] 1 : Invalid condition id : UX_CORESTACK_Condition cause : null
2024-11-20 21:29:16,581 [INFO] LogOutputStream:77 - [STDOUT_REDIRECT] 1 : Invalid condition id : UX_CORESTACK_Condition cause : null
2024-11-20 21:29:16,581 [INFO] LogOutputStream:77 - [STDOUT_REDIRECT] 1 : Invalid condition id : UX_CORESTACK_Condition cause : null
2024-11-20 21:29:16,585 [WARN] PackLoader:240 - Cannot read IP mode file for STMicroelectronics.X-CUBE-AZRTOS-WL.2.0.0
2024-11-20 21:29:16,590 [WARN] PackLoader:240 - Cannot read IP mode file for STMicroelectronics.FP-SNS-MOTENV1.5.0.0
2024-11-20 21:29:16,594 [WARN] PackLoader:240 - Cannot read IP mode file for wolfSSL.I-CUBE-wolfMQTT.1.19.0
2024-11-20 21:29:16,603 [WARN] PackLoader:240 - Cannot read IP mode file for WES.I-CUBE-Cesium.1.3.0
2024-11-20 21:29:16,609 [WARN] PackLoader:240 - Cannot read IP mode file for STMicroelectronics.X-CUBE-BLE2.3.3.0
2024-11-20 21:29:16,616 [WARN] PackLoader:240 - Cannot read IP mode file for STMicroelectronics.X-CUBE-TCPP.4.1.0
2024-11-20 21:29:16,640 [WARN] PackLoader:240 - Cannot read IP mode file for STMicroelectronics.X-CUBE-AZRTOS-G0.1.1.0
2024-11-20 21:29:16,647 [WARN] PackLoader:240 - Cannot read IP mode file for STMicroelectronics.X-CUBE-SAFEA1.1.2.2
2024-11-20 21:29:16,652 [WARN] PackLoader:240 - Cannot read IP mode file for STMicroelectronics.X-CUBE-NFC4.3.0.0
2024-11-20 21:29:16,665 [WARN] PackLoader:240 - Cannot read IP mode file for EmbeddedOffice.I-CUBE-FS-RTOS.1.0.1
2024-11-20 21:29:16,666 [ERROR] ConditionMgr:805 - Attr not supported : Dmpu
2024-11-20 21:29:16,666 [ERROR] ConditionMgr:805 - Attr not supported : Dmpu
2024-11-20 21:29:16,666 [ERROR] ConditionMgr:805 - Attr not supported : Dmpu
2024-11-20 21:29:16,666 [ERROR] ConditionMgr:805 - Attr not supported : Dmpu
2024-11-20 21:29:16,666 [ERROR] ConditionMgr:805 - Attr not supported : Dmpu
2024-11-20 21:29:16,666 [ERROR] ConditionMgr:805 - Attr not supported : Dmpu
2024-11-20 21:29:16,666 [ERROR] ConditionMgr:805 - Attr not supported : Dmpu
2024-11-20 21:29:16,666 [ERROR] ConditionMgr:805 - Attr not supported : Dmpu
2024-11-20 21:29:16,666 [ERROR] ConditionMgr:805 - Attr not supported : Dmpu
2024-11-20 21:29:16,666 [ERROR] ConditionMgr:805 - Attr not supported : Dmpu
2024-11-20 21:29:16,667 [ERROR] ConditionMgr:805 - Attr not supported : Dmpu
2024-11-20 21:29:16,667 [ERROR] ConditionMgr:805 - Attr not supported : Dmpu
2024-11-20 21:29:16,667 [ERROR] ConditionMgr:805 - Attr not supported : Dmpu
2024-11-20 21:29:16,667 [ERROR] ConditionMgr:805 - Attr not supported : Dmpu
2024-11-20 21:29:16,667 [ERROR] ConditionMgr:805 - Attr not supported : Dmpu
2024-11-20 21:29:16,667 [ERROR] ConditionMgr:805 - Attr not supported : Dmpu
2024-11-20 21:29:16,667 [ERROR] ConditionMgr:805 - Attr not supported : Dmpu
2024-11-20 21:29:16,667 [ERROR] ConditionMgr:805 - Attr not supported : Dmpu
2024-11-20 21:29:16,667 [ERROR] ConditionMgr:805 - Attr not supported : Dmpu
2024-11-20 21:29:16,667 [ERROR] ConditionMgr:805 - Attr not supported : Dmpu
2024-11-20 21:29:16,667 [ERROR] ConditionMgr:805 - Attr not supported : Dmpu
2024-11-20 21:29:16,667 [ERROR] ConditionMgr:805 - Attr not supported : Dmpu
2024-11-20 21:29:16,667 [ERROR] ConditionMgr:805 - Attr not supported : Dmpu
2024-11-20 21:29:16,668 [ERROR] ConditionMgr:805 - Attr not supported : Dmpu
2024-11-20 21:29:16,668 [ERROR] ConditionMgr:805 - Attr not supported : Dmpu
2024-11-20 21:29:16,668 [ERROR] ConditionMgr:805 - Attr not supported : Dmpu
2024-11-20 21:29:16,668 [ERROR] ConditionMgr:805 - Attr not supported : Dmpu
2024-11-20 21:29:16,668 [ERROR] ConditionMgr:805 - Attr not supported : Dmpu
2024-11-20 21:29:16,668 [ERROR] ConditionMgr:805 - Attr not supported : Dmpu
2024-11-20 21:29:16,668 [ERROR] ConditionMgr:805 - Attr not supported : Dmpu
2024-11-20 21:29:16,668 [ERROR] ConditionMgr:805 - Attr not supported : Dmpu
2024-11-20 21:29:16,668 [ERROR] ConditionMgr:805 - Attr not supported : Dmpu
2024-11-20 21:29:16,669 [ERROR] ConditionMgr:805 - Attr not supported : Dmpu
2024-11-20 21:29:16,669 [ERROR] ConditionMgr:805 - Attr not supported : Dmpu
2024-11-20 21:29:16,669 [ERROR] ConditionMgr:805 - Attr not supported : Dmpu
2024-11-20 21:29:16,669 [ERROR] ConditionMgr:805 - Attr not supported : Dmpu
2024-11-20 21:29:16,669 [ERROR] ConditionMgr:805 - Attr not supported : Dmpu
2024-11-20 21:29:16,669 [ERROR] ConditionMgr:805 - Attr not supported : Dmpu
2024-11-20 21:29:16,669 [ERROR] ConditionMgr:805 - Attr not supported : Dmpu
2024-11-20 21:29:16,669 [ERROR] ConditionMgr:805 - Attr not supported : Dmpu
2024-11-20 21:29:16,670 [ERROR] ConditionMgr:805 - Attr not supported : Dmpu
2024-11-20 21:29:16,670 [ERROR] ConditionMgr:805 - Attr not supported : Dmpu
2024-11-20 21:29:16,670 [ERROR] ConditionMgr:805 - Attr not supported : Dmpu
2024-11-20 21:29:16,670 [ERROR] ConditionMgr:805 - Attr not supported : Dmpu
2024-11-20 21:29:16,670 [ERROR] ConditionMgr:805 - Attr not supported : Dmpu
2024-11-20 21:29:16,670 [ERROR] ConditionMgr:805 - Attr not supported : Dmpu
2024-11-20 21:29:16,670 [ERROR] ConditionMgr:805 - Attr not supported : Dmpu
2024-11-20 21:29:16,670 [ERROR] ConditionMgr:805 - Attr not supported : Dmpu
2024-11-20 21:29:16,670 [ERROR] ConditionMgr:805 - Attr not supported : Dmpu
2024-11-20 21:29:16,670 [ERROR] ConditionMgr:805 - Attr not supported : Dmpu
2024-11-20 21:29:16,670 [ERROR] ConditionMgr:805 - Attr not supported : Dmpu
2024-11-20 21:29:16,670 [ERROR] ConditionMgr:805 - Attr not supported : Dmpu
2024-11-20 21:29:16,671 [ERROR] ConditionMgr:805 - Attr not supported : Dmpu
2024-11-20 21:29:16,671 [ERROR] ConditionMgr:805 - Attr not supported : Dmpu
2024-11-20 21:29:16,671 [ERROR] ConditionMgr:805 - Attr not supported : Dmpu
2024-11-20 21:29:16,671 [ERROR] ConditionMgr:805 - Attr not supported : Dmpu
2024-11-20 21:29:16,671 [ERROR] ConditionMgr:805 - Attr not supported : Dmpu
2024-11-20 21:29:16,671 [ERROR] ConditionMgr:805 - Attr not supported : Dmpu
2024-11-20 21:29:16,671 [ERROR] ConditionMgr:805 - Attr not supported : Dmpu
2024-11-20 21:29:16,671 [ERROR] ConditionMgr:805 - Attr not supported : Dmpu
2024-11-20 21:29:16,671 [ERROR] ConditionMgr:805 - Attr not supported : Dmpu
2024-11-20 21:29:16,671 [ERROR] ConditionMgr:805 - Attr not supported : Dmpu
2024-11-20 21:29:16,671 [ERROR] ConditionMgr:805 - Attr not supported : Dmpu
2024-11-20 21:29:16,671 [ERROR] ConditionMgr:805 - Attr not supported : Dmpu
2024-11-20 21:29:16,676 [WARN] PackLoader:240 - Cannot read IP mode file for RealThread.X-CUBE-RT-Thread_Nano.4.1.1
2024-11-20 21:29:16,680 [WARN] PackLoader:240 - Cannot read IP mode file for STMicroelectronics.FP-ATR-SIGFOX1.3.2.0
2024-11-20 21:29:16,683 [WARN] ConditionMgr:438 - getConditionDescription Invalid condition id : Cortex-A Device cause : null
2024-11-20 21:29:16,694 [WARN] ConditionMgr:1039 - genDependencies : Invalid condition id : Cortex-A Device cause : null
2024-11-20 21:29:16,694 [WARN] ConditionMgr:1039 - genDependencies : Invalid condition id : Cortex-A Device cause : null
2024-11-20 21:29:16,694 [WARN] ConditionMgr:1039 - genDependencies : Invalid condition id : Cortex-A Device cause : null
2024-11-20 21:29:16,700 [WARN] PackLoader:240 - Cannot read IP mode file for STMicroelectronics.X-CUBE-EEPRMA1.5.1.0
2024-11-20 21:29:16,705 [WARN] PackLoader:240 - Cannot read IP mode file for wolfSSL.I-CUBE-wolfSSL.5.7.4
2024-11-20 21:29:16,710 [WARN] PackLoader:240 - Cannot read IP mode file for ITTIA_DB.I-CUBE-ITTIADB.8.9.0
2024-11-20 21:29:16,746 [WARN] PackLoader:240 - Cannot read IP mode file for SEGGER.I-CUBE-embOS.1.3.1
2024-11-20 21:29:16,840 [WARN] PackLoader:240 - Cannot read IP mode file for STMicroelectronics.X-CUBE-ALGOBUILD.1.4.0
2024-11-20 21:29:16,874 [WARN] PackLoader:240 - Cannot read IP mode file for STMicroelectronics.X-CUBE-AZRTOS-F4.1.1.0
2024-11-20 21:29:16,884 [WARN] PackLoader:240 - Cannot read IP mode file for STMicroelectronics.X-CUBE-FREERTOS.1.2.0
2024-11-20 21:29:16,908 [WARN] PackLoader:240 - Cannot read IP mode file for STMicroelectronics.X-CUBE-AZRTOS-L5.2.0.0
2024-11-20 21:29:16,921 [WARN] PackLoader:240 - Cannot read IP mode file for STMicroelectronics.X-CUBE-NFC6.3.1.0
2024-11-20 21:29:16,930 [WARN] PackLoader:240 - Cannot read IP mode file for STMicroelectronics.X-CUBE-NFC7.1.0.1
2024-11-20 21:29:16,957 [WARN] ConditionMgr:438 - getConditionDescription Invalid condition id : LAN8742 Phy interface Condition cause : null
2024-11-20 21:29:16,958 [WARN] PackLoader:240 - Cannot read IP mode file for STMicroelectronics.X-CUBE-AZRTOS-L4.2.0.0
2024-11-20 21:29:16,960 [WARN] ConditionMgr:1039 - genDependencies : Invalid condition id : LAN8742 Phy interface Condition cause : null
2024-11-20 21:29:16,961 [WARN] ConditionMgr:1039 - genDependencies : Invalid condition id : LAN8742 Phy interface Condition cause : null
2024-11-20 21:29:16,961 [WARN] ConditionMgr:1039 - genDependencies : Invalid condition id : LAN8742 Phy interface Condition cause : null
2024-11-20 21:29:16,975 [WARN] PackLoader:240 - Cannot read IP mode file for STMicroelectronics.X-CUBE-SFXS2LP1.4.0.0
2024-11-20 21:29:17,008 [WARN] PackLoader:240 - Cannot read IP mode file for STMicroelectronics.X-CUBE-AZRTOS-H7.3.3.0
2024-11-20 21:29:17,030 [WARN] ConditionMgr:438 - getConditionDescription Invalid condition id : UX DEVICE CLASS RTOS Condition cause : null
2024-11-20 21:29:17,030 [WARN] ConditionMgr:438 - getConditionDescription Invalid condition id : UX DEVICE CLASS RTOS Condition cause : null
2024-11-20 21:29:17,034 [WARN] PackLoader:240 - Cannot read IP mode file for STMicroelectronics.X-CUBE-AZRTOS-WB.2.0.0
2024-11-20 21:29:17,035 [WARN] ConditionMgr:1039 - genDependencies : Invalid condition id : UX DEVICE CLASS RTOS Condition cause : null
2024-11-20 21:29:17,035 [WARN] ConditionMgr:1039 - genDependencies : Invalid condition id : UX DEVICE CLASS RTOS Condition cause : null
2024-11-20 21:29:17,035 [WARN] ConditionMgr:1039 - genDependencies : Invalid condition id : UX DEVICE CLASS RTOS Condition cause : null
2024-11-20 21:29:17,036 [WARN] ConditionMgr:1039 - genDependencies : Invalid condition id : UX DEVICE CLASS RTOS Condition cause : null
2024-11-20 21:29:17,036 [WARN] ConditionMgr:1039 - genDependencies : Invalid condition id : UX DEVICE CLASS RTOS Condition cause : null
2024-11-20 21:29:17,050 [WARN] PackLoader:240 - Cannot read IP mode file for STMicroelectronics.X-CUBE-SUBG2.5.0.0
2024-11-20 21:29:17,061 [WARN] PackLoader:240 - Cannot read IP mode file for Cesanta.I-CUBE-Mongoose.7.13.0
2024-11-20 21:29:17,081 [WARN] PackLoader:240 - Cannot read IP mode file for STMicroelectronics.X-CUBE-AZRTOS-G4.2.0.0
2024-11-20 21:29:17,089 [WARN] PackLoader:240 - Cannot read IP mode file for STMicroelectronics.X-CUBE-ALS.1.0.2
2024-11-20 21:29:17,095 [WARN] PackLoader:240 - Cannot read IP mode file for STMicroelectronics.X-CUBE-TOUCHGFX.4.24.1
2024-11-20 21:29:17,098 [WARN] PackLoader:240 - Cannot read IP mode file for wolfSSL.I-CUBE-wolfTPM.3.4.0
2024-11-20 21:29:17,103 [WARN] PackLoader:240 - Cannot read IP mode file for portGmbH.I-Cube-SoM-uGOAL.1.1.0
2024-11-20 21:29:17,122 [WARN] PackLoader:240 - Cannot read IP mode file for STMicroelectronics.X-CUBE-AZRTOS-H7RS.1.0.0
2024-11-20 21:29:17,128 [WARN] PackLoader:240 - Cannot read IP mode file for STMicroelectronics.FP-ATR-ASTRA1.2.0.0
2024-11-20 21:29:17,146 [WARN] PackLoader:240 - Cannot read IP mode file for Infineon.AIROC-Wi-Fi-Bluetooth-STM32.1.6.1
2024-11-20 21:29:17,154 [WARN] PackLoader:240 - Cannot read IP mode file for wolfSSL.I-CUBE-wolfSSH.1.4.17
2024-11-20 21:29:17,155 [INFO] ThirdParty:978 - Integrity check success = true
2024-11-20 21:29:17,155 [INFO] IntegrityCheckThread:100 - exiting critical section [integrity check]
2024-11-20 21:29:17,155 [INFO] IntegrityCheckThread:103 - End integrity checks thread
2024-11-20 21:29:17,387 [INFO] WebApp:448 - Apply proxy settings
2024-11-20 21:29:17,388 [INFO] WebApp:533 - Chromium requires no authentication
2024-11-20 21:29:17,400 [INFO] WebApp:476 - Direct internet connection detected
2024-11-20 21:29:17,429 [INFO] WebApp:869 - Register for checkConnection events
2024-11-20 21:29:17,430 [INFO] WebApp:448 - Apply proxy settings
2024-11-20 21:29:17,430 [INFO] WebApp:533 - Chromium requires no authentication
2024-11-20 21:29:17,431 [INFO] WebApp:476 - Direct internet connection detected
2024-11-20 21:29:17,571 [INFO] WebApp:220 - Starting web application
2024-11-20 21:29:17,571 [INFO] WebApp:578 - Web application path used /opt/st/stm32cubeide_1.16.1/plugins/com.st.stm32cube.common.mx_6.12.1.202409122256/db/plugins/mcufinder/reactClient1/index.html
2024-11-20 21:29:17,662 [INFO] WebApp:186 - Connection restablished
2024-11-20 21:29:17,691 [INFO] UserAuth:417 - Internet connection configuration mode: 1
2024-11-20 21:31:52,519 [INFO] WebApp:189 - Connection lost
2024-11-20 21:31:52,672 [INFO] WebApp:186 - Connection restablished
2024-11-20 21:51:09,332 [INFO] WebApp:189 - Connection lost
2024-11-20 21:51:16,662 [INFO] WebApp:186 - Connection restablished
2024-11-20 21:56:19,819 [INFO] WebApp:189 - Connection lost
2024-11-20 21:56:19,949 [INFO] WebApp:186 - Connection restablished
2024-11-20 21:58:49,420 [INFO] WebApp:189 - Connection lost
2024-11-20 22:24:14,712 [INFO] WebApp:186 - Connection restablished
2024-11-20 22:24:16,595 [INFO] WebApp:189 - Connection lost
2024-11-20 22:24:16,700 [INFO] WebApp:186 - Connection restablished
