2024-12-27 03:23:47,495 [INFO] Activator:176 - 


2024-12-27 03:23:47,498 [INFO] Activator:177 - !SESSION log4j initialized
2024-12-27 03:23:50,849 [INFO] LogOutputStream:77 - [STDOUT_REDIRECT] 
2024-12-27 03:23:51,354 [INFO] ApplicationProperties:184 - Using Application install path: /opt/st/stm32cubeide_1.16.1/plugins/com.st.stm32cube.common.mx_6.12.1.202409122256
2024-12-27 03:23:51,365 [INFO] DbMcusXml:78 - Set database path to: /opt/st/stm32cubeide_1.16.1/plugins/com.st.stm32cube.common.mx_6.12.1.202409122256//db//mcu/
2024-12-27 03:23:51,365 [INFO] ApiDb:274 - Set plugin database path to: /opt/st/stm32cubeide_1.16.1/plugins/com.st.stm32cube.common.mx_6.12.1.202409122256//db//plugins/boardmanager/
2024-12-27 03:23:51,365 [WARN] ApiDb:259 - Overriding images path with different value:  => /opt/st/stm32cubeide_1.16.1/plugins/com.st.stm32cube.common.mx_6.12.1.202409122256//db//plugins/mcufinder/images/
2024-12-27 03:23:51,370 [INFO] ApiDb:250 - Set database path to: /home/kireiji/.stmcufinder/plugins/mcufinder//mcu/
2024-12-27 03:23:51,370 [INFO] DbMcusAds:125 - Set database path to: /home/kireiji/.stmcufinder/plugins/mcufinder//mcu/
2024-12-27 03:23:51,372 [INFO] CrossReferenceDbSqlite:203 - Set database path to: /home/kireiji/.stmcufinder/plugins/mcufinder//mcu/cs/
2024-12-27 03:23:51,434 [INFO] RulesReader:64 - Compatibility file has been processed (297 Rules)
2024-12-27 03:23:51,478 [INFO] DbMcusXml:78 - Set database path to: /opt/st/stm32cubeide_1.16.1/plugins/com.st.stm32cube.common.mx_6.12.1.202409122256//db//mcu/
2024-12-27 03:23:51,479 [INFO] ApiDb:274 - Set plugin database path to: /opt/st/stm32cubeide_1.16.1/plugins/com.st.stm32cube.common.mx_6.12.1.202409122256//db//plugins/boardmanager/
2024-12-27 03:23:51,479 [INFO] ApiDb:261 - Set plugin images path to: /opt/st/stm32cubeide_1.16.1/plugins/com.st.stm32cube.common.mx_6.12.1.202409122256//db//plugins/mcufinder/images/
2024-12-27 03:23:51,479 [WARN] DbFile:41 - Overriding database path with different value: /home/kireiji/.stmcufinder/plugins/mcufinder/ => /home/kireiji/.stmcufinder/plugins/mcufinder
2024-12-27 03:23:51,479 [INFO] ApiDb:250 - Set database path to: /home/kireiji/.stmcufinder/plugins/mcufinder//mcu/
2024-12-27 03:23:51,479 [WARN] DbFile:41 - Overriding database path with different value: /home/kireiji/.stmcufinder/plugins/mcufinder/ => /home/kireiji/.stmcufinder/plugins/mcufinder
2024-12-27 03:23:51,479 [INFO] DbMcusAds:125 - Set database path to: /home/kireiji/.stmcufinder/plugins/mcufinder//mcu/
2024-12-27 03:23:51,479 [WARN] DbFile:41 - Overriding database path with different value: /home/kireiji/.stmcufinder/plugins/mcufinder/ => /home/kireiji/.stmcufinder/plugins/mcufinder
2024-12-27 03:23:51,479 [WARN] DbFile:41 - Overriding database path with different value: /home/kireiji/.stmcufinder/plugins/mcufinder/ => /home/kireiji/.stmcufinder/plugins/mcufinder
2024-12-27 03:23:51,479 [INFO] CrossReferenceDbSqlite:203 - Set database path to: /home/kireiji/.stmcufinder/plugins/mcufinder//mcu/cs/
2024-12-27 03:23:51,525 [INFO] MainPanel:268 - HeapMemory: 268435456
2024-12-27 03:23:51,596 [INFO] DbMcusXml:78 - Set database path to: /opt/st/stm32cubeide_1.16.1/plugins/com.st.stm32cube.common.mx_6.12.1.202409122256//db//mcu/
2024-12-27 03:23:51,596 [INFO] ApiDb:274 - Set plugin database path to: /opt/st/stm32cubeide_1.16.1/plugins/com.st.stm32cube.common.mx_6.12.1.202409122256//db//plugins/boardmanager/
2024-12-27 03:23:51,596 [INFO] ApiDb:261 - Set plugin images path to: /opt/st/stm32cubeide_1.16.1/plugins/com.st.stm32cube.common.mx_6.12.1.202409122256//db//plugins/mcufinder/images/
2024-12-27 03:23:51,597 [WARN] DbFile:41 - Overriding database path with different value: /home/kireiji/.stmcufinder/plugins/mcufinder/ => /home/kireiji/.stmcufinder/plugins/mcufinder
2024-12-27 03:23:51,597 [INFO] ApiDb:250 - Set database path to: /home/kireiji/.stmcufinder/plugins/mcufinder//mcu/
2024-12-27 03:23:51,597 [WARN] DbFile:41 - Overriding database path with different value: /home/kireiji/.stmcufinder/plugins/mcufinder/ => /home/kireiji/.stmcufinder/plugins/mcufinder
2024-12-27 03:23:51,597 [INFO] DbMcusAds:125 - Set database path to: /home/kireiji/.stmcufinder/plugins/mcufinder//mcu/
2024-12-27 03:23:51,597 [WARN] DbFile:41 - Overriding database path with different value: /home/kireiji/.stmcufinder/plugins/mcufinder/ => /home/kireiji/.stmcufinder/plugins/mcufinder
2024-12-27 03:23:51,597 [WARN] DbFile:41 - Overriding database path with different value: /home/kireiji/.stmcufinder/plugins/mcufinder/ => /home/kireiji/.stmcufinder/plugins/mcufinder
2024-12-27 03:23:51,597 [INFO] CrossReferenceDbSqlite:203 - Set database path to: /home/kireiji/.stmcufinder/plugins/mcufinder//mcu/cs/
2024-12-27 03:23:51,606 [INFO] ApplicationProperties:184 - Using Application install path: /opt/st/stm32cubeide_1.16.1/plugins/com.st.stm32cube.common.mx_6.12.1.202409122256
2024-12-27 03:23:51,607 [INFO] PluginManage:196 - Search for loadable plugins [exclusion list=, ]
2024-12-27 03:23:51,608 [INFO] PluginManage:310 - Check plugin analytics
2024-12-27 03:23:51,688 [INFO] AnalyticsPlugin:253 - Accepted Software Licenses: 
2024-12-27 03:23:51,688 [INFO] AnalyticsPlugin:255 - Accepted CMSIS Pack Licenses: 
2024-12-27 03:23:51,688 [INFO] AnalyticsPlugin:257 - Accepted Firmware Licenses: FW.G4.1.6.0,FW.H7.1.11.0
2024-12-27 03:23:51,690 [INFO] PluginManage:359 - Loaded plugin analytics (category:tool,tabindex:-1)
2024-12-27 03:23:51,690 [INFO] PluginManage:310 - Check plugin cadmodel
2024-12-27 03:23:51,693 [INFO] CADModel:105 - Init CAD model plugin
2024-12-27 03:23:51,693 [INFO] PluginManage:359 - Loaded plugin cadmodel (category:power,tabindex:5)
2024-12-27 03:23:51,693 [INFO] PluginManage:310 - Check plugin clock
2024-12-27 03:23:51,699 [INFO] PluginManage:359 - Loaded plugin clock (category:base,tabindex:2)
2024-12-27 03:23:51,699 [INFO] PluginManage:310 - Check plugin ddr
2024-12-27 03:23:51,700 [INFO] PluginManage:359 - Loaded plugin ddr (category:tool,tabindex:6)
2024-12-27 03:23:51,700 [INFO] PluginManage:310 - Check plugin filemanager
2024-12-27 03:23:51,780 [INFO] PluginManage:359 - Loaded plugin filemanager (category:base,tabindex:10)
2024-12-27 03:23:51,780 [INFO] PluginManage:310 - Check plugin ipmanager
2024-12-27 03:23:51,784 [INFO] PluginManage:359 - Loaded plugin ipmanager (category:base,tabindex:5)
2024-12-27 03:23:51,784 [INFO] PluginManage:310 - Check plugin lpbam
2024-12-27 03:23:51,790 [INFO] PluginManage:359 - Loaded plugin lpbam (category:base,tabindex:0)
2024-12-27 03:23:51,790 [INFO] PluginManage:310 - Check plugin memorymap
2024-12-27 03:23:51,797 [INFO] PluginManage:359 - Loaded plugin memorymap (category:base,tabindex:4)
2024-12-27 03:23:51,797 [INFO] PluginManage:310 - Check plugin pinoutandconfiguration
2024-12-27 03:23:51,801 [INFO] PluginManage:359 - Loaded plugin pinoutandconfiguration (category:base,tabindex:1)
2024-12-27 03:23:51,801 [INFO] PluginManage:310 - Check plugin pinoutconfig
2024-12-27 03:23:51,846 [WARN] SupportedApi:132 - Cannot load RTOS API schema: s4s-elt-must-match.1: The content of 'definitions' must match (annotation?, (simpleType | complexType)?, (unique | key | keyref)*)). A problem was found starting at: attribute.
2024-12-27 03:23:51,915 [INFO] PluginManage:359 - Loaded plugin pinoutconfig (category:base,tabindex:0)
2024-12-27 03:23:51,915 [INFO] PluginManage:310 - Check plugin power
2024-12-27 03:23:51,921 [INFO] PluginManage:359 - Loaded plugin power (category:power,tabindex:4)
2024-12-27 03:23:51,921 [INFO] PluginManage:310 - Check plugin projectmanager
2024-12-27 03:23:51,930 [INFO] PluginManage:359 - Loaded plugin projectmanager (category:projectmanager,tabindex:4)
2024-12-27 03:23:51,930 [INFO] PluginManage:310 - Check plugin rif
2024-12-27 03:23:51,934 [INFO] PluginManage:359 - Loaded plugin rif (category:base,tabindex:3)
2024-12-27 03:23:51,934 [INFO] PluginManage:310 - Check plugin thirdparty
2024-12-27 03:23:51,997 [INFO] PluginManage:359 - Loaded plugin thirdparty (category:base,tabindex:-1)
2024-12-27 03:23:51,997 [WARN] IntegrityCheckThread:84 - waiting for thirdparty lock release [integrity check]
2024-12-27 03:23:51,997 [INFO] IntegrityCheckThread:86 - entering critical section [integrity check]
2024-12-27 03:23:51,997 [INFO] PluginManage:310 - Check plugin tools
2024-12-27 03:23:51,998 [INFO] ThirdPartyUpdaterWithRetryManager:70 - Updater plugin not ready yet. [1/15]
2024-12-27 03:23:51,999 [INFO] PluginManage:359 - Loaded plugin tools (category:base,tabindex:7)
2024-12-27 03:23:51,999 [INFO] PluginManage:310 - Check plugin tutovideos
2024-12-27 03:23:52,089 [INFO] PluginManage:359 - Loaded plugin tutovideos (category:base,tabindex:-1)
2024-12-27 03:23:52,090 [INFO] PluginManage:310 - Check plugin updater
2024-12-27 03:23:52,100 [INFO] PluginManage:359 - Loaded plugin updater (category:base,tabindex:12)
2024-12-27 03:23:52,100 [INFO] PluginManage:310 - Check plugin userauth
2024-12-27 03:23:52,103 [INFO] UserAuth:113 - Init User Auth plugin
2024-12-27 03:23:52,103 [INFO] PluginManage:359 - Loaded plugin userauth (category:base,tabindex:14)
2024-12-27 03:23:52,104 [INFO] PluginManage:283 - PluginManage : Loaded plugins [18]
2024-12-27 03:23:52,199 [INFO] PinOutPanel:1561 - setPackage(No Configuration,No Configuration)
2024-12-27 03:23:52,249 [INFO] CADModel:165 - CPN selected for project level
2024-12-27 03:23:52,250 [INFO] CADModel:114 - Register for checkConnection events
2024-12-27 03:23:52,259 [INFO] IPUIPlugin:80 - create IPUIPlugin
2024-12-27 03:23:52,259 [INFO] PluginManager:220 - loadIPPluginJar : add lorawan
2024-12-27 03:23:52,262 [INFO] IPUIPlugin:80 - create IPUIPlugin
2024-12-27 03:23:52,262 [INFO] PluginManager:220 - loadIPPluginJar : add pdm2pcm
2024-12-27 03:23:52,262 [INFO] IPUIPlugin:80 - create IPUIPlugin
2024-12-27 03:23:52,263 [INFO] PluginManager:220 - loadIPPluginJar : add fatfs
2024-12-27 03:23:52,264 [INFO] IPUIPlugin:80 - create IPUIPlugin
2024-12-27 03:23:52,264 [INFO] PluginManager:220 - loadIPPluginJar : add extmemmanager
2024-12-27 03:23:52,265 [INFO] IPUIPlugin:80 - create IPUIPlugin
2024-12-27 03:23:52,265 [INFO] PluginManager:220 - loadIPPluginJar : add gtzc
2024-12-27 03:23:52,278 [INFO] IPUIPlugin:80 - create IPUIPlugin
2024-12-27 03:23:52,278 [INFO] PluginManager:220 - loadIPPluginJar : add freertos
2024-12-27 03:23:52,283 [INFO] IPUIPlugin:80 - create IPUIPlugin
2024-12-27 03:23:52,283 [INFO] PluginManager:220 - loadIPPluginJar : add stm32_wpan
2024-12-27 03:23:52,284 [INFO] IPUIPlugin:80 - create IPUIPlugin
2024-12-27 03:23:52,285 [INFO] PluginManager:220 - loadIPPluginJar : add dma3
2024-12-27 03:23:52,286 [INFO] IPUIPlugin:80 - create IPUIPlugin
2024-12-27 03:23:52,286 [INFO] PluginManager:220 - loadIPPluginJar : add ddr_ctrl_phy
2024-12-27 03:23:52,291 [INFO] IPUIPlugin:80 - create IPUIPlugin
2024-12-27 03:23:52,292 [INFO] PluginManager:220 - loadIPPluginJar : add plateformsettings
2024-12-27 03:23:52,294 [INFO] IPUIPlugin:80 - create IPUIPlugin
2024-12-27 03:23:52,294 [INFO] PluginManager:220 - loadIPPluginJar : add tsc
2024-12-27 03:23:52,296 [INFO] IPUIPlugin:80 - create IPUIPlugin
2024-12-27 03:23:52,296 [INFO] PluginManager:220 - loadIPPluginJar : add aes
2024-12-27 03:23:52,300 [INFO] IPUIPlugin:80 - create IPUIPlugin
2024-12-27 03:23:52,300 [INFO] PluginManager:220 - loadIPPluginJar : add mdma
2024-12-27 03:23:52,302 [INFO] IPUIPlugin:80 - create IPUIPlugin
2024-12-27 03:23:52,302 [INFO] PluginManager:220 - loadIPPluginJar : add nvic
2024-12-27 03:23:52,303 [INFO] IPUIPlugin:80 - create IPUIPlugin
2024-12-27 03:23:52,303 [INFO] PluginManager:220 - loadIPPluginJar : add hash
2024-12-27 03:23:52,304 [INFO] IPUIPlugin:80 - create IPUIPlugin
2024-12-27 03:23:52,304 [INFO] PluginManager:220 - loadIPPluginJar : add ts
2024-12-27 03:23:52,305 [INFO] IPUIPlugin:80 - create IPUIPlugin
2024-12-27 03:23:52,305 [INFO] PluginManager:220 - loadIPPluginJar : add usart
2024-12-27 03:23:52,306 [INFO] IPUIPlugin:80 - create IPUIPlugin
2024-12-27 03:23:52,306 [INFO] PluginManager:220 - loadIPPluginJar : add radio
2024-12-27 03:23:52,310 [INFO] IPUIPlugin:80 - create IPUIPlugin
2024-12-27 03:23:52,310 [INFO] PluginManager:220 - loadIPPluginJar : add linkedlist
2024-12-27 03:23:52,313 [INFO] IPUIPlugin:80 - create IPUIPlugin
2024-12-27 03:23:52,313 [INFO] PluginManager:220 - loadIPPluginJar : add ipddr
2024-12-27 03:23:52,316 [INFO] IPUIPlugin:80 - create IPUIPlugin
2024-12-27 03:23:52,316 [INFO] PluginManager:220 - loadIPPluginJar : add gic
2024-12-27 03:23:52,317 [INFO] IPUIPlugin:80 - create IPUIPlugin
2024-12-27 03:23:52,317 [INFO] PluginManager:220 - loadIPPluginJar : add opamp
2024-12-27 03:23:52,319 [INFO] IPUIPlugin:80 - create IPUIPlugin
2024-12-27 03:23:52,319 [INFO] PluginManager:220 - loadIPPluginJar : add gfxmmu
2024-12-27 03:23:52,320 [INFO] IPUIPlugin:80 - create IPUIPlugin
2024-12-27 03:23:52,320 [INFO] PluginManager:220 - loadIPPluginJar : add ltdc
2024-12-27 03:23:52,321 [INFO] IPUIPlugin:80 - create IPUIPlugin
2024-12-27 03:23:52,321 [INFO] PluginManager:220 - loadIPPluginJar : add sai
2024-12-27 03:23:52,323 [INFO] IPUIPlugin:80 - create IPUIPlugin
2024-12-27 03:23:52,323 [INFO] PluginManager:220 - loadIPPluginJar : add fmc
2024-12-27 03:23:52,324 [INFO] IPUIPlugin:80 - create IPUIPlugin
2024-12-27 03:23:52,324 [INFO] PluginManager:220 - loadIPPluginJar : add tracer_emb
2024-12-27 03:23:52,327 [INFO] IPUIPlugin:80 - create IPUIPlugin
2024-12-27 03:23:52,327 [INFO] PluginManager:220 - loadIPPluginJar : add adc
2024-12-27 03:23:52,328 [INFO] IPUIPlugin:80 - create IPUIPlugin
2024-12-27 03:23:52,328 [INFO] PluginManager:220 - loadIPPluginJar : add dfsdm
2024-12-27 03:23:52,329 [INFO] IPUIPlugin:80 - create IPUIPlugin
2024-12-27 03:23:52,329 [INFO] PluginManager:220 - loadIPPluginJar : add i2s
2024-12-27 03:23:52,332 [INFO] IPUIPlugin:80 - create IPUIPlugin
2024-12-27 03:23:52,332 [INFO] PluginManager:220 - loadIPPluginJar : add dma
2024-12-27 03:23:52,333 [INFO] IPUIPlugin:80 - create IPUIPlugin
2024-12-27 03:23:52,333 [INFO] PluginManager:220 - loadIPPluginJar : add comp
2024-12-27 03:23:52,334 [INFO] IPUIPlugin:80 - create IPUIPlugin
2024-12-27 03:23:52,334 [INFO] PluginManager:220 - loadIPPluginJar : add can
2024-12-27 03:23:52,335 [INFO] IPUIPlugin:80 - create IPUIPlugin
2024-12-27 03:23:52,335 [INFO] PluginManager:220 - loadIPPluginJar : add usbx
2024-12-27 03:23:52,336 [INFO] IPUIPlugin:80 - create IPUIPlugin
2024-12-27 03:23:52,336 [INFO] PluginManager:220 - loadIPPluginJar : add genericplugin
2024-12-27 03:23:52,338 [INFO] IPUIPlugin:80 - create IPUIPlugin
2024-12-27 03:23:52,338 [INFO] PluginManager:220 - loadIPPluginJar : add resmgrutility
2024-12-27 03:23:52,340 [INFO] IPUIPlugin:80 - create IPUIPlugin
2024-12-27 03:23:52,340 [INFO] PluginManager:220 - loadIPPluginJar : add gpio
2024-12-27 03:23:52,341 [INFO] IPUIPlugin:80 - create IPUIPlugin
2024-12-27 03:23:52,341 [INFO] PluginManager:220 - loadIPPluginJar : add spi
2024-12-27 03:23:52,342 [INFO] IPUIPlugin:80 - create IPUIPlugin
2024-12-27 03:23:52,342 [INFO] PluginManager:220 - loadIPPluginJar : add quadspi
2024-12-27 03:23:52,343 [INFO] IPUIPlugin:80 - create IPUIPlugin
2024-12-27 03:23:52,343 [INFO] PluginManager:220 - loadIPPluginJar : add openamp
2024-12-27 03:23:52,344 [INFO] IPUIPlugin:80 - create IPUIPlugin
2024-12-27 03:23:52,344 [INFO] PluginManager:220 - loadIPPluginJar : add i2c
2024-12-27 03:23:52,345 [INFO] IPUIPlugin:80 - create IPUIPlugin
2024-12-27 03:23:52,345 [INFO] PluginManager:220 - loadIPPluginJar : add i3c
2024-12-27 03:23:52,346 [INFO] IPUIPlugin:80 - create IPUIPlugin
2024-12-27 03:23:52,346 [INFO] PluginManager:220 - loadIPPluginJar : add tim
2024-12-27 03:23:52,348 [INFO] IPUIPlugin:80 - create IPUIPlugin
2024-12-27 03:23:52,348 [INFO] PluginManager:220 - loadIPPluginJar : add touchsensing
2024-12-27 03:23:52,348 [INFO] IPUIPlugin:80 - create IPUIPlugin
2024-12-27 03:23:52,348 [INFO] PluginManager:220 - loadIPPluginJar : add ucpd
2024-12-27 03:23:52,349 [INFO] IPUIPlugin:80 - create IPUIPlugin
2024-12-27 03:23:52,350 [INFO] PluginManager:220 - loadIPPluginJar : add cryp
2024-12-27 03:23:52,436 [INFO] CADModel:165 - CPN selected for project level
2024-12-27 03:23:52,436 [INFO] CADModel:114 - Register for checkConnection events
2024-12-27 03:23:52,436 [FATAL] Updater:334 - Updater called before beeing initialized
2024-12-27 03:23:52,436 [ERROR] CADModel:125 - Updater not yet initialized, retry later 
2024-12-27 03:23:52,501 [INFO] CADModel:165 - CPN selected for project level
2024-12-27 03:23:52,501 [INFO] CADModel:114 - Register for checkConnection events
2024-12-27 03:23:52,501 [FATAL] Updater:334 - Updater called before beeing initialized
2024-12-27 03:23:52,501 [ERROR] CADModel:125 - Updater not yet initialized, retry later 
2024-12-27 03:23:52,503 [FATAL] Updater:334 - Updater called before beeing initialized
2024-12-27 03:23:52,546 [FATAL] Updater:334 - Updater called before beeing initialized
2024-12-27 03:23:52,548 [INFO] DbMcusAds:53 - JSON generation date=Tue Dec 17 23:01:15 ICT 2024 (1734451275196)
2024-12-27 03:23:52,549 [FATAL] Updater:334 - Updater called before beeing initialized
2024-12-27 03:23:52,570 [WARN] DetailPanel:346 - Failed to get advertising image, set to default
2024-12-27 03:23:52,617 [FATAL] Updater:334 - Updater called before beeing initialized
2024-12-27 03:23:52,618 [FATAL] Updater:334 - Updater called before beeing initialized
2024-12-27 03:23:52,618 [FATAL] Updater:334 - Updater called before beeing initialized
2024-12-27 03:23:52,618 [WARN] DetailPanel:346 - Failed to get advertising image, set to default
2024-12-27 03:23:52,619 [FATAL] Updater:334 - Updater called before beeing initialized
2024-12-27 03:23:52,637 [ERROR] Updater:1164 - MainUpdater not yet initialized. External WinMGr cannot be set.
2024-12-27 03:23:52,638 [INFO] Updater:1100 - Updater Version found : 6.12.1
2024-12-27 03:23:52,650 [INFO] ApplicationProperties:184 - Using Application install path: /opt/st/stm32cubeide_1.16.1/plugins/com.st.stm32cube.common.mx_6.12.1.202409122256
2024-12-27 03:23:53,644 [INFO] MainUpdater:2873 - connection check result : 10
2024-12-27 03:23:53,644 [INFO] MainUpdater:3567 - Updater definition file requires update
2024-12-27 03:23:53,644 [INFO] MainUpdater:290 - Updater Check For Update Now.
2024-12-27 03:23:53,644 [INFO] MicroXplorer:498 - Change Database Version : DB.6.0.121
2024-12-27 03:23:53,656 [INFO] McuFinderGlobals:63 - Set McuFinder mode to 2 (CubeIDE integrated)
2024-12-27 03:23:53,657 [INFO] UserAuth:417 - Internet connection configuration mode: 1
2024-12-27 03:23:53,665 [INFO] JxBrowserEngine:152 - Initiate JxBrowser Engine with user profile folder
2024-12-27 03:23:53,731 [INFO] ServerAccessManage:473 - Download File updaters.zip
2024-12-27 03:23:53,785 [INFO] FileExtend:240 - Unzip File : updaters.zip
2024-12-27 03:23:53,785 [INFO] FileExtend:255 - Standard Zip Deflate
2024-12-27 03:23:53,893 [INFO] ServerAccessManage:473 - Download File PacksControlFlags.xml
2024-12-27 03:23:54,012 [INFO] ServerAccessManage:473 - Download File cubemx.pidx
2024-12-27 03:23:54,064 [INFO] LoadServerUpdatesThread:375 - End of LoadServerUpdate Thread
2024-12-27 03:23:54,195 [INFO] CheckServerUpdateThread:120 - End of CheckServer Thread
2024-12-27 03:23:54,239 [INFO] WebApp:167 - Instantiating new browser for Auth
2024-12-27 03:23:54,711 [INFO] WebApp:448 - Apply proxy settings
2024-12-27 03:23:54,711 [INFO] WebApp:533 - Chromium requires no authentication
2024-12-27 03:23:54,716 [INFO] WebApp:476 - Direct internet connection detected
2024-12-27 03:23:54,727 [INFO] WebApp:869 - Register for checkConnection events
2024-12-27 03:23:54,727 [INFO] WebApp:448 - Apply proxy settings
2024-12-27 03:23:54,727 [INFO] WebApp:533 - Chromium requires no authentication
2024-12-27 03:23:54,728 [INFO] WebApp:476 - Direct internet connection detected
2024-12-27 03:23:54,802 [INFO] WebApp:220 - Starting web application
2024-12-27 03:23:54,802 [INFO] WebApp:578 - Web application path used /opt/st/stm32cubeide_1.16.1/plugins/com.st.stm32cube.common.mx_6.12.1.202409122256/db/plugins/mcufinder/reactClient1/index.html
2024-12-27 03:23:54,929 [INFO] WebApp:186 - Connection restablished
2024-12-27 03:23:55,063 [WARN] PackLoader:240 - Cannot read IP mode file for STMicroelectronics.FP-SNS-MOTENVWB1.1.4.0
2024-12-27 03:23:55,067 [WARN] PackLoader:240 - Cannot read IP mode file for STMicroelectronics.FP-ATR-ASTRA1.2.0.1
2024-12-27 03:23:55,070 [WARN] PackLoader:240 - Cannot read IP mode file for STMicroelectronics.X-CUBE-SMBUS.2.1.0
2024-12-27 03:23:55,074 [WARN] PackLoader:240 - Cannot read IP mode file for STMicroelectronics.X-CUBE-WB05N.1.1.0
2024-12-27 03:23:55,089 [WARN] PackLoader:240 - Cannot read IP mode file for STMicroelectronics.X-CUBE-AZRTOS-F7.1.1.0
2024-12-27 03:23:55,128 [WARN] PackLoader:240 - Cannot read IP mode file for STMicroelectronics.X-CUBE-MEMS1.11.0.0
2024-12-27 03:23:55,236 [WARN] PackLoader:240 - Cannot read IP mode file for STMicroelectronics.FP-SNS-FLIGHT1.5.0.2
2024-12-27 03:23:55,241 [WARN] PackLoader:240 - Cannot read IP mode file for STMicroelectronics.X-CUBE-DISPLAY.3.0.0
2024-12-27 03:23:55,247 [WARN] PackLoader:240 - Cannot read IP mode file for STMicroelectronics.X-CUBE-BLE1.7.0.0
2024-12-27 03:23:55,253 [WARN] PackLoader:240 - Cannot read IP mode file for STMicroelectronics.X-CUBE-BLEMGR.4.0.0
2024-12-27 03:23:55,260 [WARN] PackLoader:240 - Cannot read IP mode file for emotas.I-CUBE-CANOPEN.1.3.0
2024-12-27 03:23:55,266 [WARN] PackLoader:240 - Cannot read IP mode file for STMicroelectronics.X-CUBE-BLEMGR.3.1.0
2024-12-27 03:23:55,270 [WARN] PackLoader:240 - Cannot read IP mode file for STMicroelectronics.FP-SNS-SMARTAG2.1.2.0
2024-12-27 03:23:55,305 [WARN] PackLoader:240 - Cannot read IP mode file for STMicroelectronics.X-CUBE-MEMS1.11.1.0
2024-12-27 03:23:55,408 [INFO] LogOutputStream:77 - [STDOUT_REDIRECT] 1 : Invalid condition id : UX_CORESTACK_Condition cause : null
2024-12-27 03:23:55,408 [INFO] LogOutputStream:77 - [STDOUT_REDIRECT] 1 : Invalid condition id : UX_CORESTACK_Condition cause : null
2024-12-27 03:23:55,409 [INFO] LogOutputStream:77 - [STDOUT_REDIRECT] 1 : Invalid condition id : UX_CORESTACK_Condition cause : null
2024-12-27 03:23:55,409 [INFO] LogOutputStream:77 - [STDOUT_REDIRECT] 1 : Invalid condition id : UX_CORESTACK_Condition cause : null
2024-12-27 03:23:55,409 [INFO] LogOutputStream:77 - [STDOUT_REDIRECT] 1 : Invalid condition id : UX_CORESTACK_Condition cause : null
2024-12-27 03:23:55,411 [WARN] PackLoader:240 - Cannot read IP mode file for STMicroelectronics.X-CUBE-AZRTOS-WL.2.0.0
2024-12-27 03:23:55,413 [WARN] PackLoader:240 - Cannot read IP mode file for STMicroelectronics.FP-SNS-MOTENV1.5.0.0
2024-12-27 03:23:55,415 [WARN] PackLoader:240 - Cannot read IP mode file for wolfSSL.I-CUBE-wolfMQTT.1.19.0
2024-12-27 03:23:55,419 [WARN] PackLoader:240 - Cannot read IP mode file for WES.I-CUBE-Cesium.1.3.0
2024-12-27 03:23:55,421 [WARN] PackLoader:240 - Cannot read IP mode file for STMicroelectronics.X-CUBE-BLE2.3.3.0
2024-12-27 03:23:55,424 [WARN] PackLoader:240 - Cannot read IP mode file for STMicroelectronics.X-CUBE-TCPP.4.1.0
2024-12-27 03:23:55,433 [WARN] PackLoader:240 - Cannot read IP mode file for STMicroelectronics.X-CUBE-AZRTOS-G0.1.1.0
2024-12-27 03:23:55,438 [WARN] PackLoader:240 - Cannot read IP mode file for STMicroelectronics.X-CUBE-SAFEA1.1.2.2
2024-12-27 03:23:55,441 [WARN] PackLoader:240 - Cannot read IP mode file for STMicroelectronics.X-CUBE-NFC4.3.0.0
2024-12-27 03:23:55,447 [WARN] PackLoader:240 - Cannot read IP mode file for EmbeddedOffice.I-CUBE-FS-RTOS.1.0.1
2024-12-27 03:23:55,447 [ERROR] ConditionMgr:805 - Attr not supported : Dmpu
2024-12-27 03:23:55,447 [ERROR] ConditionMgr:805 - Attr not supported : Dmpu
2024-12-27 03:23:55,447 [ERROR] ConditionMgr:805 - Attr not supported : Dmpu
2024-12-27 03:23:55,447 [ERROR] ConditionMgr:805 - Attr not supported : Dmpu
2024-12-27 03:23:55,448 [ERROR] ConditionMgr:805 - Attr not supported : Dmpu
2024-12-27 03:23:55,448 [ERROR] ConditionMgr:805 - Attr not supported : Dmpu
2024-12-27 03:23:55,448 [ERROR] ConditionMgr:805 - Attr not supported : Dmpu
2024-12-27 03:23:55,448 [ERROR] ConditionMgr:805 - Attr not supported : Dmpu
2024-12-27 03:23:55,448 [ERROR] ConditionMgr:805 - Attr not supported : Dmpu
2024-12-27 03:23:55,448 [ERROR] ConditionMgr:805 - Attr not supported : Dmpu
2024-12-27 03:23:55,448 [ERROR] ConditionMgr:805 - Attr not supported : Dmpu
2024-12-27 03:23:55,448 [ERROR] ConditionMgr:805 - Attr not supported : Dmpu
2024-12-27 03:23:55,448 [ERROR] ConditionMgr:805 - Attr not supported : Dmpu
2024-12-27 03:23:55,448 [ERROR] ConditionMgr:805 - Attr not supported : Dmpu
2024-12-27 03:23:55,448 [ERROR] ConditionMgr:805 - Attr not supported : Dmpu
2024-12-27 03:23:55,448 [ERROR] ConditionMgr:805 - Attr not supported : Dmpu
2024-12-27 03:23:55,448 [ERROR] ConditionMgr:805 - Attr not supported : Dmpu
2024-12-27 03:23:55,448 [ERROR] ConditionMgr:805 - Attr not supported : Dmpu
2024-12-27 03:23:55,448 [ERROR] ConditionMgr:805 - Attr not supported : Dmpu
2024-12-27 03:23:55,448 [ERROR] ConditionMgr:805 - Attr not supported : Dmpu
2024-12-27 03:23:55,448 [ERROR] ConditionMgr:805 - Attr not supported : Dmpu
2024-12-27 03:23:55,448 [ERROR] ConditionMgr:805 - Attr not supported : Dmpu
2024-12-27 03:23:55,448 [ERROR] ConditionMgr:805 - Attr not supported : Dmpu
2024-12-27 03:23:55,448 [ERROR] ConditionMgr:805 - Attr not supported : Dmpu
2024-12-27 03:23:55,448 [ERROR] ConditionMgr:805 - Attr not supported : Dmpu
2024-12-27 03:23:55,448 [ERROR] ConditionMgr:805 - Attr not supported : Dmpu
2024-12-27 03:23:55,448 [ERROR] ConditionMgr:805 - Attr not supported : Dmpu
2024-12-27 03:23:55,448 [ERROR] ConditionMgr:805 - Attr not supported : Dmpu
2024-12-27 03:23:55,448 [ERROR] ConditionMgr:805 - Attr not supported : Dmpu
2024-12-27 03:23:55,448 [ERROR] ConditionMgr:805 - Attr not supported : Dmpu
2024-12-27 03:23:55,448 [ERROR] ConditionMgr:805 - Attr not supported : Dmpu
2024-12-27 03:23:55,448 [ERROR] ConditionMgr:805 - Attr not supported : Dmpu
2024-12-27 03:23:55,449 [ERROR] ConditionMgr:805 - Attr not supported : Dmpu
2024-12-27 03:23:55,449 [ERROR] ConditionMgr:805 - Attr not supported : Dmpu
2024-12-27 03:23:55,449 [ERROR] ConditionMgr:805 - Attr not supported : Dmpu
2024-12-27 03:23:55,449 [ERROR] ConditionMgr:805 - Attr not supported : Dmpu
2024-12-27 03:23:55,449 [ERROR] ConditionMgr:805 - Attr not supported : Dmpu
2024-12-27 03:23:55,449 [ERROR] ConditionMgr:805 - Attr not supported : Dmpu
2024-12-27 03:23:55,449 [ERROR] ConditionMgr:805 - Attr not supported : Dmpu
2024-12-27 03:23:55,449 [ERROR] ConditionMgr:805 - Attr not supported : Dmpu
2024-12-27 03:23:55,449 [ERROR] ConditionMgr:805 - Attr not supported : Dmpu
2024-12-27 03:23:55,449 [ERROR] ConditionMgr:805 - Attr not supported : Dmpu
2024-12-27 03:23:55,449 [ERROR] ConditionMgr:805 - Attr not supported : Dmpu
2024-12-27 03:23:55,449 [ERROR] ConditionMgr:805 - Attr not supported : Dmpu
2024-12-27 03:23:55,449 [ERROR] ConditionMgr:805 - Attr not supported : Dmpu
2024-12-27 03:23:55,449 [ERROR] ConditionMgr:805 - Attr not supported : Dmpu
2024-12-27 03:23:55,449 [ERROR] ConditionMgr:805 - Attr not supported : Dmpu
2024-12-27 03:23:55,449 [ERROR] ConditionMgr:805 - Attr not supported : Dmpu
2024-12-27 03:23:55,449 [ERROR] ConditionMgr:805 - Attr not supported : Dmpu
2024-12-27 03:23:55,449 [ERROR] ConditionMgr:805 - Attr not supported : Dmpu
2024-12-27 03:23:55,449 [ERROR] ConditionMgr:805 - Attr not supported : Dmpu
2024-12-27 03:23:55,449 [ERROR] ConditionMgr:805 - Attr not supported : Dmpu
2024-12-27 03:23:55,449 [ERROR] ConditionMgr:805 - Attr not supported : Dmpu
2024-12-27 03:23:55,449 [ERROR] ConditionMgr:805 - Attr not supported : Dmpu
2024-12-27 03:23:55,449 [ERROR] ConditionMgr:805 - Attr not supported : Dmpu
2024-12-27 03:23:55,449 [ERROR] ConditionMgr:805 - Attr not supported : Dmpu
2024-12-27 03:23:55,449 [ERROR] ConditionMgr:805 - Attr not supported : Dmpu
2024-12-27 03:23:55,449 [ERROR] ConditionMgr:805 - Attr not supported : Dmpu
2024-12-27 03:23:55,449 [ERROR] ConditionMgr:805 - Attr not supported : Dmpu
2024-12-27 03:23:55,449 [ERROR] ConditionMgr:805 - Attr not supported : Dmpu
2024-12-27 03:23:55,449 [ERROR] ConditionMgr:805 - Attr not supported : Dmpu
2024-12-27 03:23:55,449 [ERROR] ConditionMgr:805 - Attr not supported : Dmpu
2024-12-27 03:23:55,449 [ERROR] ConditionMgr:805 - Attr not supported : Dmpu
2024-12-27 03:23:55,449 [ERROR] ConditionMgr:805 - Attr not supported : Dmpu
2024-12-27 03:23:55,453 [ERROR] Engine:466 - /home/kireiji/.stm32cubemx/thirdparties/pdsc/STMicroelectronics.X-CUBE-TCPP.4.2.0.pdsc: PDSC version is not supported
2024-12-27 03:23:55,455 [WARN] PackLoader:240 - Cannot read IP mode file for RealThread.X-CUBE-RT-Thread_Nano.4.1.1
2024-12-27 03:23:55,457 [WARN] PackLoader:240 - Cannot read IP mode file for STMicroelectronics.FP-ATR-SIGFOX1.3.2.0
2024-12-27 03:23:55,459 [WARN] ConditionMgr:438 - getConditionDescription Invalid condition id : Cortex-A Device cause : null
2024-12-27 03:23:55,465 [WARN] ConditionMgr:1039 - genDependencies : Invalid condition id : Cortex-A Device cause : null
2024-12-27 03:23:55,465 [WARN] ConditionMgr:1039 - genDependencies : Invalid condition id : Cortex-A Device cause : null
2024-12-27 03:23:55,465 [WARN] ConditionMgr:1039 - genDependencies : Invalid condition id : Cortex-A Device cause : null
2024-12-27 03:23:55,468 [WARN] PackLoader:240 - Cannot read IP mode file for STMicroelectronics.X-CUBE-EEPRMA1.5.1.0
2024-12-27 03:23:55,472 [WARN] PackLoader:240 - Cannot read IP mode file for wolfSSL.I-CUBE-wolfSSL.5.7.4
2024-12-27 03:23:55,475 [WARN] PackLoader:240 - Cannot read IP mode file for ITTIA_DB.I-CUBE-ITTIADB.8.9.0
2024-12-27 03:23:55,490 [WARN] PackLoader:240 - Cannot read IP mode file for SEGGER.I-CUBE-embOS.1.3.1
2024-12-27 03:23:55,518 [WARN] PackLoader:240 - Cannot read IP mode file for STMicroelectronics.X-CUBE-ALGOBUILD.1.4.0
2024-12-27 03:23:55,536 [WARN] PackLoader:240 - Cannot read IP mode file for STMicroelectronics.X-CUBE-AZRTOS-F4.1.1.0
2024-12-27 03:23:55,542 [WARN] PackLoader:240 - Cannot read IP mode file for STMicroelectronics.X-CUBE-FREERTOS.1.2.0
2024-12-27 03:23:55,556 [WARN] PackLoader:240 - Cannot read IP mode file for STMicroelectronics.X-CUBE-AZRTOS-L5.2.0.0
2024-12-27 03:23:55,564 [WARN] PackLoader:240 - Cannot read IP mode file for STMicroelectronics.X-CUBE-NFC6.3.1.0
2024-12-27 03:23:55,571 [WARN] PackLoader:240 - Cannot read IP mode file for STMicroelectronics.X-CUBE-FREERTOS.1.3.0
2024-12-27 03:23:55,575 [WARN] PackLoader:240 - Cannot read IP mode file for STMicroelectronics.X-CUBE-NFC7.1.0.1
2024-12-27 03:23:55,592 [INFO] UserAuth:417 - Internet connection configuration mode: 1
2024-12-27 03:23:55,592 [WARN] ConditionMgr:438 - getConditionDescription Invalid condition id : LAN8742 Phy interface Condition cause : null
2024-12-27 03:23:55,593 [WARN] PackLoader:240 - Cannot read IP mode file for STMicroelectronics.X-CUBE-AZRTOS-L4.2.0.0
2024-12-27 03:23:55,594 [WARN] ConditionMgr:1039 - genDependencies : Invalid condition id : LAN8742 Phy interface Condition cause : null
2024-12-27 03:23:55,594 [WARN] ConditionMgr:1039 - genDependencies : Invalid condition id : LAN8742 Phy interface Condition cause : null
2024-12-27 03:23:55,594 [WARN] ConditionMgr:1039 - genDependencies : Invalid condition id : LAN8742 Phy interface Condition cause : null
2024-12-27 03:23:55,603 [WARN] PackLoader:240 - Cannot read IP mode file for STMicroelectronics.X-CUBE-SFXS2LP1.4.0.0
2024-12-27 03:23:55,623 [WARN] PackLoader:240 - Cannot read IP mode file for STMicroelectronics.X-CUBE-AZRTOS-H7.3.3.0
2024-12-27 03:23:55,637 [WARN] ConditionMgr:438 - getConditionDescription Invalid condition id : UX DEVICE CLASS RTOS Condition cause : null
2024-12-27 03:23:55,637 [WARN] ConditionMgr:438 - getConditionDescription Invalid condition id : UX DEVICE CLASS RTOS Condition cause : null
2024-12-27 03:23:55,639 [WARN] PackLoader:240 - Cannot read IP mode file for STMicroelectronics.X-CUBE-AZRTOS-WB.2.0.0
2024-12-27 03:23:55,640 [WARN] ConditionMgr:1039 - genDependencies : Invalid condition id : UX DEVICE CLASS RTOS Condition cause : null
2024-12-27 03:23:55,640 [WARN] ConditionMgr:1039 - genDependencies : Invalid condition id : UX DEVICE CLASS RTOS Condition cause : null
2024-12-27 03:23:55,640 [WARN] ConditionMgr:1039 - genDependencies : Invalid condition id : UX DEVICE CLASS RTOS Condition cause : null
2024-12-27 03:23:55,641 [WARN] ConditionMgr:1039 - genDependencies : Invalid condition id : UX DEVICE CLASS RTOS Condition cause : null
2024-12-27 03:23:55,641 [WARN] ConditionMgr:1039 - genDependencies : Invalid condition id : UX DEVICE CLASS RTOS Condition cause : null
2024-12-27 03:23:55,646 [WARN] PackLoader:240 - Cannot read IP mode file for STMicroelectronics.X-CUBE-GNSS1.7.0.0
2024-12-27 03:23:55,652 [WARN] PackLoader:240 - Cannot read IP mode file for STMicroelectronics.X-CUBE-GNSS1.7.0.1
2024-12-27 03:23:55,662 [WARN] PackLoader:240 - Cannot read IP mode file for STMicroelectronics.X-CUBE-SUBG2.5.0.0
2024-12-27 03:23:55,672 [WARN] PackLoader:240 - Cannot read IP mode file for Cesanta.I-CUBE-Mongoose.7.13.0
2024-12-27 03:23:55,684 [WARN] PackLoader:240 - Cannot read IP mode file for STMicroelectronics.X-CUBE-AZRTOS-G4.2.0.0
2024-12-27 03:23:55,692 [WARN] PackLoader:240 - Cannot read IP mode file for STMicroelectronics.X-CUBE-ALS.1.0.2
2024-12-27 03:23:55,700 [WARN] PackLoader:240 - Cannot read IP mode file for STMicroelectronics.X-CUBE-TOUCHGFX.4.24.1
2024-12-27 03:23:55,705 [WARN] PackLoader:240 - Cannot read IP mode file for wolfSSL.I-CUBE-wolfTPM.3.4.0
2024-12-27 03:23:55,710 [WARN] PackLoader:240 - Cannot read IP mode file for portGmbH.I-Cube-SoM-uGOAL.1.1.0
2024-12-27 03:23:55,724 [WARN] PackLoader:240 - Cannot read IP mode file for STMicroelectronics.X-CUBE-AZRTOS-H7RS.1.0.0
2024-12-27 03:23:55,731 [WARN] PackLoader:240 - Cannot read IP mode file for STMicroelectronics.FP-ATR-ASTRA1.2.0.0
2024-12-27 03:23:55,745 [WARN] PackLoader:240 - Cannot read IP mode file for Infineon.AIROC-Wi-Fi-Bluetooth-STM32.1.6.1
2024-12-27 03:23:55,751 [WARN] PackLoader:240 - Cannot read IP mode file for wolfSSL.I-CUBE-wolfSSH.1.4.17
2024-12-27 03:23:55,752 [INFO] ThirdParty:978 - Integrity check success = true
2024-12-27 03:23:55,752 [INFO] IntegrityCheckThread:100 - exiting critical section [integrity check]
2024-12-27 03:23:55,752 [INFO] IntegrityCheckThread:103 - End integrity checks thread
2024-12-27 03:40:06,203 [INFO] WebApp:189 - Connection lost
2024-12-27 03:40:06,328 [INFO] WebApp:186 - Connection restablished
2024-12-27 03:41:00,396 [INFO] WebApp:189 - Connection lost
2024-12-27 03:41:00,503 [INFO] WebApp:186 - Connection restablished
2024-12-27 03:42:49,757 [INFO] WebApp:189 - Connection lost
2024-12-27 03:42:49,875 [INFO] WebApp:186 - Connection restablished
2024-12-27 03:47:50,842 [INFO] WebApp:189 - Connection lost
2024-12-27 03:47:50,941 [INFO] WebApp:186 - Connection restablished
2024-12-27 03:49:45,693 [INFO] WebApp:189 - Connection lost
2024-12-27 03:49:45,782 [INFO] WebApp:186 - Connection restablished
2024-12-27 03:52:11,555 [INFO] WebApp:189 - Connection lost
2024-12-27 03:52:11,654 [INFO] WebApp:186 - Connection restablished
2024-12-27 03:53:37,875 [INFO] WebApp:189 - Connection lost
2024-12-27 03:53:37,972 [INFO] WebApp:186 - Connection restablished
2024-12-27 04:00:42,122 [INFO] WebApp:189 - Connection lost
2024-12-27 04:00:42,235 [INFO] WebApp:186 - Connection restablished
2024-12-27 04:02:28,619 [INFO] WebApp:189 - Connection lost
2024-12-27 04:02:28,728 [INFO] WebApp:186 - Connection restablished
2024-12-27 04:05:13,025 [INFO] WebApp:189 - Connection lost
2024-12-27 04:05:13,132 [INFO] WebApp:186 - Connection restablished
2024-12-27 04:13:12,271 [INFO] WebApp:189 - Connection lost
2024-12-27 04:16:51,347 [INFO] WebApp:186 - Connection restablished
2024-12-27 04:16:53,242 [INFO] WebApp:189 - Connection lost
2024-12-27 04:16:53,350 [INFO] WebApp:186 - Connection restablished
2024-12-27 04:17:17,272 [INFO] WebApp:189 - Connection lost
2024-12-27 04:17:17,380 [INFO] WebApp:186 - Connection restablished
2024-12-27 04:21:40,844 [ERROR] LogOutputStream:75 - [STDERR_REDIRECT] 
2024-12-27 16:05:31,511 [INFO] Activator:176 - 


2024-12-27 16:05:31,513 [INFO] Activator:177 - !SESSION log4j initialized
2024-12-27 16:05:35,475 [INFO] LogOutputStream:77 - [STDOUT_REDIRECT] 
2024-12-27 16:05:41,950 [INFO] ApplicationProperties:184 - Using Application install path: /opt/st/stm32cubeide_1.16.1/plugins/com.st.stm32cube.common.mx_6.12.1.202409122256
2024-12-27 16:05:41,962 [INFO] DbMcusXml:78 - Set database path to: /opt/st/stm32cubeide_1.16.1/plugins/com.st.stm32cube.common.mx_6.12.1.202409122256//db//mcu/
2024-12-27 16:05:41,963 [INFO] ApiDb:274 - Set plugin database path to: /opt/st/stm32cubeide_1.16.1/plugins/com.st.stm32cube.common.mx_6.12.1.202409122256//db//plugins/boardmanager/
2024-12-27 16:05:41,963 [WARN] ApiDb:259 - Overriding images path with different value:  => /opt/st/stm32cubeide_1.16.1/plugins/com.st.stm32cube.common.mx_6.12.1.202409122256//db//plugins/mcufinder/images/
2024-12-27 16:05:41,968 [INFO] ApiDb:250 - Set database path to: /home/kireiji/.stmcufinder/plugins/mcufinder//mcu/
2024-12-27 16:05:41,969 [INFO] DbMcusAds:125 - Set database path to: /home/kireiji/.stmcufinder/plugins/mcufinder//mcu/
2024-12-27 16:05:41,971 [INFO] CrossReferenceDbSqlite:203 - Set database path to: /home/kireiji/.stmcufinder/plugins/mcufinder//mcu/cs/
2024-12-27 16:05:42,037 [INFO] RulesReader:64 - Compatibility file has been processed (297 Rules)
2024-12-27 16:05:42,081 [INFO] DbMcusXml:78 - Set database path to: /opt/st/stm32cubeide_1.16.1/plugins/com.st.stm32cube.common.mx_6.12.1.202409122256//db//mcu/
2024-12-27 16:05:42,081 [INFO] ApiDb:274 - Set plugin database path to: /opt/st/stm32cubeide_1.16.1/plugins/com.st.stm32cube.common.mx_6.12.1.202409122256//db//plugins/boardmanager/
2024-12-27 16:05:42,081 [INFO] ApiDb:261 - Set plugin images path to: /opt/st/stm32cubeide_1.16.1/plugins/com.st.stm32cube.common.mx_6.12.1.202409122256//db//plugins/mcufinder/images/
2024-12-27 16:05:42,081 [WARN] DbFile:41 - Overriding database path with different value: /home/kireiji/.stmcufinder/plugins/mcufinder/ => /home/kireiji/.stmcufinder/plugins/mcufinder
2024-12-27 16:05:42,081 [INFO] ApiDb:250 - Set database path to: /home/kireiji/.stmcufinder/plugins/mcufinder//mcu/
2024-12-27 16:05:42,081 [WARN] DbFile:41 - Overriding database path with different value: /home/kireiji/.stmcufinder/plugins/mcufinder/ => /home/kireiji/.stmcufinder/plugins/mcufinder
2024-12-27 16:05:42,081 [INFO] DbMcusAds:125 - Set database path to: /home/kireiji/.stmcufinder/plugins/mcufinder//mcu/
2024-12-27 16:05:42,082 [WARN] DbFile:41 - Overriding database path with different value: /home/kireiji/.stmcufinder/plugins/mcufinder/ => /home/kireiji/.stmcufinder/plugins/mcufinder
2024-12-27 16:05:42,082 [WARN] DbFile:41 - Overriding database path with different value: /home/kireiji/.stmcufinder/plugins/mcufinder/ => /home/kireiji/.stmcufinder/plugins/mcufinder
2024-12-27 16:05:42,082 [INFO] CrossReferenceDbSqlite:203 - Set database path to: /home/kireiji/.stmcufinder/plugins/mcufinder//mcu/cs/
2024-12-27 16:05:42,132 [INFO] MainPanel:268 - HeapMemory: 268435456
2024-12-27 16:05:42,222 [INFO] DbMcusXml:78 - Set database path to: /opt/st/stm32cubeide_1.16.1/plugins/com.st.stm32cube.common.mx_6.12.1.202409122256//db//mcu/
2024-12-27 16:05:42,222 [INFO] ApiDb:274 - Set plugin database path to: /opt/st/stm32cubeide_1.16.1/plugins/com.st.stm32cube.common.mx_6.12.1.202409122256//db//plugins/boardmanager/
2024-12-27 16:05:42,222 [INFO] ApiDb:261 - Set plugin images path to: /opt/st/stm32cubeide_1.16.1/plugins/com.st.stm32cube.common.mx_6.12.1.202409122256//db//plugins/mcufinder/images/
2024-12-27 16:05:42,222 [WARN] DbFile:41 - Overriding database path with different value: /home/kireiji/.stmcufinder/plugins/mcufinder/ => /home/kireiji/.stmcufinder/plugins/mcufinder
2024-12-27 16:05:42,222 [INFO] ApiDb:250 - Set database path to: /home/kireiji/.stmcufinder/plugins/mcufinder//mcu/
2024-12-27 16:05:42,222 [WARN] DbFile:41 - Overriding database path with different value: /home/kireiji/.stmcufinder/plugins/mcufinder/ => /home/kireiji/.stmcufinder/plugins/mcufinder
2024-12-27 16:05:42,222 [INFO] DbMcusAds:125 - Set database path to: /home/kireiji/.stmcufinder/plugins/mcufinder//mcu/
2024-12-27 16:05:42,223 [WARN] DbFile:41 - Overriding database path with different value: /home/kireiji/.stmcufinder/plugins/mcufinder/ => /home/kireiji/.stmcufinder/plugins/mcufinder
2024-12-27 16:05:42,223 [WARN] DbFile:41 - Overriding database path with different value: /home/kireiji/.stmcufinder/plugins/mcufinder/ => /home/kireiji/.stmcufinder/plugins/mcufinder
2024-12-27 16:05:42,223 [INFO] CrossReferenceDbSqlite:203 - Set database path to: /home/kireiji/.stmcufinder/plugins/mcufinder//mcu/cs/
2024-12-27 16:05:42,234 [INFO] ApplicationProperties:184 - Using Application install path: /opt/st/stm32cubeide_1.16.1/plugins/com.st.stm32cube.common.mx_6.12.1.202409122256
2024-12-27 16:05:42,235 [INFO] PluginManage:196 - Search for loadable plugins [exclusion list=, ]
2024-12-27 16:05:42,236 [INFO] PluginManage:310 - Check plugin analytics
2024-12-27 16:05:42,331 [INFO] AnalyticsPlugin:253 - Accepted Software Licenses: 
2024-12-27 16:05:42,331 [INFO] AnalyticsPlugin:255 - Accepted CMSIS Pack Licenses: 
2024-12-27 16:05:42,332 [INFO] AnalyticsPlugin:257 - Accepted Firmware Licenses: FW.G4.1.6.0,FW.H7.1.11.0
2024-12-27 16:05:42,333 [INFO] PluginManage:359 - Loaded plugin analytics (category:tool,tabindex:-1)
2024-12-27 16:05:42,334 [INFO] PluginManage:310 - Check plugin cadmodel
2024-12-27 16:05:42,339 [INFO] CADModel:105 - Init CAD model plugin
2024-12-27 16:05:42,339 [INFO] PluginManage:359 - Loaded plugin cadmodel (category:power,tabindex:5)
2024-12-27 16:05:42,339 [INFO] PluginManage:310 - Check plugin clock
2024-12-27 16:05:42,348 [INFO] PluginManage:359 - Loaded plugin clock (category:base,tabindex:2)
2024-12-27 16:05:42,348 [INFO] PluginManage:310 - Check plugin ddr
2024-12-27 16:05:42,350 [INFO] PluginManage:359 - Loaded plugin ddr (category:tool,tabindex:6)
2024-12-27 16:05:42,350 [INFO] PluginManage:310 - Check plugin filemanager
2024-12-27 16:05:42,472 [INFO] PluginManage:359 - Loaded plugin filemanager (category:base,tabindex:10)
2024-12-27 16:05:42,472 [INFO] PluginManage:310 - Check plugin ipmanager
2024-12-27 16:05:42,477 [INFO] PluginManage:359 - Loaded plugin ipmanager (category:base,tabindex:5)
2024-12-27 16:05:42,477 [INFO] PluginManage:310 - Check plugin lpbam
2024-12-27 16:05:42,487 [INFO] PluginManage:359 - Loaded plugin lpbam (category:base,tabindex:0)
2024-12-27 16:05:42,487 [INFO] PluginManage:310 - Check plugin memorymap
2024-12-27 16:05:42,499 [INFO] PluginManage:359 - Loaded plugin memorymap (category:base,tabindex:4)
2024-12-27 16:05:42,499 [INFO] PluginManage:310 - Check plugin pinoutandconfiguration
2024-12-27 16:05:42,505 [INFO] PluginManage:359 - Loaded plugin pinoutandconfiguration (category:base,tabindex:1)
2024-12-27 16:05:42,505 [INFO] PluginManage:310 - Check plugin pinoutconfig
2024-12-27 16:05:42,564 [WARN] SupportedApi:132 - Cannot load RTOS API schema: s4s-elt-must-match.1: The content of 'definitions' must match (annotation?, (simpleType | complexType)?, (unique | key | keyref)*)). A problem was found starting at: attribute.
2024-12-27 16:05:42,661 [INFO] PluginManage:359 - Loaded plugin pinoutconfig (category:base,tabindex:0)
2024-12-27 16:05:42,661 [INFO] PluginManage:310 - Check plugin power
2024-12-27 16:05:42,671 [INFO] PluginManage:359 - Loaded plugin power (category:power,tabindex:4)
2024-12-27 16:05:42,672 [INFO] PluginManage:310 - Check plugin projectmanager
2024-12-27 16:05:42,692 [INFO] PluginManage:359 - Loaded plugin projectmanager (category:projectmanager,tabindex:4)
2024-12-27 16:05:42,692 [INFO] PluginManage:310 - Check plugin rif
2024-12-27 16:05:42,697 [INFO] PluginManage:359 - Loaded plugin rif (category:base,tabindex:3)
2024-12-27 16:05:42,697 [INFO] PluginManage:310 - Check plugin thirdparty
2024-12-27 16:05:42,830 [INFO] PluginManage:359 - Loaded plugin thirdparty (category:base,tabindex:-1)
2024-12-27 16:05:42,830 [WARN] IntegrityCheckThread:84 - waiting for thirdparty lock release [integrity check]
2024-12-27 16:05:42,830 [INFO] PluginManage:310 - Check plugin tools
2024-12-27 16:05:42,831 [INFO] IntegrityCheckThread:86 - entering critical section [integrity check]
2024-12-27 16:05:42,831 [INFO] ThirdPartyUpdaterWithRetryManager:70 - Updater plugin not ready yet. [1/15]
2024-12-27 16:05:42,833 [INFO] PluginManage:359 - Loaded plugin tools (category:base,tabindex:7)
2024-12-27 16:05:42,833 [INFO] PluginManage:310 - Check plugin tutovideos
2024-12-27 16:05:42,974 [INFO] PluginManage:359 - Loaded plugin tutovideos (category:base,tabindex:-1)
2024-12-27 16:05:42,974 [INFO] PluginManage:310 - Check plugin updater
2024-12-27 16:05:42,988 [INFO] PluginManage:359 - Loaded plugin updater (category:base,tabindex:12)
2024-12-27 16:05:42,988 [INFO] PluginManage:310 - Check plugin userauth
2024-12-27 16:05:42,994 [INFO] UserAuth:113 - Init User Auth plugin
2024-12-27 16:05:42,994 [INFO] PluginManage:359 - Loaded plugin userauth (category:base,tabindex:14)
2024-12-27 16:05:42,995 [INFO] PluginManage:283 - PluginManage : Loaded plugins [18]
2024-12-27 16:05:43,118 [INFO] PinOutPanel:1561 - setPackage(No Configuration,No Configuration)
2024-12-27 16:05:43,172 [INFO] CADModel:165 - CPN selected for project level
2024-12-27 16:05:43,172 [INFO] CADModel:114 - Register for checkConnection events
2024-12-27 16:05:43,183 [INFO] IPUIPlugin:80 - create IPUIPlugin
2024-12-27 16:05:43,183 [INFO] PluginManager:220 - loadIPPluginJar : add lorawan
2024-12-27 16:05:43,186 [INFO] IPUIPlugin:80 - create IPUIPlugin
2024-12-27 16:05:43,186 [INFO] PluginManager:220 - loadIPPluginJar : add pdm2pcm
2024-12-27 16:05:43,187 [INFO] IPUIPlugin:80 - create IPUIPlugin
2024-12-27 16:05:43,187 [INFO] PluginManager:220 - loadIPPluginJar : add fatfs
2024-12-27 16:05:43,188 [INFO] IPUIPlugin:80 - create IPUIPlugin
2024-12-27 16:05:43,189 [INFO] PluginManager:220 - loadIPPluginJar : add extmemmanager
2024-12-27 16:05:43,191 [INFO] IPUIPlugin:80 - create IPUIPlugin
2024-12-27 16:05:43,191 [INFO] PluginManager:220 - loadIPPluginJar : add gtzc
2024-12-27 16:05:43,197 [INFO] IPUIPlugin:80 - create IPUIPlugin
2024-12-27 16:05:43,197 [INFO] PluginManager:220 - loadIPPluginJar : add freertos
2024-12-27 16:05:43,203 [INFO] IPUIPlugin:80 - create IPUIPlugin
2024-12-27 16:05:43,204 [INFO] PluginManager:220 - loadIPPluginJar : add stm32_wpan
2024-12-27 16:05:43,205 [INFO] IPUIPlugin:80 - create IPUIPlugin
2024-12-27 16:05:43,206 [INFO] PluginManager:220 - loadIPPluginJar : add dma3
2024-12-27 16:05:43,208 [INFO] IPUIPlugin:80 - create IPUIPlugin
2024-12-27 16:05:43,208 [INFO] PluginManager:220 - loadIPPluginJar : add ddr_ctrl_phy
2024-12-27 16:05:43,213 [INFO] IPUIPlugin:80 - create IPUIPlugin
2024-12-27 16:05:43,215 [INFO] PluginManager:220 - loadIPPluginJar : add plateformsettings
2024-12-27 16:05:43,216 [INFO] IPUIPlugin:80 - create IPUIPlugin
2024-12-27 16:05:43,217 [INFO] PluginManager:220 - loadIPPluginJar : add tsc
2024-12-27 16:05:43,219 [INFO] IPUIPlugin:80 - create IPUIPlugin
2024-12-27 16:05:43,219 [INFO] PluginManager:220 - loadIPPluginJar : add aes
2024-12-27 16:05:43,225 [INFO] IPUIPlugin:80 - create IPUIPlugin
2024-12-27 16:05:43,226 [INFO] PluginManager:220 - loadIPPluginJar : add mdma
2024-12-27 16:05:43,229 [INFO] IPUIPlugin:80 - create IPUIPlugin
2024-12-27 16:05:43,229 [INFO] PluginManager:220 - loadIPPluginJar : add nvic
2024-12-27 16:05:43,231 [INFO] IPUIPlugin:80 - create IPUIPlugin
2024-12-27 16:05:43,231 [INFO] PluginManager:220 - loadIPPluginJar : add hash
2024-12-27 16:05:43,232 [INFO] IPUIPlugin:80 - create IPUIPlugin
2024-12-27 16:05:43,232 [INFO] PluginManager:220 - loadIPPluginJar : add ts
2024-12-27 16:05:43,234 [INFO] IPUIPlugin:80 - create IPUIPlugin
2024-12-27 16:05:43,234 [INFO] PluginManager:220 - loadIPPluginJar : add usart
2024-12-27 16:05:43,235 [INFO] IPUIPlugin:80 - create IPUIPlugin
2024-12-27 16:05:43,235 [INFO] PluginManager:220 - loadIPPluginJar : add radio
2024-12-27 16:05:43,242 [INFO] IPUIPlugin:80 - create IPUIPlugin
2024-12-27 16:05:43,242 [INFO] PluginManager:220 - loadIPPluginJar : add linkedlist
2024-12-27 16:05:43,244 [INFO] IPUIPlugin:80 - create IPUIPlugin
2024-12-27 16:05:43,245 [INFO] PluginManager:220 - loadIPPluginJar : add ipddr
2024-12-27 16:05:43,249 [INFO] IPUIPlugin:80 - create IPUIPlugin
2024-12-27 16:05:43,249 [INFO] PluginManager:220 - loadIPPluginJar : add gic
2024-12-27 16:05:43,251 [INFO] IPUIPlugin:80 - create IPUIPlugin
2024-12-27 16:05:43,251 [INFO] PluginManager:220 - loadIPPluginJar : add opamp
2024-12-27 16:05:43,252 [INFO] IPUIPlugin:80 - create IPUIPlugin
2024-12-27 16:05:43,252 [INFO] PluginManager:220 - loadIPPluginJar : add gfxmmu
2024-12-27 16:05:43,253 [INFO] IPUIPlugin:80 - create IPUIPlugin
2024-12-27 16:05:43,253 [INFO] PluginManager:220 - loadIPPluginJar : add ltdc
2024-12-27 16:05:43,255 [INFO] IPUIPlugin:80 - create IPUIPlugin
2024-12-27 16:05:43,255 [INFO] PluginManager:220 - loadIPPluginJar : add sai
2024-12-27 16:05:43,258 [INFO] IPUIPlugin:80 - create IPUIPlugin
2024-12-27 16:05:43,258 [INFO] PluginManager:220 - loadIPPluginJar : add fmc
2024-12-27 16:05:43,260 [INFO] IPUIPlugin:80 - create IPUIPlugin
2024-12-27 16:05:43,260 [INFO] PluginManager:220 - loadIPPluginJar : add tracer_emb
2024-12-27 16:05:43,264 [INFO] IPUIPlugin:80 - create IPUIPlugin
2024-12-27 16:05:43,264 [INFO] PluginManager:220 - loadIPPluginJar : add adc
2024-12-27 16:05:43,266 [INFO] IPUIPlugin:80 - create IPUIPlugin
2024-12-27 16:05:43,266 [INFO] PluginManager:220 - loadIPPluginJar : add dfsdm
2024-12-27 16:05:43,268 [INFO] IPUIPlugin:80 - create IPUIPlugin
2024-12-27 16:05:43,268 [INFO] PluginManager:220 - loadIPPluginJar : add i2s
2024-12-27 16:05:43,273 [INFO] IPUIPlugin:80 - create IPUIPlugin
2024-12-27 16:05:43,273 [INFO] PluginManager:220 - loadIPPluginJar : add dma
2024-12-27 16:05:43,275 [INFO] IPUIPlugin:80 - create IPUIPlugin
2024-12-27 16:05:43,275 [INFO] PluginManager:220 - loadIPPluginJar : add comp
2024-12-27 16:05:43,277 [INFO] IPUIPlugin:80 - create IPUIPlugin
2024-12-27 16:05:43,277 [INFO] PluginManager:220 - loadIPPluginJar : add can
2024-12-27 16:05:43,279 [INFO] IPUIPlugin:80 - create IPUIPlugin
2024-12-27 16:05:43,279 [INFO] PluginManager:220 - loadIPPluginJar : add usbx
2024-12-27 16:05:43,280 [INFO] IPUIPlugin:80 - create IPUIPlugin
2024-12-27 16:05:43,280 [INFO] PluginManager:220 - loadIPPluginJar : add genericplugin
2024-12-27 16:05:43,283 [INFO] IPUIPlugin:80 - create IPUIPlugin
2024-12-27 16:05:43,283 [INFO] PluginManager:220 - loadIPPluginJar : add resmgrutility
2024-12-27 16:05:43,286 [INFO] IPUIPlugin:80 - create IPUIPlugin
2024-12-27 16:05:43,286 [INFO] PluginManager:220 - loadIPPluginJar : add gpio
2024-12-27 16:05:43,287 [INFO] IPUIPlugin:80 - create IPUIPlugin
2024-12-27 16:05:43,288 [INFO] PluginManager:220 - loadIPPluginJar : add spi
2024-12-27 16:05:43,288 [INFO] IPUIPlugin:80 - create IPUIPlugin
2024-12-27 16:05:43,288 [INFO] PluginManager:220 - loadIPPluginJar : add quadspi
2024-12-27 16:05:43,290 [INFO] IPUIPlugin:80 - create IPUIPlugin
2024-12-27 16:05:43,290 [INFO] PluginManager:220 - loadIPPluginJar : add openamp
2024-12-27 16:05:43,292 [INFO] IPUIPlugin:80 - create IPUIPlugin
2024-12-27 16:05:43,292 [INFO] PluginManager:220 - loadIPPluginJar : add i2c
2024-12-27 16:05:43,293 [INFO] IPUIPlugin:80 - create IPUIPlugin
2024-12-27 16:05:43,293 [INFO] PluginManager:220 - loadIPPluginJar : add i3c
2024-12-27 16:05:43,295 [INFO] IPUIPlugin:80 - create IPUIPlugin
2024-12-27 16:05:43,295 [INFO] PluginManager:220 - loadIPPluginJar : add tim
2024-12-27 16:05:43,297 [INFO] IPUIPlugin:80 - create IPUIPlugin
2024-12-27 16:05:43,297 [INFO] PluginManager:220 - loadIPPluginJar : add touchsensing
2024-12-27 16:05:43,298 [INFO] IPUIPlugin:80 - create IPUIPlugin
2024-12-27 16:05:43,298 [INFO] PluginManager:220 - loadIPPluginJar : add ucpd
2024-12-27 16:05:43,300 [INFO] IPUIPlugin:80 - create IPUIPlugin
2024-12-27 16:05:43,300 [INFO] PluginManager:220 - loadIPPluginJar : add cryp
2024-12-27 16:05:43,393 [INFO] CADModel:165 - CPN selected for project level
2024-12-27 16:05:43,393 [INFO] CADModel:114 - Register for checkConnection events
2024-12-27 16:05:43,393 [FATAL] Updater:334 - Updater called before beeing initialized
2024-12-27 16:05:43,393 [ERROR] CADModel:125 - Updater not yet initialized, retry later 
2024-12-27 16:05:43,479 [INFO] CADModel:165 - CPN selected for project level
2024-12-27 16:05:43,480 [INFO] CADModel:114 - Register for checkConnection events
2024-12-27 16:05:43,480 [FATAL] Updater:334 - Updater called before beeing initialized
2024-12-27 16:05:43,480 [ERROR] CADModel:125 - Updater not yet initialized, retry later 
2024-12-27 16:05:43,482 [FATAL] Updater:334 - Updater called before beeing initialized
2024-12-27 16:05:43,559 [FATAL] Updater:334 - Updater called before beeing initialized
2024-12-27 16:05:43,563 [INFO] DbMcusAds:53 - JSON generation date=Tue Dec 17 23:01:15 ICT 2024 (1734451275196)
2024-12-27 16:05:43,563 [FATAL] Updater:334 - Updater called before beeing initialized
2024-12-27 16:05:43,585 [WARN] DetailPanel:346 - Failed to get advertising image, set to default
2024-12-27 16:05:43,652 [FATAL] Updater:334 - Updater called before beeing initialized
2024-12-27 16:05:43,656 [FATAL] Updater:334 - Updater called before beeing initialized
2024-12-27 16:05:43,656 [FATAL] Updater:334 - Updater called before beeing initialized
2024-12-27 16:05:43,656 [WARN] DetailPanel:346 - Failed to get advertising image, set to default
2024-12-27 16:05:43,657 [FATAL] Updater:334 - Updater called before beeing initialized
2024-12-27 16:05:43,683 [ERROR] Updater:1164 - MainUpdater not yet initialized. External WinMGr cannot be set.
2024-12-27 16:05:43,684 [INFO] Updater:1100 - Updater Version found : 6.12.1
2024-12-27 16:05:43,701 [INFO] ApplicationProperties:184 - Using Application install path: /opt/st/stm32cubeide_1.16.1/plugins/com.st.stm32cube.common.mx_6.12.1.202409122256
2024-12-27 16:05:44,024 [INFO] MainUpdater:2873 - connection check result : 10
2024-12-27 16:05:44,024 [INFO] MainUpdater:290 - Updater Check For Update Now.
2024-12-27 16:05:44,025 [INFO] MicroXplorer:498 - Change Database Version : DB.6.0.121
2024-12-27 16:05:44,030 [INFO] McuFinderGlobals:63 - Set McuFinder mode to 2 (CubeIDE integrated)
2024-12-27 16:05:44,030 [INFO] UserAuth:417 - Internet connection configuration mode: 1
2024-12-27 16:05:44,042 [INFO] JxBrowserEngine:152 - Initiate JxBrowser Engine with user profile folder
2024-12-27 16:05:44,183 [INFO] CheckServerUpdateThread:120 - End of CheckServer Thread
2024-12-27 16:05:44,719 [INFO] WebApp:167 - Instantiating new browser for Auth
2024-12-27 16:05:45,392 [INFO] WebApp:448 - Apply proxy settings
2024-12-27 16:05:45,393 [INFO] WebApp:533 - Chromium requires no authentication
2024-12-27 16:05:45,398 [INFO] WebApp:476 - Direct internet connection detected
2024-12-27 16:05:45,421 [INFO] WebApp:869 - Register for checkConnection events
2024-12-27 16:05:45,421 [INFO] WebApp:448 - Apply proxy settings
2024-12-27 16:05:45,421 [INFO] WebApp:533 - Chromium requires no authentication
2024-12-27 16:05:45,421 [INFO] WebApp:476 - Direct internet connection detected
2024-12-27 16:05:45,588 [INFO] WebApp:220 - Starting web application
2024-12-27 16:05:45,588 [INFO] WebApp:578 - Web application path used /opt/st/stm32cubeide_1.16.1/plugins/com.st.stm32cube.common.mx_6.12.1.202409122256/db/plugins/mcufinder/reactClient1/index.html
2024-12-27 16:05:45,740 [INFO] WebApp:186 - Connection restablished
2024-12-27 16:05:45,777 [INFO] UserAuth:417 - Internet connection configuration mode: 1
2024-12-27 16:05:46,065 [WARN] PackLoader:240 - Cannot read IP mode file for STMicroelectronics.FP-SNS-MOTENVWB1.1.4.0
2024-12-27 16:05:46,089 [WARN] PackLoader:240 - Cannot read IP mode file for STMicroelectronics.FP-ATR-ASTRA1.2.0.1
2024-12-27 16:05:46,106 [WARN] PackLoader:240 - Cannot read IP mode file for STMicroelectronics.X-CUBE-SMBUS.2.1.0
2024-12-27 16:05:46,120 [WARN] PackLoader:240 - Cannot read IP mode file for STMicroelectronics.X-CUBE-WB05N.1.1.0
2024-12-27 16:05:46,180 [WARN] PackLoader:240 - Cannot read IP mode file for STMicroelectronics.X-CUBE-AZRTOS-F7.1.1.0
2024-12-27 16:05:46,326 [WARN] PackLoader:240 - Cannot read IP mode file for STMicroelectronics.X-CUBE-MEMS1.11.0.0
2024-12-27 16:05:46,652 [WARN] PackLoader:240 - Cannot read IP mode file for STMicroelectronics.FP-SNS-FLIGHT1.5.0.2
2024-12-27 16:05:46,670 [WARN] PackLoader:240 - Cannot read IP mode file for STMicroelectronics.X-CUBE-DISPLAY.3.0.0
2024-12-27 16:05:46,687 [WARN] PackLoader:240 - Cannot read IP mode file for STMicroelectronics.X-CUBE-BLE1.7.0.0
2024-12-27 16:05:46,742 [WARN] PackLoader:240 - Cannot read IP mode file for STMicroelectronics.X-CUBE-BLEMGR.4.0.0
2024-12-27 16:05:46,769 [WARN] PackLoader:240 - Cannot read IP mode file for emotas.I-CUBE-CANOPEN.1.3.0
2024-12-27 16:05:46,807 [WARN] PackLoader:240 - Cannot read IP mode file for STMicroelectronics.X-CUBE-BLEMGR.3.1.0
2024-12-27 16:05:46,827 [WARN] PackLoader:240 - Cannot read IP mode file for STMicroelectronics.FP-SNS-SMARTAG2.1.2.0
2024-12-27 16:05:47,040 [WARN] PackLoader:240 - Cannot read IP mode file for STMicroelectronics.X-CUBE-MEMS1.11.1.0
2024-12-27 16:05:47,222 [INFO] LogOutputStream:77 - [STDOUT_REDIRECT] 1 : Invalid condition id : UX_CORESTACK_Condition cause : null
2024-12-27 16:05:47,231 [INFO] LogOutputStream:77 - [STDOUT_REDIRECT] 1 : Invalid condition id : UX_CORESTACK_Condition cause : null
2024-12-27 16:05:47,232 [INFO] LogOutputStream:77 - [STDOUT_REDIRECT] 1 : Invalid condition id : UX_CORESTACK_Condition cause : null
2024-12-27 16:05:47,237 [INFO] LogOutputStream:77 - [STDOUT_REDIRECT] 1 : Invalid condition id : UX_CORESTACK_Condition cause : null
2024-12-27 16:05:47,244 [INFO] LogOutputStream:77 - [STDOUT_REDIRECT] 1 : Invalid condition id : UX_CORESTACK_Condition cause : null
2024-12-27 16:05:47,248 [WARN] PackLoader:240 - Cannot read IP mode file for STMicroelectronics.X-CUBE-AZRTOS-WL.2.0.0
2024-12-27 16:05:47,281 [WARN] PackLoader:240 - Cannot read IP mode file for STMicroelectronics.FP-SNS-MOTENV1.5.0.0
2024-12-27 16:05:47,291 [WARN] PackLoader:240 - Cannot read IP mode file for wolfSSL.I-CUBE-wolfMQTT.1.19.0
2024-12-27 16:05:47,319 [WARN] PackLoader:240 - Cannot read IP mode file for WES.I-CUBE-Cesium.1.3.0
2024-12-27 16:05:47,331 [WARN] PackLoader:240 - Cannot read IP mode file for STMicroelectronics.X-CUBE-BLE2.3.3.0
2024-12-27 16:05:47,350 [WARN] PackLoader:240 - Cannot read IP mode file for STMicroelectronics.X-CUBE-TCPP.4.1.0
2024-12-27 16:05:47,397 [WARN] PackLoader:240 - Cannot read IP mode file for STMicroelectronics.X-CUBE-AZRTOS-G0.1.1.0
2024-12-27 16:05:47,414 [WARN] PackLoader:240 - Cannot read IP mode file for STMicroelectronics.X-CUBE-SAFEA1.1.2.2
2024-12-27 16:05:47,443 [WARN] PackLoader:240 - Cannot read IP mode file for STMicroelectronics.X-CUBE-NFC4.3.0.0
2024-12-27 16:05:47,484 [WARN] PackLoader:240 - Cannot read IP mode file for EmbeddedOffice.I-CUBE-FS-RTOS.1.0.1
2024-12-27 16:05:47,485 [ERROR] ConditionMgr:805 - Attr not supported : Dmpu
2024-12-27 16:05:47,489 [ERROR] ConditionMgr:805 - Attr not supported : Dmpu
2024-12-27 16:05:47,490 [ERROR] ConditionMgr:805 - Attr not supported : Dmpu
2024-12-27 16:05:47,491 [ERROR] ConditionMgr:805 - Attr not supported : Dmpu
2024-12-27 16:05:47,491 [ERROR] ConditionMgr:805 - Attr not supported : Dmpu
2024-12-27 16:05:47,492 [ERROR] ConditionMgr:805 - Attr not supported : Dmpu
2024-12-27 16:05:47,492 [ERROR] ConditionMgr:805 - Attr not supported : Dmpu
2024-12-27 16:05:47,492 [ERROR] ConditionMgr:805 - Attr not supported : Dmpu
2024-12-27 16:05:47,492 [ERROR] ConditionMgr:805 - Attr not supported : Dmpu
2024-12-27 16:05:47,492 [ERROR] ConditionMgr:805 - Attr not supported : Dmpu
2024-12-27 16:05:47,492 [ERROR] ConditionMgr:805 - Attr not supported : Dmpu
2024-12-27 16:05:47,493 [ERROR] ConditionMgr:805 - Attr not supported : Dmpu
2024-12-27 16:05:47,494 [ERROR] ConditionMgr:805 - Attr not supported : Dmpu
2024-12-27 16:05:47,494 [ERROR] ConditionMgr:805 - Attr not supported : Dmpu
2024-12-27 16:05:47,494 [ERROR] ConditionMgr:805 - Attr not supported : Dmpu
2024-12-27 16:05:47,494 [ERROR] ConditionMgr:805 - Attr not supported : Dmpu
2024-12-27 16:05:47,494 [ERROR] ConditionMgr:805 - Attr not supported : Dmpu
2024-12-27 16:05:47,494 [ERROR] ConditionMgr:805 - Attr not supported : Dmpu
2024-12-27 16:05:47,495 [ERROR] ConditionMgr:805 - Attr not supported : Dmpu
2024-12-27 16:05:47,501 [ERROR] ConditionMgr:805 - Attr not supported : Dmpu
2024-12-27 16:05:47,502 [ERROR] ConditionMgr:805 - Attr not supported : Dmpu
2024-12-27 16:05:47,502 [ERROR] ConditionMgr:805 - Attr not supported : Dmpu
2024-12-27 16:05:47,502 [ERROR] ConditionMgr:805 - Attr not supported : Dmpu
2024-12-27 16:05:47,502 [ERROR] ConditionMgr:805 - Attr not supported : Dmpu
2024-12-27 16:05:47,502 [ERROR] ConditionMgr:805 - Attr not supported : Dmpu
2024-12-27 16:05:47,502 [ERROR] ConditionMgr:805 - Attr not supported : Dmpu
2024-12-27 16:05:47,503 [ERROR] ConditionMgr:805 - Attr not supported : Dmpu
2024-12-27 16:05:47,503 [ERROR] ConditionMgr:805 - Attr not supported : Dmpu
2024-12-27 16:05:47,503 [ERROR] ConditionMgr:805 - Attr not supported : Dmpu
2024-12-27 16:05:47,503 [ERROR] ConditionMgr:805 - Attr not supported : Dmpu
2024-12-27 16:05:47,503 [ERROR] ConditionMgr:805 - Attr not supported : Dmpu
2024-12-27 16:05:47,503 [ERROR] ConditionMgr:805 - Attr not supported : Dmpu
2024-12-27 16:05:47,503 [ERROR] ConditionMgr:805 - Attr not supported : Dmpu
2024-12-27 16:05:47,503 [ERROR] ConditionMgr:805 - Attr not supported : Dmpu
2024-12-27 16:05:47,503 [ERROR] ConditionMgr:805 - Attr not supported : Dmpu
2024-12-27 16:05:47,503 [ERROR] ConditionMgr:805 - Attr not supported : Dmpu
2024-12-27 16:05:47,503 [ERROR] ConditionMgr:805 - Attr not supported : Dmpu
2024-12-27 16:05:47,503 [ERROR] ConditionMgr:805 - Attr not supported : Dmpu
2024-12-27 16:05:47,503 [ERROR] ConditionMgr:805 - Attr not supported : Dmpu
2024-12-27 16:05:47,503 [ERROR] ConditionMgr:805 - Attr not supported : Dmpu
2024-12-27 16:05:47,503 [ERROR] ConditionMgr:805 - Attr not supported : Dmpu
2024-12-27 16:05:47,503 [ERROR] ConditionMgr:805 - Attr not supported : Dmpu
2024-12-27 16:05:47,503 [ERROR] ConditionMgr:805 - Attr not supported : Dmpu
2024-12-27 16:05:47,508 [ERROR] ConditionMgr:805 - Attr not supported : Dmpu
2024-12-27 16:05:47,509 [ERROR] ConditionMgr:805 - Attr not supported : Dmpu
2024-12-27 16:05:47,509 [ERROR] ConditionMgr:805 - Attr not supported : Dmpu
2024-12-27 16:05:47,509 [ERROR] ConditionMgr:805 - Attr not supported : Dmpu
2024-12-27 16:05:47,509 [ERROR] ConditionMgr:805 - Attr not supported : Dmpu
2024-12-27 16:05:47,509 [ERROR] ConditionMgr:805 - Attr not supported : Dmpu
2024-12-27 16:05:47,509 [ERROR] ConditionMgr:805 - Attr not supported : Dmpu
2024-12-27 16:05:47,509 [ERROR] ConditionMgr:805 - Attr not supported : Dmpu
2024-12-27 16:05:47,509 [ERROR] ConditionMgr:805 - Attr not supported : Dmpu
2024-12-27 16:05:47,509 [ERROR] ConditionMgr:805 - Attr not supported : Dmpu
2024-12-27 16:05:47,509 [ERROR] ConditionMgr:805 - Attr not supported : Dmpu
2024-12-27 16:05:47,509 [ERROR] ConditionMgr:805 - Attr not supported : Dmpu
2024-12-27 16:05:47,509 [ERROR] ConditionMgr:805 - Attr not supported : Dmpu
2024-12-27 16:05:47,509 [ERROR] ConditionMgr:805 - Attr not supported : Dmpu
2024-12-27 16:05:47,509 [ERROR] ConditionMgr:805 - Attr not supported : Dmpu
2024-12-27 16:05:47,510 [ERROR] ConditionMgr:805 - Attr not supported : Dmpu
2024-12-27 16:05:47,510 [ERROR] ConditionMgr:805 - Attr not supported : Dmpu
2024-12-27 16:05:47,510 [ERROR] ConditionMgr:805 - Attr not supported : Dmpu
2024-12-27 16:05:47,510 [ERROR] ConditionMgr:805 - Attr not supported : Dmpu
2024-12-27 16:05:47,510 [ERROR] ConditionMgr:805 - Attr not supported : Dmpu
2024-12-27 16:05:47,510 [ERROR] ConditionMgr:805 - Attr not supported : Dmpu
2024-12-27 16:05:47,519 [ERROR] Engine:466 - /home/kireiji/.stm32cubemx/thirdparties/pdsc/STMicroelectronics.X-CUBE-TCPP.4.2.0.pdsc: PDSC version is not supported
2024-12-27 16:05:47,530 [WARN] PackLoader:240 - Cannot read IP mode file for RealThread.X-CUBE-RT-Thread_Nano.4.1.1
2024-12-27 16:05:47,538 [WARN] PackLoader:240 - Cannot read IP mode file for STMicroelectronics.FP-ATR-SIGFOX1.3.2.0
2024-12-27 16:05:47,546 [WARN] ConditionMgr:438 - getConditionDescription Invalid condition id : Cortex-A Device cause : null
2024-12-27 16:05:47,583 [WARN] ConditionMgr:1039 - genDependencies : Invalid condition id : Cortex-A Device cause : null
2024-12-27 16:05:47,584 [WARN] ConditionMgr:1039 - genDependencies : Invalid condition id : Cortex-A Device cause : null
2024-12-27 16:05:47,584 [WARN] ConditionMgr:1039 - genDependencies : Invalid condition id : Cortex-A Device cause : null
2024-12-27 16:05:47,596 [WARN] PackLoader:240 - Cannot read IP mode file for STMicroelectronics.X-CUBE-EEPRMA1.5.1.0
2024-12-27 16:05:47,611 [WARN] PackLoader:240 - Cannot read IP mode file for wolfSSL.I-CUBE-wolfSSL.5.7.4
2024-12-27 16:05:47,622 [WARN] PackLoader:240 - Cannot read IP mode file for ITTIA_DB.I-CUBE-ITTIADB.8.9.0
2024-12-27 16:05:47,702 [WARN] PackLoader:240 - Cannot read IP mode file for SEGGER.I-CUBE-embOS.1.3.1
2024-12-27 16:05:47,781 [WARN] PackLoader:240 - Cannot read IP mode file for STMicroelectronics.X-CUBE-ALGOBUILD.1.4.0
2024-12-27 16:05:47,832 [WARN] PackLoader:240 - Cannot read IP mode file for STMicroelectronics.X-CUBE-AZRTOS-F4.1.1.0
2024-12-27 16:05:47,853 [WARN] PackLoader:240 - Cannot read IP mode file for STMicroelectronics.X-CUBE-FREERTOS.1.2.0
2024-12-27 16:05:47,887 [WARN] PackLoader:240 - Cannot read IP mode file for STMicroelectronics.X-CUBE-AZRTOS-L5.2.0.0
2024-12-27 16:05:47,905 [WARN] PackLoader:240 - Cannot read IP mode file for STMicroelectronics.X-CUBE-NFC6.3.1.0
2024-12-27 16:05:47,919 [WARN] PackLoader:240 - Cannot read IP mode file for STMicroelectronics.X-CUBE-FREERTOS.1.3.0
2024-12-27 16:05:47,931 [WARN] PackLoader:240 - Cannot read IP mode file for STMicroelectronics.X-CUBE-NFC7.1.0.1
2024-12-27 16:05:47,962 [WARN] ConditionMgr:438 - getConditionDescription Invalid condition id : LAN8742 Phy interface Condition cause : null
2024-12-27 16:05:47,963 [WARN] PackLoader:240 - Cannot read IP mode file for STMicroelectronics.X-CUBE-AZRTOS-L4.2.0.0
2024-12-27 16:05:47,965 [WARN] ConditionMgr:1039 - genDependencies : Invalid condition id : LAN8742 Phy interface Condition cause : null
2024-12-27 16:05:47,966 [WARN] ConditionMgr:1039 - genDependencies : Invalid condition id : LAN8742 Phy interface Condition cause : null
2024-12-27 16:05:47,967 [WARN] ConditionMgr:1039 - genDependencies : Invalid condition id : LAN8742 Phy interface Condition cause : null
2024-12-27 16:05:47,980 [WARN] PackLoader:240 - Cannot read IP mode file for STMicroelectronics.X-CUBE-SFXS2LP1.4.0.0
2024-12-27 16:05:48,010 [WARN] PackLoader:240 - Cannot read IP mode file for STMicroelectronics.X-CUBE-AZRTOS-H7.3.3.0
2024-12-27 16:05:48,032 [WARN] ConditionMgr:438 - getConditionDescription Invalid condition id : UX DEVICE CLASS RTOS Condition cause : null
2024-12-27 16:05:48,033 [WARN] ConditionMgr:438 - getConditionDescription Invalid condition id : UX DEVICE CLASS RTOS Condition cause : null
2024-12-27 16:05:48,036 [WARN] PackLoader:240 - Cannot read IP mode file for STMicroelectronics.X-CUBE-AZRTOS-WB.2.0.0
2024-12-27 16:05:48,037 [WARN] ConditionMgr:1039 - genDependencies : Invalid condition id : UX DEVICE CLASS RTOS Condition cause : null
2024-12-27 16:05:48,038 [WARN] ConditionMgr:1039 - genDependencies : Invalid condition id : UX DEVICE CLASS RTOS Condition cause : null
2024-12-27 16:05:48,038 [WARN] ConditionMgr:1039 - genDependencies : Invalid condition id : UX DEVICE CLASS RTOS Condition cause : null
2024-12-27 16:05:48,039 [WARN] ConditionMgr:1039 - genDependencies : Invalid condition id : UX DEVICE CLASS RTOS Condition cause : null
2024-12-27 16:05:48,039 [WARN] ConditionMgr:1039 - genDependencies : Invalid condition id : UX DEVICE CLASS RTOS Condition cause : null
2024-12-27 16:05:48,051 [WARN] PackLoader:240 - Cannot read IP mode file for STMicroelectronics.X-CUBE-GNSS1.7.0.0
2024-12-27 16:05:48,064 [WARN] PackLoader:240 - Cannot read IP mode file for STMicroelectronics.X-CUBE-GNSS1.7.0.1
2024-12-27 16:05:48,076 [WARN] PackLoader:240 - Cannot read IP mode file for STMicroelectronics.X-CUBE-SUBG2.5.0.0
2024-12-27 16:05:48,085 [WARN] PackLoader:240 - Cannot read IP mode file for Cesanta.I-CUBE-Mongoose.7.13.0
2024-12-27 16:05:48,105 [WARN] PackLoader:240 - Cannot read IP mode file for STMicroelectronics.X-CUBE-AZRTOS-G4.2.0.0
2024-12-27 16:05:48,114 [WARN] PackLoader:240 - Cannot read IP mode file for STMicroelectronics.X-CUBE-ALS.1.0.2
2024-12-27 16:05:48,118 [WARN] PackLoader:240 - Cannot read IP mode file for STMicroelectronics.X-CUBE-TOUCHGFX.4.24.1
2024-12-27 16:05:48,121 [WARN] PackLoader:240 - Cannot read IP mode file for wolfSSL.I-CUBE-wolfTPM.3.4.0
2024-12-27 16:05:48,126 [WARN] PackLoader:240 - Cannot read IP mode file for portGmbH.I-Cube-SoM-uGOAL.1.1.0
2024-12-27 16:05:48,145 [WARN] PackLoader:240 - Cannot read IP mode file for STMicroelectronics.X-CUBE-AZRTOS-H7RS.1.0.0
2024-12-27 16:05:48,152 [WARN] PackLoader:240 - Cannot read IP mode file for STMicroelectronics.FP-ATR-ASTRA1.2.0.0
2024-12-27 16:05:48,174 [WARN] PackLoader:240 - Cannot read IP mode file for Infineon.AIROC-Wi-Fi-Bluetooth-STM32.1.6.1
2024-12-27 16:05:48,184 [WARN] PackLoader:240 - Cannot read IP mode file for wolfSSL.I-CUBE-wolfSSH.1.4.17
2024-12-27 16:05:48,186 [INFO] ThirdParty:978 - Integrity check success = true
2024-12-27 16:05:48,186 [INFO] IntegrityCheckThread:100 - exiting critical section [integrity check]
2024-12-27 16:05:48,186 [INFO] IntegrityCheckThread:103 - End integrity checks thread
2024-12-27 16:17:17,052 [INFO] WebApp:189 - Connection lost
2024-12-27 16:17:17,292 [INFO] WebApp:186 - Connection restablished
2024-12-27 16:35:31,710 [INFO] WebApp:189 - Connection lost
2024-12-27 16:35:31,906 [INFO] WebApp:186 - Connection restablished
2024-12-27 17:12:06,021 [INFO] WebApp:189 - Connection lost
2024-12-27 17:12:08,366 [INFO] WebApp:186 - Connection restablished
2024-12-27 17:17:11,323 [INFO] WebApp:189 - Connection lost
2024-12-27 17:17:11,456 [INFO] WebApp:186 - Connection restablished
2024-12-27 21:58:46,274 [INFO] WebApp:189 - Connection lost
2024-12-27 21:58:46,445 [INFO] WebApp:186 - Connection restablished
2024-12-27 22:06:27,881 [INFO] WebApp:189 - Connection lost
2024-12-27 22:06:27,991 [INFO] WebApp:186 - Connection restablished
2024-12-27 22:14:28,642 [INFO] WebApp:189 - Connection lost
2024-12-27 22:14:28,819 [INFO] WebApp:186 - Connection restablished
2024-12-27 22:15:50,165 [INFO] WebApp:189 - Connection lost
2024-12-27 22:15:50,282 [INFO] WebApp:186 - Connection restablished
2024-12-27 22:19:07,334 [INFO] WebApp:189 - Connection lost
2024-12-27 22:19:07,451 [INFO] WebApp:186 - Connection restablished
2024-12-27 22:33:44,993 [INFO] WebApp:189 - Connection lost
2024-12-27 22:33:45,099 [INFO] WebApp:186 - Connection restablished
2024-12-27 22:38:47,263 [INFO] WebApp:189 - Connection lost
2024-12-27 22:38:47,393 [INFO] WebApp:186 - Connection restablished
2024-12-27 22:45:36,869 [INFO] WebApp:189 - Connection lost
2024-12-27 22:45:37,011 [INFO] WebApp:186 - Connection restablished
2024-12-27 22:52:13,175 [INFO] WebApp:189 - Connection lost
2024-12-27 22:52:13,301 [INFO] WebApp:186 - Connection restablished
2024-12-27 22:59:15,948 [INFO] WebApp:189 - Connection lost
2024-12-27 22:59:16,056 [INFO] WebApp:186 - Connection restablished
2024-12-27 23:08:22,268 [INFO] WebApp:189 - Connection lost
2024-12-27 23:08:22,407 [INFO] WebApp:186 - Connection restablished
2024-12-27 23:14:53,294 [INFO] WebApp:189 - Connection lost
2024-12-27 23:14:53,457 [INFO] WebApp:186 - Connection restablished
2024-12-27 23:32:01,536 [INFO] WebApp:189 - Connection lost
2024-12-27 23:32:01,648 [INFO] WebApp:186 - Connection restablished
2024-12-27 23:32:37,734 [INFO] WebApp:189 - Connection lost
2024-12-27 23:32:37,836 [INFO] WebApp:186 - Connection restablished
2024-12-27 23:35:19,912 [INFO] WebApp:189 - Connection lost
2024-12-27 23:35:20,022 [INFO] WebApp:186 - Connection restablished
