Archive member included to satisfy reference by file (symbol)

/opt/st/stm32cubeide_1.16.1/plugins/com.st.stm32cube.ide.mcu.externaltools.gnu-tools-for-stm32.12.3.rel1.linux64_1.0.200.202406132123/tools/bin/../lib/gcc/arm-none-eabi/12.3.1/../../../../arm-none-eabi/lib/thumb/v7e-m+fp/hard/libc_nano.a(libc_a-exit.o)
                              /opt/st/stm32cubeide_1.16.1/plugins/com.st.stm32cube.ide.mcu.externaltools.gnu-tools-for-stm32.12.3.rel1.linux64_1.0.200.202406132123/tools/bin/../lib/gcc/arm-none-eabi/12.3.1/../../../../arm-none-eabi/lib/thumb/v7e-m+fp/hard/crt0.o (exit)
/opt/st/stm32cubeide_1.16.1/plugins/com.st.stm32cube.ide.mcu.externaltools.gnu-tools-for-stm32.12.3.rel1.linux64_1.0.200.202406132123/tools/bin/../lib/gcc/arm-none-eabi/12.3.1/../../../../arm-none-eabi/lib/thumb/v7e-m+fp/hard/libc_nano.a(libc_a-findfp.o)
                              /opt/st/stm32cubeide_1.16.1/plugins/com.st.stm32cube.ide.mcu.externaltools.gnu-tools-for-stm32.12.3.rel1.linux64_1.0.200.202406132123/tools/bin/../lib/gcc/arm-none-eabi/12.3.1/../../../../arm-none-eabi/lib/thumb/v7e-m+fp/hard/libc_nano.a(libc_a-exit.o) (__stdio_exit_handler)
/opt/st/stm32cubeide_1.16.1/plugins/com.st.stm32cube.ide.mcu.externaltools.gnu-tools-for-stm32.12.3.rel1.linux64_1.0.200.202406132123/tools/bin/../lib/gcc/arm-none-eabi/12.3.1/../../../../arm-none-eabi/lib/thumb/v7e-m+fp/hard/libc_nano.a(libc_a-fwalk.o)
                              /opt/st/stm32cubeide_1.16.1/plugins/com.st.stm32cube.ide.mcu.externaltools.gnu-tools-for-stm32.12.3.rel1.linux64_1.0.200.202406132123/tools/bin/../lib/gcc/arm-none-eabi/12.3.1/../../../../arm-none-eabi/lib/thumb/v7e-m+fp/hard/libc_nano.a(libc_a-findfp.o) (_fwalk_sglue)
/opt/st/stm32cubeide_1.16.1/plugins/com.st.stm32cube.ide.mcu.externaltools.gnu-tools-for-stm32.12.3.rel1.linux64_1.0.200.202406132123/tools/bin/../lib/gcc/arm-none-eabi/12.3.1/../../../../arm-none-eabi/lib/thumb/v7e-m+fp/hard/libc_nano.a(libc_a-stdio.o)
                              /opt/st/stm32cubeide_1.16.1/plugins/com.st.stm32cube.ide.mcu.externaltools.gnu-tools-for-stm32.12.3.rel1.linux64_1.0.200.202406132123/tools/bin/../lib/gcc/arm-none-eabi/12.3.1/../../../../arm-none-eabi/lib/thumb/v7e-m+fp/hard/libc_nano.a(libc_a-findfp.o) (__sread)
/opt/st/stm32cubeide_1.16.1/plugins/com.st.stm32cube.ide.mcu.externaltools.gnu-tools-for-stm32.12.3.rel1.linux64_1.0.200.202406132123/tools/bin/../lib/gcc/arm-none-eabi/12.3.1/../../../../arm-none-eabi/lib/thumb/v7e-m+fp/hard/libc_nano.a(libc_a-memset.o)
                              /opt/st/stm32cubeide_1.16.1/plugins/com.st.stm32cube.ide.mcu.externaltools.gnu-tools-for-stm32.12.3.rel1.linux64_1.0.200.202406132123/tools/bin/../lib/gcc/arm-none-eabi/12.3.1/../../../../arm-none-eabi/lib/thumb/v7e-m+fp/hard/crt0.o (memset)
/opt/st/stm32cubeide_1.16.1/plugins/com.st.stm32cube.ide.mcu.externaltools.gnu-tools-for-stm32.12.3.rel1.linux64_1.0.200.202406132123/tools/bin/../lib/gcc/arm-none-eabi/12.3.1/../../../../arm-none-eabi/lib/thumb/v7e-m+fp/hard/libc_nano.a(libc_a-closer.o)
                              /opt/st/stm32cubeide_1.16.1/plugins/com.st.stm32cube.ide.mcu.externaltools.gnu-tools-for-stm32.12.3.rel1.linux64_1.0.200.202406132123/tools/bin/../lib/gcc/arm-none-eabi/12.3.1/../../../../arm-none-eabi/lib/thumb/v7e-m+fp/hard/libc_nano.a(libc_a-stdio.o) (_close_r)
/opt/st/stm32cubeide_1.16.1/plugins/com.st.stm32cube.ide.mcu.externaltools.gnu-tools-for-stm32.12.3.rel1.linux64_1.0.200.202406132123/tools/bin/../lib/gcc/arm-none-eabi/12.3.1/../../../../arm-none-eabi/lib/thumb/v7e-m+fp/hard/libc_nano.a(libc_a-reent.o)
                              /opt/st/stm32cubeide_1.16.1/plugins/com.st.stm32cube.ide.mcu.externaltools.gnu-tools-for-stm32.12.3.rel1.linux64_1.0.200.202406132123/tools/bin/../lib/gcc/arm-none-eabi/12.3.1/../../../../arm-none-eabi/lib/thumb/v7e-m+fp/hard/libc_nano.a(libc_a-closer.o) (errno)
/opt/st/stm32cubeide_1.16.1/plugins/com.st.stm32cube.ide.mcu.externaltools.gnu-tools-for-stm32.12.3.rel1.linux64_1.0.200.202406132123/tools/bin/../lib/gcc/arm-none-eabi/12.3.1/../../../../arm-none-eabi/lib/thumb/v7e-m+fp/hard/libc_nano.a(libc_a-impure.o)
                              /opt/st/stm32cubeide_1.16.1/plugins/com.st.stm32cube.ide.mcu.externaltools.gnu-tools-for-stm32.12.3.rel1.linux64_1.0.200.202406132123/tools/bin/../lib/gcc/arm-none-eabi/12.3.1/../../../../arm-none-eabi/lib/thumb/v7e-m+fp/hard/libc_nano.a(libc_a-reent.o) (_impure_ptr)
/opt/st/stm32cubeide_1.16.1/plugins/com.st.stm32cube.ide.mcu.externaltools.gnu-tools-for-stm32.12.3.rel1.linux64_1.0.200.202406132123/tools/bin/../lib/gcc/arm-none-eabi/12.3.1/../../../../arm-none-eabi/lib/thumb/v7e-m+fp/hard/libc_nano.a(libc_a-lseekr.o)
                              /opt/st/stm32cubeide_1.16.1/plugins/com.st.stm32cube.ide.mcu.externaltools.gnu-tools-for-stm32.12.3.rel1.linux64_1.0.200.202406132123/tools/bin/../lib/gcc/arm-none-eabi/12.3.1/../../../../arm-none-eabi/lib/thumb/v7e-m+fp/hard/libc_nano.a(libc_a-stdio.o) (_lseek_r)
[...]
Memory Configuration

Name             Origin             Length             Attributes
RAM              0x20000000         0x00020000         xrw
FLASH            0x08000000         0x00080000         xr
*default*        0x00000000         0xffffffff

Linker script and memory map

LOAD /opt/st/stm32cubeide_1.16.1/plugins/com.st.stm32cube.ide.mcu.externaltools.gnu-tools-for-stm32.12.3.rel1.linux64_1.0.200.202406132123/tools/bin/../lib/gcc/arm-none-eabi/12.3.1/thumb/v7e-m+fp/hard/crti.o
LOAD /opt/st/stm32cubeide_1.16.1/plugins/com.st.stm32cube.ide.mcu.externaltools.gnu-tools-for-stm32.12.3.rel1.linux64_1.0.200.202406132123/tools/bin/../lib/gcc/arm-none-eabi/12.3.1/thumb/v7e-m+fp/hard/crtbegin.o
LOAD /opt/st/stm32cubeide_1.16.1/plugins/com.st.stm32cube.ide.mcu.externaltools.gnu-tools-for-stm32.12.3.rel1.linux64_1.0.200.202406132123/tools/bin/../lib/gcc/arm-none-eabi/12.3.1/../../../../arm-none-eabi/lib/thumb/v7e-m+fp/hard/crt0.o
LOAD ./Core/Src/AMT212EV.o
LOAD ./Core/Src/MathOperation.o
LOAD ./Core/Src/main.o
LOAD ./Core/Src/stm32g4xx_hal_msp.o
LOAD ./Core/Src/stm32g4xx_it.o
LOAD ./Core/Src/syscalls.o
LOAD ./Core/Src/sysmem.o
LOAD ./Core/Src/system_stm32g4xx.o
LOAD ./Core/Startup/startup_stm32g474retx.o
LOAD ./Drivers/STM32G4xx_HAL_Driver/Src/stm32g4xx_hal.o
LOAD ./Drivers/STM32G4xx_HAL_Driver/Src/stm32g4xx_hal_cortex.o
LOAD ./Drivers/STM32G4xx_HAL_Driver/Src/stm32g4xx_hal_dma.o
LOAD ./Drivers/STM32G4xx_HAL_Driver/Src/stm32g4xx_hal_dma_ex.o
LOAD ./Drivers/STM32G4xx_HAL_Driver/Src/stm32g4xx_hal_exti.o
LOAD ./Drivers/STM32G4xx_HAL_Driver/Src/stm32g4xx_hal_flash.o
LOAD ./Drivers/STM32G4xx_HAL_Driver/Src/stm32g4xx_hal_flash_ex.o
LOAD ./Drivers/STM32G4xx_HAL_Driver/Src/stm32g4xx_hal_flash_ramfunc.o
LOAD ./Drivers/STM32G4xx_HAL_Driver/Src/stm32g4xx_hal_gpio.o
LOAD ./Drivers/STM32G4xx_HAL_Driver/Src/stm32g4xx_hal_pwr.o
LOAD ./Drivers/STM32G4xx_HAL_Driver/Src/stm32g4xx_hal_pwr_ex.o
LOAD ./Drivers/STM32G4xx_HAL_Driver/Src/stm32g4xx_hal_rcc.o
LOAD ./Drivers/STM32G4xx_HAL_Driver/Src/stm32g4xx_hal_rcc_ex.o
LOAD ./Drivers/STM32G4xx_HAL_Driver/Src/stm32g4xx_hal_tim.o
LOAD ./Drivers/STM32G4xx_HAL_Driver/Src/stm32g4xx_hal_tim_ex.o
LOAD ./Drivers/STM32G4xx_HAL_Driver/Src/stm32g4xx_hal_uart.o
LOAD ./Drivers/STM32G4xx_HAL_Driver/Src/stm32g4xx_hal_uart_ex.o
START GROUP
LOAD /opt/st/stm32cubeide_1.16.1/plugins/com.st.stm32cube.ide.mcu.externaltools.gnu-tools-for-stm32.12.3.rel1.linux64_1.0.200.202406132123/tools/bin/../lib/gcc/arm-none-eabi/12.3.1/../../../../arm-none-eabi/lib/thumb/v7e-m+fp/hard/libc_nano.a
LOAD /opt/st/stm32cubeide_1.16.1/plugins/com.st.stm32cube.ide.mcu.externaltools.gnu-tools-for-stm32.12.3.rel1.linux64_1.0.200.202406132123/tools/bin/../lib/gcc/arm-none-eabi/12.3.1/../../../../arm-none-eabi/lib/thumb/v7e-m+fp/hard/libm.a
END GROUP
START GROUP
LOAD /opt/st/stm32cubeide_1.16.1/plugins/com.st.stm32cube.ide.mcu.externaltools.gnu-tools-for-stm32.12.3.rel1.linux64_1.0.200.202406132123/tools/bin/../lib/gcc/arm-none-eabi/12.3.1/thumb/v7e-m+fp/hard/libgcc.a
LOAD /opt/st/stm32cubeide_1.16.1/plugins/com.st.stm32cube.ide.mcu.externaltools.gnu-tools-for-stm32.12.3.rel1.linux64_1.0.200.202406132123/tools/bin/../lib/gcc/arm-none-eabi/12.3.1/../../../../arm-none-eabi/lib/thumb/v7e-m+fp/hard/libc_nano.a
END GROUP
START GROUP
LOAD /opt/st/stm32cubeide_1.16.1/plugins/com.st.stm32cube.ide.mcu.externaltools.gnu-tools-for-stm32.12.3.rel1.linux64_1.0.200.202406132123/tools/bin/../lib/gcc/arm-none-eabi/12.3.1/thumb/v7e-m+fp/hard/libgcc.a
LOAD /opt/st/stm32cubeide_1.16.1/plugins/com.st.stm32cube.ide.mcu.externaltools.gnu-tools-for-stm32.12.3.rel1.linux64_1.0.200.202406132123/tools/bin/../lib/gcc/arm-none-eabi/12.3.1/../../../../arm-none-eabi/lib/thumb/v7e-m+fp/hard/libc_nano.a
LOAD /opt/st/stm32cubeide_1.16.1/plugins/com.st.stm32cube.ide.mcu.externaltools.gnu-tools-for-stm32.12.3.rel1.linux64_1.0.200.202406132123/tools/bin/../lib/gcc/arm-none-eabi/12.3.1/../../../../arm-none-eabi/lib/thumb/v7e-m+fp/hard/libnosys.a
END GROUP
START GROUP
LOAD /opt/st/stm32cubeide_1.16.1/plugins/com.st.stm32cube.ide.mcu.externaltools.gnu-tools-for-stm32.12.3.rel1.linux64_1.0.200.202406132123/tools/bin/../lib/gcc/arm-none-eabi/12.3.1/thumb/v7e-m+fp/hard/libgcc.a
LOAD /opt/st/stm32cubeide_1.16.1/plugins/com.st.stm32cube.ide.mcu.externaltools.gnu-tools-for-stm32.12.3.rel1.linux64_1.0.200.202406132123/tools/bin/../lib/gcc/arm-none-eabi/12.3.1/../../../../arm-none-eabi/lib/thumb/v7e-m+fp/hard/libc_nano.a
LOAD /opt/st/stm32cubeide_1.16.1/plugins/com.st.stm32cube.ide.mcu.externaltools.gnu-tools-for-stm32.12.3.rel1.linux64_1.0.200.202406132123/tools/bin/../lib/gcc/arm-none-eabi/12.3.1/../../../../arm-none-eabi/lib/thumb/v7e-m+fp/hard/libnosys.a
END GROUP
LOAD /opt/st/stm32cubeide_1.16.1/plugins/com.st.stm32cube.ide.mcu.externaltools.gnu-tools-for-stm32.12.3.rel1.linux64_1.0.200.202406132123/tools/bin/../lib/gcc/arm-none-eabi/12.3.1/thumb/v7e-m+fp/hard/crtend.o
LOAD /opt/st/stm32cubeide_1.16.1/plugins/com.st.stm32cube.ide.mcu.externaltools.gnu-tools-for-stm32.12.3.rel1.linux64_1.0.200.202406132123/tools/bin/../lib/gcc/arm-none-eabi/12.3.1/thumb/v7e-m+fp/hard/crtn.o
                0x20020000                        _estack = (ORIGIN (RAM) + LENGTH (RAM))
                0x00000200                        _Min_Heap_Size = 0x200
                0x00000400                        _Min_Stack_Size = 0x400

.isr_vector     0x08000000      0x1d8
                0x08000000                        . = ALIGN (0x4)
 *(.isr_vector)
 .isr_vector    0x08000000      0x1d8 ./Core/Startup/startup_stm32g474retx.o
                0x08000000                g_pfnVectors
                0x080001d8                        . = ALIGN (0x4)

.text           0x080001d8     0x6570
                0x080001d8                        . = ALIGN (0x4)
 *(.text)
 .text          0x080001d8       0x40 /opt/st/stm32cubeide_1.16.1/plugins/com.st.stm32cube.ide.mcu.externaltools.gnu-tools-for-stm32.12.3.rel1.linux64_1.0.200.202406132123/tools/bin/../lib/gcc/arm-none-eabi/12.3.1/thumb/v7e-m+fp/hard/crtbegin.o
 .text          0x08000218      0x378 /opt/st/stm32cubeide_1.16.1/plugins/com.st.stm32cube.ide.mcu.externaltools.gnu-tools-for-stm32.12.3.rel1.linux64_1.0.200.202406132123/tools/bin/../lib/gcc/arm-none-eabi/12.3.1/thumb/v7e-m+fp/hard/libgcc.a(_arm_addsubdf3.o)
                0x08000218                __aeabi_drsub
                0x08000220                __aeabi_dsub
                0x08000220                __subdf3
                0x08000224                __adddf3
                0x08000224                __aeabi_dadd
                0x0800049c                __aeabi_ui2d
                0x0800049c                __floatunsidf
                0x080004bc                __floatsidf
                0x080004bc                __aeabi_i2d
                0x080004e0                __extendsfdf2
                0x080004e0                __aeabi_f2d
                0x08000524                __aeabi_ul2d
                0x08000524                __floatundidf
                0x08000534                __floatdidf
                0x08000534                __aeabi_l2d
 .text          0x08000590      0x424 /opt/st/stm32cubeide_1.16.1/plugins/com.st.stm32cube.ide.mcu.externaltools.gnu-tools-for-stm32.12.3.rel1.linux64_1.0.200.202406132123/tools/bin/../lib/gcc/arm-none-eabi/12.3.1/thumb/v7e-m+fp/hard/libgcc.a(_arm_muldivdf3.o)
                0x08000590                __aeabi_dmul
                0x08000590                __muldf3
                0x080007e4                __aeabi_ddiv
                0x080007e4                __divdf3
 .text          0x080009b4       0xa0 /opt/st/stm32cubeide_1.16.1/plugins/com.st.stm32cube.ide.mcu.externaltools.gnu-tools-for-stm32.12.3.rel1.linux64_1.0.200.202406132123/tools/bin/../lib/gcc/arm-none-eabi/12.3.1/thumb/v7e-m+fp/hard/libgcc.a(_arm_truncdfsf2.o)
                0x080009b4                __aeabi_d2f
                0x080009b4                __truncdfsf2
 .text          0x08000a54       0x30 /opt/st/stm32cubeide_1.16.1/plugins/com.st.stm32cube.ide.mcu.externaltools.gnu-tools-for-stm32.12.3.rel1.linux64_1.0.200.202406132123/tools/bin/../lib/gcc/arm-none-eabi/12.3.1/thumb/v7e-m+fp/hard/libgcc.a(_aeabi_uldivmod.o)
                0x08000a54                __aeabi_uldivmod
 .text          0x08000a84      0x2bc /opt/st/stm32cubeide_1.16.1/plugins/com.st.stm32cube.ide.mcu.externaltools.gnu-tools-for-stm32.12.3.rel1.linux64_1.0.200.202406132123/tools/bin/../lib/gcc/arm-none-eabi/12.3.1/thumb/v7e-m+fp/hard/libgcc.a(_udivmoddi4.o)
                0x08000a84                __udivmoddi4
 .text          0x08000d40        0x4 /opt/st/stm32cubeide_1.16.1/plugins/com.st.stm32cube.ide.mcu.externaltools.gnu-tools-for-stm32.12.3.rel1.linux64_1.0.200.202406132123/tools/bin/../lib/gcc/arm-none-eabi/12.3.1/thumb/v7e-m+fp/hard/libgcc.a(_dvmd_tls.o)
                0x08000d40                __aeabi_ldiv0
                0x08000d40                __aeabi_idiv0
 *(.text*)
 .text.AMT212EV_Init
                0x08000d44       0xc4 ./Core/Src/AMT212EV.o
                0x08000d44                AMT212EV_Init
 .text.AMT212EV_ReadPosition
                0x08000e08       0x32 ./Core/Src/AMT212EV.o
                0x08000e08                AMT212EV_ReadPosition
 .text.AMT212EV_Processing_Data
                0x08000e3a       0x74 ./Core/Src/AMT212EV.o
                0x08000e3a                AMT212EV_Processing_Data
 *fill*         0x08000eae        0x2 
 .text.AMT212EV_DiffCount
                0x08000eb0      0x1e4 ./Core/Src/AMT212EV.o
                0x08000eb0                AMT212EV_DiffCount
 *fill*         0x08001094        0x4 
 .text.AMT212EV_Compute
                0x08001098       0xec ./Core/Src/AMT212EV.o
                0x08001098                AMT212EV_Compute
 .text.verifyChecksumRS485
                0x08001184       0x58 ./Core/Src/AMT212EV.o
                0x08001184                verifyChecksumRS485
 .text.main     0x080011dc       0x48 ./Core/Src/main.o
                0x080011dc                main
 .text.SystemClock_Config
                0x08001224       0x96 ./Core/Src/main.o
                0x08001224                SystemClock_Config
 *fill*         0x080012ba        0x2 
 .text.MX_TIM2_Init
                0x080012bc       0x9c ./Core/Src/main.o
 .text.MX_TIM3_Init
                0x08001358       0xcc ./Core/Src/main.o
 .text.MX_USART1_UART_Init
                0x08001424       0xa0 ./Core/Src/main.o
 .text.MX_DMA_Init
                0x080014c4       0x64 ./Core/Src/main.o
 .text.MX_GPIO_Init
                0x08001528      0x100 ./Core/Src/main.o
 .text.HAL_TIM_PeriodElapsedCallback
                0x08001628       0x34 ./Core/Src/main.o
                0x08001628                HAL_TIM_PeriodElapsedCallback
 .text.Error_Handler
                0x0800165c        0xc ./Core/Src/main.o
                0x0800165c                Error_Handler
 .text.HAL_MspInit
                0x08001668       0x48 ./Core/Src/stm32g4xx_hal_msp.o
                0x08001668                HAL_MspInit
 .text.HAL_TIM_Base_MspInit
                0x080016b0       0x48 ./Core/Src/stm32g4xx_hal_msp.o
                0x080016b0                HAL_TIM_Base_MspInit
 .text.HAL_TIM_PWM_MspInit
                0x080016f8       0x40 ./Core/Src/stm32g4xx_hal_msp.o
                0x080016f8                HAL_TIM_PWM_MspInit
 .text.HAL_TIM_MspPostInit
                0x08001738       0x6c ./Core/Src/stm32g4xx_hal_msp.o
                0x08001738                HAL_TIM_MspPostInit
 .text.HAL_UART_MspInit
                0x080017a4      0x1b4 ./Core/Src/stm32g4xx_hal_msp.o
                0x080017a4                HAL_UART_MspInit
 .text.NMI_Handler
                0x08001958        0x8 ./Core/Src/stm32g4xx_it.o
                0x08001958                NMI_Handler
 .text.HardFault_Handler
                0x08001960        0x8 ./Core/Src/stm32g4xx_it.o
                0x08001960                HardFault_Handler
 .text.MemManage_Handler
                0x08001968        0x8 ./Core/Src/stm32g4xx_it.o
                0x08001968                MemManage_Handler
 .text.BusFault_Handler
                0x08001970        0x8 ./Core/Src/stm32g4xx_it.o
                0x08001970                BusFault_Handler
 .text.UsageFault_Handler
                0x08001978        0x8 ./Core/Src/stm32g4xx_it.o
                0x08001978                UsageFault_Handler
 .text.SVC_Handler
                0x08001980        0xe ./Core/Src/stm32g4xx_it.o
                0x08001980                SVC_Handler
 .text.DebugMon_Handler
                0x0800198e        0xe ./Core/Src/stm32g4xx_it.o
                0x0800198e                DebugMon_Handler
 .text.PendSV_Handler
                0x0800199c        0xe ./Core/Src/stm32g4xx_it.o
                0x0800199c                PendSV_Handler
 .text.SysTick_Handler
                0x080019aa        0xc ./Core/Src/stm32g4xx_it.o
                0x080019aa                SysTick_Handler
 *fill*         0x080019b6        0x2 
 .text.DMA1_Channel1_IRQHandler
                0x080019b8       0x14 ./Core/Src/stm32g4xx_it.o
                0x080019b8                DMA1_Channel1_IRQHandler
 .text.DMA1_Channel2_IRQHandler
                0x080019cc       0x14 ./Core/Src/stm32g4xx_it.o
                0x080019cc                DMA1_Channel2_IRQHandler
 .text.TIM2_IRQHandler
                0x080019e0       0x14 ./Core/Src/stm32g4xx_it.o
                0x080019e0                TIM2_IRQHandler
 .text.USART1_IRQHandler
                0x080019f4       0x14 ./Core/Src/stm32g4xx_it.o
                0x080019f4                USART1_IRQHandler
 .text.EXTI15_10_IRQHandler
                0x08001a08       0x10 ./Core/Src/stm32g4xx_it.o
                0x08001a08                EXTI15_10_IRQHandler
 .text.SystemInit
                0x08001a18       0x24 ./Core/Src/system_stm32g4xx.o
                0x08001a18                SystemInit
 .text.Reset_Handler
                0x08001a3c       0x50 ./Core/Startup/startup_stm32g474retx.o
                0x08001a3c                Reset_Handler
 .text.Default_Handler
                0x08001a8c        0x2 ./Core/Startup/startup_stm32g474retx.o
                0x08001a8c                RTC_Alarm_IRQHandler
                0x08001a8c                EXTI2_IRQHandler
                0x08001a8c                TIM8_TRG_COM_IRQHandler
                0x08001a8c                TIM8_CC_IRQHandler
                0x08001a8c                HRTIM1_Master_IRQHandler
                0x08001a8c                SPI4_IRQHandler
                0x08001a8c                FDCAN3_IT0_IRQHandler
                0x08001a8c                TIM1_CC_IRQHandler
                0x08001a8c                HRTIM1_FLT_IRQHandler
                0x08001a8c                HRTIM1_TIMF_IRQHandler
                0x08001a8c                USB_HP_IRQHandler
                0x08001a8c                CORDIC_IRQHandler
                0x08001a8c                HRTIM1_TIMD_IRQHandler
                0x08001a8c                DMA2_Channel8_IRQHandler
                0x08001a8c                EXTI3_IRQHandler
                0x08001a8c                I2C3_ER_IRQHandler
                0x08001a8c                EXTI0_IRQHandler
                0x08001a8c                I2C2_EV_IRQHandler
                0x08001a8c                FPU_IRQHandler
                0x08001a8c                FDCAN1_IT1_IRQHandler
                0x08001a8c                TIM1_UP_TIM16_IRQHandler
                0x08001a8c                ADC1_2_IRQHandler
                0x08001a8c                HRTIM1_TIME_IRQHandler
                0x08001a8c                SPI1_IRQHandler
                0x08001a8c                TIM6_DAC_IRQHandler
                0x08001a8c                HRTIM1_TIMC_IRQHandler
                0x08001a8c                TIM8_UP_IRQHandler
                0x08001a8c                DMA2_Channel2_IRQHandler
                0x08001a8c                DMA1_Channel4_IRQHandler
                0x08001a8c                TIM20_TRG_COM_IRQHandler
                0x08001a8c                USART3_IRQHandler
                0x08001a8c                DMA1_Channel7_IRQHandler
                0x08001a8c                UART5_IRQHandler
                0x08001a8c                ADC3_IRQHandler
                0x08001a8c                TIM4_IRQHandler
                0x08001a8c                DMA2_Channel1_IRQHandler
                0x08001a8c                QUADSPI_IRQHandler
                0x08001a8c                I2C1_EV_IRQHandler
                0x08001a8c                DMA1_Channel6_IRQHandler
                0x08001a8c                UART4_IRQHandler
                0x08001a8c                DMA2_Channel4_IRQHandler
                0x08001a8c                TIM3_IRQHandler
                0x08001a8c                RCC_IRQHandler
                0x08001a8c                TIM20_UP_IRQHandler
                0x08001a8c                Default_Handler
                0x08001a8c                DMA2_Channel7_IRQHandler
                0x08001a8c                RTC_TAMP_LSECSS_IRQHandler
                0x08001a8c                FMAC_IRQHandler
                0x08001a8c                DMA1_Channel8_IRQHandler
                0x08001a8c                HRTIM1_TIMA_IRQHandler
                0x08001a8c                TIM7_DAC_IRQHandler
                0x08001a8c                FDCAN3_IT1_IRQHandler
                0x08001a8c                TIM5_IRQHandler
                0x08001a8c                UCPD1_IRQHandler
                0x08001a8c                I2C3_EV_IRQHandler
                0x08001a8c                EXTI9_5_IRQHandler
                0x08001a8c                RTC_WKUP_IRQHandler
                0x08001a8c                PVD_PVM_IRQHandler
                0x08001a8c                SPI2_IRQHandler
                0x08001a8c                ADC5_IRQHandler
                0x08001a8c                DMA2_Channel5_IRQHandler
                0x08001a8c                CRS_IRQHandler
                0x08001a8c                DMA1_Channel5_IRQHandler
                0x08001a8c                USB_LP_IRQHandler
                0x08001a8c                EXTI4_IRQHandler
                0x08001a8c                RNG_IRQHandler
                0x08001a8c                HRTIM1_TIMB_IRQHandler
                0x08001a8c                TIM1_TRG_COM_TIM17_IRQHandler
                0x08001a8c                FDCAN2_IT1_IRQHandler
                0x08001a8c                DMA1_Channel3_IRQHandler
                0x08001a8c                ADC4_IRQHandler
                0x08001a8c                WWDG_IRQHandler
                0x08001a8c                I2C4_EV_IRQHandler
                0x08001a8c                FDCAN2_IT0_IRQHandler
                0x08001a8c                LPUART1_IRQHandler
                0x08001a8c                DMA2_Channel6_IRQHandler
                0x08001a8c                FDCAN1_IT0_IRQHandler
                0x08001a8c                COMP7_IRQHandler
                0x08001a8c                COMP1_2_3_IRQHandler
                0x08001a8c                EXTI1_IRQHandler
                0x08001a8c                USART2_IRQHandler
                0x08001a8c                COMP4_5_6_IRQHandler
                0x08001a8c                TIM20_BRK_IRQHandler
                0x08001a8c                I2C2_ER_IRQHandler
                0x08001a8c                TIM8_BRK_IRQHandler
                0x08001a8c                FLASH_IRQHandler
                0x08001a8c                TIM20_CC_IRQHandler
                0x08001a8c                SPI3_IRQHandler
                0x08001a8c                I2C1_ER_IRQHandler
                0x08001a8c                FMC_IRQHandler
                0x08001a8c                LPTIM1_IRQHandler
                0x08001a8c                DMAMUX_OVR_IRQHandler
                0x08001a8c                I2C4_ER_IRQHandler
                0x08001a8c                USBWakeUp_IRQHandler
                0x08001a8c                SAI1_IRQHandler
                0x08001a8c                DMA2_Channel3_IRQHandler
                0x08001a8c                TIM1_BRK_TIM15_IRQHandler
 .text.HAL_Init
                0x08001a8e       0x30 ./Drivers/STM32G4xx_HAL_Driver/Src/stm32g4xx_hal.o
                0x08001a8e                HAL_Init
 *fill*         0x08001abe        0x2 
 .text.HAL_InitTick
                0x08001ac0       0x74 ./Drivers/STM32G4xx_HAL_Driver/Src/stm32g4xx_hal.o
                0x08001ac0                HAL_InitTick
 .text.HAL_IncTick
                0x08001b34       0x24 ./Drivers/STM32G4xx_HAL_Driver/Src/stm32g4xx_hal.o
                0x08001b34                HAL_IncTick
 .text.HAL_GetTick
                0x08001b58       0x18 ./Drivers/STM32G4xx_HAL_Driver/Src/stm32g4xx_hal.o
                0x08001b58                HAL_GetTick
 .text.__NVIC_SetPriorityGrouping
                0x08001b70       0x48 ./Drivers/STM32G4xx_HAL_Driver/Src/stm32g4xx_hal_cortex.o
 .text.__NVIC_GetPriorityGrouping
                0x08001bb8       0x1c ./Drivers/STM32G4xx_HAL_Driver/Src/stm32g4xx_hal_cortex.o
 .text.__NVIC_EnableIRQ
                0x08001bd4       0x3c ./Drivers/STM32G4xx_HAL_Driver/Src/stm32g4xx_hal_cortex.o
 .text.__NVIC_SetPriority
                0x08001c10       0x54 ./Drivers/STM32G4xx_HAL_Driver/Src/stm32g4xx_hal_cortex.o
 .text.NVIC_EncodePriority
                0x08001c64       0x66 ./Drivers/STM32G4xx_HAL_Driver/Src/stm32g4xx_hal_cortex.o
 *fill*         0x08001cca        0x2 
 .text.SysTick_Config
                0x08001ccc       0x44 ./Drivers/STM32G4xx_HAL_Driver/Src/stm32g4xx_hal_cortex.o
 .text.HAL_NVIC_SetPriorityGrouping
                0x08001d10       0x16 ./Drivers/STM32G4xx_HAL_Driver/Src/stm32g4xx_hal_cortex.o
                0x08001d10                HAL_NVIC_SetPriorityGrouping
 .text.HAL_NVIC_SetPriority
                0x08001d26       0x34 ./Drivers/STM32G4xx_HAL_Driver/Src/stm32g4xx_hal_cortex.o
                0x08001d26                HAL_NVIC_SetPriority
 .text.HAL_NVIC_EnableIRQ
                0x08001d5a       0x1c ./Drivers/STM32G4xx_HAL_Driver/Src/stm32g4xx_hal_cortex.o
                0x08001d5a                HAL_NVIC_EnableIRQ
 .text.HAL_SYSTICK_Config
                0x08001d76       0x18 ./Drivers/STM32G4xx_HAL_Driver/Src/stm32g4xx_hal_cortex.o
                0x08001d76                HAL_SYSTICK_Config
 *fill*         0x08001d8e        0x2 
 .text.HAL_DMA_Init
                0x08001d90      0x150 ./Drivers/STM32G4xx_HAL_Driver/Src/stm32g4xx_hal_dma.o
                0x08001d90                HAL_DMA_Init
 .text.HAL_DMA_Start_IT
                0x08001ee0       0xf6 ./Drivers/STM32G4xx_HAL_Driver/Src/stm32g4xx_hal_dma.o
                0x08001ee0                HAL_DMA_Start_IT
 .text.HAL_DMA_Abort
                0x08001fd6       0xb2 ./Drivers/STM32G4xx_HAL_Driver/Src/stm32g4xx_hal_dma.o
                0x08001fd6                HAL_DMA_Abort
 .text.HAL_DMA_Abort_IT
                0x08002088       0xce ./Drivers/STM32G4xx_HAL_Driver/Src/stm32g4xx_hal_dma.o
                0x08002088                HAL_DMA_Abort_IT
 .text.HAL_DMA_IRQHandler
                0x08002156      0x15e ./Drivers/STM32G4xx_HAL_Driver/Src/stm32g4xx_hal_dma.o
                0x08002156                HAL_DMA_IRQHandler
 .text.DMA_SetConfig
                0x080022b4       0x7c ./Drivers/STM32G4xx_HAL_Driver/Src/stm32g4xx_hal_dma.o
 .text.DMA_CalcDMAMUXChannelBaseAndMask
                0x08002330       0x7c ./Drivers/STM32G4xx_HAL_Driver/Src/stm32g4xx_hal_dma.o
 .text.DMA_CalcDMAMUXRequestGenBaseAndMask
                0x080023ac       0x48 ./Drivers/STM32G4xx_HAL_Driver/Src/stm32g4xx_hal_dma.o
 .text.HAL_GPIO_Init
                0x080023f4      0x304 ./Drivers/STM32G4xx_HAL_Driver/Src/stm32g4xx_hal_gpio.o
                0x080023f4                HAL_GPIO_Init
 .text.HAL_GPIO_WritePin
                0x080026f8       0x30 ./Drivers/STM32G4xx_HAL_Driver/Src/stm32g4xx_hal_gpio.o
                0x080026f8                HAL_GPIO_WritePin
 .text.HAL_GPIO_EXTI_IRQHandler
                0x08002728       0x30 ./Drivers/STM32G4xx_HAL_Driver/Src/stm32g4xx_hal_gpio.o
                0x08002728                HAL_GPIO_EXTI_IRQHandler
 .text.HAL_GPIO_EXTI_Callback
                0x08002758       0x16 ./Drivers/STM32G4xx_HAL_Driver/Src/stm32g4xx_hal_gpio.o
                0x08002758                HAL_GPIO_EXTI_Callback
 *fill*         0x0800276e        0x2 
 .text.HAL_PWREx_ControlVoltageScaling
                0x08002770      0x148 ./Drivers/STM32G4xx_HAL_Driver/Src/stm32g4xx_hal_pwr_ex.o
                0x08002770                HAL_PWREx_ControlVoltageScaling
 .text.HAL_PWREx_DisableUCPDDeadBattery
                0x080028b8       0x20 ./Drivers/STM32G4xx_HAL_Driver/Src/stm32g4xx_hal_pwr_ex.o
                0x080028b8                HAL_PWREx_DisableUCPDDeadBattery
 .text.HAL_RCC_OscConfig
                0x080028d8      0x624 ./Drivers/STM32G4xx_HAL_Driver/Src/stm32g4xx_hal_rcc.o
                0x080028d8                HAL_RCC_OscConfig
 .text.HAL_RCC_ClockConfig
                0x08002efc      0x278 ./Drivers/STM32G4xx_HAL_Driver/Src/stm32g4xx_hal_rcc.o
                0x08002efc                HAL_RCC_ClockConfig
 .text.HAL_RCC_GetSysClockFreq
                0x08003174       0xc4 ./Drivers/STM32G4xx_HAL_Driver/Src/stm32g4xx_hal_rcc.o
                0x08003174                HAL_RCC_GetSysClockFreq
 .text.HAL_RCC_GetHCLKFreq
                0x08003238       0x18 ./Drivers/STM32G4xx_HAL_Driver/Src/stm32g4xx_hal_rcc.o
                0x08003238                HAL_RCC_GetHCLKFreq
 .text.HAL_RCC_GetPCLK1Freq
                0x08003250       0x2c ./Drivers/STM32G4xx_HAL_Driver/Src/stm32g4xx_hal_rcc.o
                0x08003250                HAL_RCC_GetPCLK1Freq
 .text.HAL_RCC_GetPCLK2Freq
                0x0800327c       0x2c ./Drivers/STM32G4xx_HAL_Driver/Src/stm32g4xx_hal_rcc.o
                0x0800327c                HAL_RCC_GetPCLK2Freq
 .text.RCC_GetSysClockFreqFromPLLSource
                0x080032a8       0x8c ./Drivers/STM32G4xx_HAL_Driver/Src/stm32g4xx_hal_rcc.o
 .text.HAL_RCCEx_PeriphCLKConfig
                0x08003334      0x49c ./Drivers/STM32G4xx_HAL_Driver/Src/stm32g4xx_hal_rcc_ex.o
                0x08003334                HAL_RCCEx_PeriphCLKConfig
 .text.HAL_TIM_Base_Init
                0x080037d0       0xae ./Drivers/STM32G4xx_HAL_Driver/Src/stm32g4xx_hal_tim.o
                0x080037d0                HAL_TIM_Base_Init
 *fill*         0x0800387e        0x2 
 .text.HAL_TIM_Base_Start_IT
                0x08003880       0xf0 ./Drivers/STM32G4xx_HAL_Driver/Src/stm32g4xx_hal_tim.o
                0x08003880                HAL_TIM_Base_Start_IT
 .text.HAL_TIM_PWM_Init
                0x08003970       0xae ./Drivers/STM32G4xx_HAL_Driver/Src/stm32g4xx_hal_tim.o
                0x08003970                HAL_TIM_PWM_Init
 .text.HAL_TIM_IRQHandler
                0x08003a1e      0x29e ./Drivers/STM32G4xx_HAL_Driver/Src/stm32g4xx_hal_tim.o
                0x08003a1e                HAL_TIM_IRQHandler
 .text.HAL_TIM_PWM_ConfigChannel
                0x08003cbc      0x228 ./Drivers/STM32G4xx_HAL_Driver/Src/stm32g4xx_hal_tim.o
                0x08003cbc                HAL_TIM_PWM_ConfigChannel
 .text.HAL_TIM_ConfigClockSource
                0x08003ee4      0x22c ./Drivers/STM32G4xx_HAL_Driver/Src/stm32g4xx_hal_tim.o
                0x08003ee4                HAL_TIM_ConfigClockSource
 .text.HAL_TIM_OC_DelayElapsedCallback
                0x08004110       0x14 ./Drivers/STM32G4xx_HAL_Driver/Src/stm32g4xx_hal_tim.o
                0x08004110                HAL_TIM_OC_DelayElapsedCallback
 .text.HAL_TIM_IC_CaptureCallback
                0x08004124       0x14 ./Drivers/STM32G4xx_HAL_Driver/Src/stm32g4xx_hal_tim.o
                0x08004124                HAL_TIM_IC_CaptureCallback
 .text.HAL_TIM_PWM_PulseFinishedCallback
                0x08004138       0x14 ./Drivers/STM32G4xx_HAL_Driver/Src/stm32g4xx_hal_tim.o
                0x08004138                HAL_TIM_PWM_PulseFinishedCallback
 .text.HAL_TIM_TriggerCallback
                0x0800414c       0x14 ./Drivers/STM32G4xx_HAL_Driver/Src/stm32g4xx_hal_tim.o
                0x0800414c                HAL_TIM_TriggerCallback
 .text.TIM_Base_SetConfig
                0x08004160      0x168 ./Drivers/STM32G4xx_HAL_Driver/Src/stm32g4xx_hal_tim.o
                0x08004160                TIM_Base_SetConfig
 .text.TIM_OC1_SetConfig
                0x080042c8      0x134 ./Drivers/STM32G4xx_HAL_Driver/Src/stm32g4xx_hal_tim.o
 .text.TIM_OC2_SetConfig
                0x080043fc      0x128 ./Drivers/STM32G4xx_HAL_Driver/Src/stm32g4xx_hal_tim.o
                0x080043fc                TIM_OC2_SetConfig
 .text.TIM_OC3_SetConfig
                0x08004524      0x124 ./Drivers/STM32G4xx_HAL_Driver/Src/stm32g4xx_hal_tim.o
 .text.TIM_OC4_SetConfig
                0x08004648      0x128 ./Drivers/STM32G4xx_HAL_Driver/Src/stm32g4xx_hal_tim.o
 .text.TIM_OC5_SetConfig
                0x08004770       0xd4 ./Drivers/STM32G4xx_HAL_Driver/Src/stm32g4xx_hal_tim.o
 .text.TIM_OC6_SetConfig
                0x08004844       0xd8 ./Drivers/STM32G4xx_HAL_Driver/Src/stm32g4xx_hal_tim.o
 .text.TIM_TI1_ConfigInputStage
                0x0800491c       0x5e ./Drivers/STM32G4xx_HAL_Driver/Src/stm32g4xx_hal_tim.o
 .text.TIM_TI2_ConfigInputStage
                0x0800497a       0x60 ./Drivers/STM32G4xx_HAL_Driver/Src/stm32g4xx_hal_tim.o
 .text.TIM_ITRx_SetConfig
                0x080049da       0x3a ./Drivers/STM32G4xx_HAL_Driver/Src/stm32g4xx_hal_tim.o
 .text.TIM_ETR_SetConfig
                0x08004a14       0x40 ./Drivers/STM32G4xx_HAL_Driver/Src/stm32g4xx_hal_tim.o
                0x08004a14                TIM_ETR_SetConfig
 .text.HAL_TIMEx_MasterConfigSynchronization
                0x08004a54      0x12c ./Drivers/STM32G4xx_HAL_Driver/Src/stm32g4xx_hal_tim_ex.o
                0x08004a54                HAL_TIMEx_MasterConfigSynchronization
 .text.HAL_TIMEx_CommutCallback
                0x08004b80       0x14 ./Drivers/STM32G4xx_HAL_Driver/Src/stm32g4xx_hal_tim_ex.o
                0x08004b80                HAL_TIMEx_CommutCallback
 .text.HAL_TIMEx_BreakCallback
                0x08004b94       0x14 ./Drivers/STM32G4xx_HAL_Driver/Src/stm32g4xx_hal_tim_ex.o
                0x08004b94                HAL_TIMEx_BreakCallback
 .text.HAL_TIMEx_Break2Callback
                0x08004ba8       0x14 ./Drivers/STM32G4xx_HAL_Driver/Src/stm32g4xx_hal_tim_ex.o
                0x08004ba8                HAL_TIMEx_Break2Callback
 .text.HAL_TIMEx_EncoderIndexCallback
                0x08004bbc       0x14 ./Drivers/STM32G4xx_HAL_Driver/Src/stm32g4xx_hal_tim_ex.o
                0x08004bbc                HAL_TIMEx_EncoderIndexCallback
 .text.HAL_TIMEx_DirectionChangeCallback
                0x08004bd0       0x14 ./Drivers/STM32G4xx_HAL_Driver/Src/stm32g4xx_hal_tim_ex.o
                0x08004bd0                HAL_TIMEx_DirectionChangeCallback
 .text.HAL_TIMEx_IndexErrorCallback
                0x08004be4       0x14 ./Drivers/STM32G4xx_HAL_Driver/Src/stm32g4xx_hal_tim_ex.o
                0x08004be4                HAL_TIMEx_IndexErrorCallback
 .text.HAL_TIMEx_TransitionErrorCallback
                0x08004bf8       0x14 ./Drivers/STM32G4xx_HAL_Driver/Src/stm32g4xx_hal_tim_ex.o
                0x08004bf8                HAL_TIMEx_TransitionErrorCallback
 .text.HAL_UART_Transmit_DMA
                0x08004c0c      0x100 ./Drivers/STM32G4xx_HAL_Driver/Src/stm32g4xx_hal_uart.o
                0x08004c0c                HAL_UART_Transmit_DMA
 .text.HAL_UART_Receive_DMA
                0x08004d0c       0x98 ./Drivers/STM32G4xx_HAL_Driver/Src/stm32g4xx_hal_uart.o
                0x08004d0c                HAL_UART_Receive_DMA
 .text.HAL_UART_IRQHandler
                0x08004da4      0x684 ./Drivers/STM32G4xx_HAL_Driver/Src/stm32g4xx_hal_uart.o
                0x08004da4                HAL_UART_IRQHandler
 .text.HAL_UART_TxCpltCallback
                0x08005428       0x14 ./Drivers/STM32G4xx_HAL_Driver/Src/stm32g4xx_hal_uart.o
                0x08005428                HAL_UART_TxCpltCallback
 .text.HAL_UART_TxHalfCpltCallback
                0x0800543c       0x14 ./Drivers/STM32G4xx_HAL_Driver/Src/stm32g4xx_hal_uart.o
                0x0800543c                HAL_UART_TxHalfCpltCallback
 .text.HAL_UART_RxCpltCallback
                0x08005450       0x14 ./Drivers/STM32G4xx_HAL_Driver/Src/stm32g4xx_hal_uart.o
                0x08005450                HAL_UART_RxCpltCallback
 .text.HAL_UART_RxHalfCpltCallback
                0x08005464       0x14 ./Drivers/STM32G4xx_HAL_Driver/Src/stm32g4xx_hal_uart.o
                0x08005464                HAL_UART_RxHalfCpltCallback
 .text.HAL_UART_ErrorCallback
                0x08005478       0x14 ./Drivers/STM32G4xx_HAL_Driver/Src/stm32g4xx_hal_uart.o
                0x08005478                HAL_UART_ErrorCallback
 .text.HAL_UARTEx_RxEventCallback
                0x0800548c       0x18 ./Drivers/STM32G4xx_HAL_Driver/Src/stm32g4xx_hal_uart.o
                0x0800548c                HAL_UARTEx_RxEventCallback
 .text.UART_SetConfig
                0x080054a4      0x5f8 ./Drivers/STM32G4xx_HAL_Driver/Src/stm32g4xx_hal_uart.o
                0x080054a4                UART_SetConfig
 .text.UART_AdvFeatureConfig
                0x08005a9c      0x144 ./Drivers/STM32G4xx_HAL_Driver/Src/stm32g4xx_hal_uart.o
                0x08005a9c                UART_AdvFeatureConfig
 .text.UART_CheckIdleState
                0x08005be0      0x154 ./Drivers/STM32G4xx_HAL_Driver/Src/stm32g4xx_hal_uart.o
                0x08005be0                UART_CheckIdleState
 .text.UART_WaitOnFlagUntilTimeout
                0x08005d34       0xda ./Drivers/STM32G4xx_HAL_Driver/Src/stm32g4xx_hal_uart.o
                0x08005d34                UART_WaitOnFlagUntilTimeout
 *fill*         0x08005e0e        0x2 
 .text.UART_Start_Receive_DMA
                0x08005e10      0x14c ./Drivers/STM32G4xx_HAL_Driver/Src/stm32g4xx_hal_uart.o
                0x08005e10                UART_Start_Receive_DMA
 .text.UART_EndTxTransfer
                0x08005f5c       0x82 ./Drivers/STM32G4xx_HAL_Driver/Src/stm32g4xx_hal_uart.o
 .text.UART_EndRxTransfer
                0x08005fde       0xcc ./Drivers/STM32G4xx_HAL_Driver/Src/stm32g4xx_hal_uart.o
 .text.UART_DMATransmitCplt
                0x080060aa       0x9a ./Drivers/STM32G4xx_HAL_Driver/Src/stm32g4xx_hal_uart.o
 .text.UART_DMATxHalfCplt
                0x08006144       0x1c ./Drivers/STM32G4xx_HAL_Driver/Src/stm32g4xx_hal_uart.o
 .text.UART_DMAReceiveCplt
                0x08006160      0x12c ./Drivers/STM32G4xx_HAL_Driver/Src/stm32g4xx_hal_uart.o
 .text.UART_DMARxHalfCplt
                0x0800628c       0x3e ./Drivers/STM32G4xx_HAL_Driver/Src/stm32g4xx_hal_uart.o
 .text.UART_DMAError
                0x080062ca       0x80 ./Drivers/STM32G4xx_HAL_Driver/Src/stm32g4xx_hal_uart.o
 .text.UART_DMAAbortOnError
                0x0800634a       0x24 ./Drivers/STM32G4xx_HAL_Driver/Src/stm32g4xx_hal_uart.o
 .text.UART_EndTransmit_IT
                0x0800636e       0x56 ./Drivers/STM32G4xx_HAL_Driver/Src/stm32g4xx_hal_uart.o
 .text.HAL_RS485Ex_Init
                0x080063c4       0xd2 ./Drivers/STM32G4xx_HAL_Driver/Src/stm32g4xx_hal_uart_ex.o
                0x080063c4                HAL_RS485Ex_Init
 .text.HAL_UARTEx_WakeupCallback
                0x08006496       0x14 ./Drivers/STM32G4xx_HAL_Driver/Src/stm32g4xx_hal_uart_ex.o
                0x08006496                HAL_UARTEx_WakeupCallback
 .text.HAL_UARTEx_RxFifoFullCallback
                0x080064aa       0x14 ./Drivers/STM32G4xx_HAL_Driver/Src/stm32g4xx_hal_uart_ex.o
                0x080064aa                HAL_UARTEx_RxFifoFullCallback
 .text.HAL_UARTEx_TxFifoEmptyCallback
                0x080064be       0x14 ./Drivers/STM32G4xx_HAL_Driver/Src/stm32g4xx_hal_uart_ex.o
                0x080064be                HAL_UARTEx_TxFifoEmptyCallback
 .text.HAL_UARTEx_DisableFifoMode
                0x080064d2       0x72 ./Drivers/STM32G4xx_HAL_Driver/Src/stm32g4xx_hal_uart_ex.o
                0x080064d2                HAL_UARTEx_DisableFifoMode
 .text.HAL_UARTEx_SetTxFifoThreshold
                0x08006544       0x7c ./Drivers/STM32G4xx_HAL_Driver/Src/stm32g4xx_hal_uart_ex.o
                0x08006544                HAL_UARTEx_SetTxFifoThreshold
 .text.HAL_UARTEx_SetRxFifoThreshold
                0x080065c0       0x7c ./Drivers/STM32G4xx_HAL_Driver/Src/stm32g4xx_hal_uart_ex.o
                0x080065c0                HAL_UARTEx_SetRxFifoThreshold
 .text.UARTEx_SetNbDataToProcess
                0x0800663c       0x9c ./Drivers/STM32G4xx_HAL_Driver/Src/stm32g4xx_hal_uart_ex.o
 .text.memset   0x080066d8       0x10 /opt/st/stm32cubeide_1.16.1/plugins/com.st.stm32cube.ide.mcu.externaltools.gnu-tools-for-stm32.12.3.rel1.linux64_1.0.200.202406132123/tools/bin/../lib/gcc/arm-none-eabi/12.3.1/../../../../arm-none-eabi/lib/thumb/v7e-m+fp/hard/libc_nano.a(libc_a-memset.o)
                0x080066d8                memset
 .text.__libc_init_array
                0x080066e8       0x48 /opt/st/stm32cubeide_1.16.1/plugins/com.st.stm32cube.ide.mcu.externaltools.gnu-tools-for-stm32.12.3.rel1.linux64_1.0.200.202406132123/tools/bin/../lib/gcc/arm-none-eabi/12.3.1/../../../../arm-none-eabi/lib/thumb/v7e-m+fp/hard/libc_nano.a(libc_a-init.o)
                0x080066e8                __libc_init_array
 *(.glue_7)
 .glue_7        0x08006730        0x0 linker stubs
 *(.glue_7t)
 .glue_7t       0x08006730        0x0 linker stubs
 *(.eh_frame)
 .eh_frame      0x08006730        0x0 /opt/st/stm32cubeide_1.16.1/plugins/com.st.stm32cube.ide.mcu.externaltools.gnu-tools-for-stm32.12.3.rel1.linux64_1.0.200.202406132123/tools/bin/../lib/gcc/arm-none-eabi/12.3.1/thumb/v7e-m+fp/hard/crtbegin.o
 *(.init)
 .init          0x08006730        0x4 /opt/st/stm32cubeide_1.16.1/plugins/com.st.stm32cube.ide.mcu.externaltools.gnu-tools-for-stm32.12.3.rel1.linux64_1.0.200.202406132123/tools/bin/../lib/gcc/arm-none-eabi/12.3.1/thumb/v7e-m+fp/hard/crti.o
                0x08006730                _init
 .init          0x08006734        0x8 /opt/st/stm32cubeide_1.16.1/plugins/com.st.stm32cube.ide.mcu.externaltools.gnu-tools-for-stm32.12.3.rel1.linux64_1.0.200.202406132123/tools/bin/../lib/gcc/arm-none-eabi/12.3.1/thumb/v7e-m+fp/hard/crtn.o
 *(.fini)
 .fini          0x0800673c        0x4 /opt/st/stm32cubeide_1.16.1/plugins/com.st.stm32cube.ide.mcu.externaltools.gnu-tools-for-stm32.12.3.rel1.linux64_1.0.200.202406132123/tools/bin/../lib/gcc/arm-none-eabi/12.3.1/thumb/v7e-m+fp/hard/crti.o
                0x0800673c                _fini
 .fini          0x08006740        0x8 /opt/st/stm32cubeide_1.16.1/plugins/com.st.stm32cube.ide.mcu.externaltools.gnu-tools-for-stm32.12.3.rel1.linux64_1.0.200.202406132123/tools/bin/../lib/gcc/arm-none-eabi/12.3.1/thumb/v7e-m+fp/hard/crtn.o
                0x08006748                        . = ALIGN (0x4)
                0x08006748                        _etext = .

.vfp11_veneer   0x08006748        0x0
 .vfp11_veneer  0x08006748        0x0 linker stubs

.v4_bx          0x08006748        0x0
 .v4_bx         0x08006748        0x0 linker stubs

.iplt           0x08006748        0x0
 .iplt          0x08006748        0x0 /opt/st/stm32cubeide_1.16.1/plugins/com.st.stm32cube.ide.mcu.externaltools.gnu-tools-for-stm32.12.3.rel1.linux64_1.0.200.202406132123/tools/bin/../lib/gcc/arm-none-eabi/12.3.1/thumb/v7e-m+fp/hard/crtbegin.o

.rodata         0x08006748       0x40
                0x08006748                        . = ALIGN (0x4)
 *(.rodata)
 *(.rodata*)
 .rodata.AHBPrescTable
                0x08006748       0x10 ./Core/Src/system_stm32g4xx.o
                0x08006748                AHBPrescTable
 .rodata.APBPrescTable
                0x08006758        0x8 ./Core/Src/system_stm32g4xx.o
                0x08006758                APBPrescTable
 .rodata.UARTPrescTable
                0x08006760       0x18 ./Drivers/STM32G4xx_HAL_Driver/Src/stm32g4xx_hal_uart.o
                0x08006760                UARTPrescTable
 .rodata.numerator.1
                0x08006778        0x8 ./Drivers/STM32G4xx_HAL_Driver/Src/stm32g4xx_hal_uart_ex.o
 .rodata.denominator.0
                0x08006780        0x8 ./Drivers/STM32G4xx_HAL_Driver/Src/stm32g4xx_hal_uart_ex.o
                0x08006788                        . = ALIGN (0x4)

.ARM.extab      0x08006788        0x0
                0x08006788                        . = ALIGN (0x4)
 *(.ARM.extab* .gnu.linkonce.armextab.*)
                0x08006788                        . = ALIGN (0x4)

.ARM            0x08006788        0x8
                0x08006788                        . = ALIGN (0x4)
                0x08006788                        __exidx_start = .
 *(.ARM.exidx*)
 .ARM.exidx     0x08006788        0x8 /opt/st/stm32cubeide_1.16.1/plugins/com.st.stm32cube.ide.mcu.externaltools.gnu-tools-for-stm32.12.3.rel1.linux64_1.0.200.202406132123/tools/bin/../lib/gcc/arm-none-eabi/12.3.1/thumb/v7e-m+fp/hard/libgcc.a(_udivmoddi4.o)
                0x08006790                        __exidx_end = .
                0x08006790                        . = ALIGN (0x4)

.preinit_array  0x08006790        0x0
                0x08006790                        . = ALIGN (0x4)
                0x08006790                        PROVIDE (__preinit_array_start = .)
 *(.preinit_array*)
                0x08006790                        PROVIDE (__preinit_array_end = .)
                0x08006790                        . = ALIGN (0x4)

.init_array     0x08006790        0x4
                0x08006790                        . = ALIGN (0x4)
                0x08006790                        PROVIDE (__init_array_start = .)
 *(SORT_BY_NAME(.init_array.*))
 *(.init_array*)
 .init_array    0x08006790        0x4 /opt/st/stm32cubeide_1.16.1/plugins/com.st.stm32cube.ide.mcu.externaltools.gnu-tools-for-stm32.12.3.rel1.linux64_1.0.200.202406132123/tools/bin/../lib/gcc/arm-none-eabi/12.3.1/thumb/v7e-m+fp/hard/crtbegin.o
                0x08006794                        PROVIDE (__init_array_end = .)
                0x08006794                        . = ALIGN (0x4)

.fini_array     0x08006794        0x4
                0x08006794                        . = ALIGN (0x4)
                [!provide]                        PROVIDE (__fini_array_start = .)
 *(SORT_BY_NAME(.fini_array.*))
 *(.fini_array*)
 .fini_array    0x08006794        0x4 /opt/st/stm32cubeide_1.16.1/plugins/com.st.stm32cube.ide.mcu.externaltools.gnu-tools-for-stm32.12.3.rel1.linux64_1.0.200.202406132123/tools/bin/../lib/gcc/arm-none-eabi/12.3.1/thumb/v7e-m+fp/hard/crtbegin.o
                [!provide]                        PROVIDE (__fini_array_end = .)
                0x08006798                        . = ALIGN (0x4)
                0x08006798                        _sidata = LOADADDR (.data)

.rel.dyn        0x08006798        0x0
 .rel.iplt      0x08006798        0x0 /opt/st/stm32cubeide_1.16.1/plugins/com.st.stm32cube.ide.mcu.externaltools.gnu-tools-for-stm32.12.3.rel1.linux64_1.0.200.202406132123/tools/bin/../lib/gcc/arm-none-eabi/12.3.1/thumb/v7e-m+fp/hard/crtbegin.o

.data           0x20000000        0xc load address 0x08006798
                0x20000000                        . = ALIGN (0x4)
                0x20000000                        _sdata = .
 *(.data)
 *(.data*)
 .data.SystemCoreClock
                0x20000000        0x4 ./Core/Src/system_stm32g4xx.o
                0x20000000                SystemCoreClock
 .data.uwTickPrio
                0x20000004        0x4 ./Drivers/STM32G4xx_HAL_Driver/Src/stm32g4xx_hal.o
                0x20000004                uwTickPrio
 .data.uwTickFreq
                0x20000008        0x4 ./Drivers/STM32G4xx_HAL_Driver/Src/stm32g4xx_hal.o
                0x20000008                uwTickFreq
 *(.RamFunc)
 *(.RamFunc*)
                0x2000000c                        . = ALIGN (0x4)
                0x2000000c                        _edata = .

.igot.plt       0x2000000c        0x0 load address 0x080067a4
 .igot.plt      0x2000000c        0x0 /opt/st/stm32cubeide_1.16.1/plugins/com.st.stm32cube.ide.mcu.externaltools.gnu-tools-for-stm32.12.3.rel1.linux64_1.0.200.202406132123/tools/bin/../lib/gcc/arm-none-eabi/12.3.1/thumb/v7e-m+fp/hard/crtbegin.o
                0x2000000c                        . = ALIGN (0x4)

.bss            0x2000000c      0x250 load address 0x080067a4
                0x2000000c                        _sbss = .
                0x2000000c                        __bss_start__ = _sbss
 *(.bss)
 .bss           0x2000000c       0x1c /opt/st/stm32cubeide_1.16.1/plugins/com.st.stm32cube.ide.mcu.externaltools.gnu-tools-for-stm32.12.3.rel1.linux64_1.0.200.202406132123/tools/bin/../lib/gcc/arm-none-eabi/12.3.1/thumb/v7e-m+fp/hard/crtbegin.o
 *(.bss*)
 .bss.htim2     0x20000028       0x4c ./Core/Src/main.o
                0x20000028                htim2
 .bss.htim3     0x20000074       0x4c ./Core/Src/main.o
                0x20000074                htim3
 .bss.huart1    0x200000c0       0x94 ./Core/Src/main.o
                0x200000c0                huart1
 .bss.hdma_usart1_rx
                0x20000154       0x60 ./Core/Src/main.o
                0x20000154                hdma_usart1_rx
 .bss.hdma_usart1_tx
                0x200001b4       0x60 ./Core/Src/main.o
                0x200001b4                hdma_usart1_tx
 .bss.amt       0x20000214       0x44 ./Core/Src/main.o
                0x20000214                amt
 .bss.uwTick    0x20000258        0x4 ./Drivers/STM32G4xx_HAL_Driver/Src/stm32g4xx_hal.o
                0x20000258                uwTick
 *(COMMON)
                0x2000025c                        . = ALIGN (0x4)
                0x2000025c                        _ebss = .
                0x2000025c                        __bss_end__ = _ebss

._user_heap_stack
                0x2000025c      0x604 load address 0x080067a4
                0x20000260                        . = ALIGN (0x8)
 *fill*         0x2000025c        0x4 
                [!provide]                        PROVIDE (end = .)
                0x20000260                        PROVIDE (_end = .)
                0x20000460                        . = (. + _Min_Heap_Size)
 *fill*         0x20000260      0x200 
                0x20000860                        . = (. + _Min_Stack_Size)
 *fill*         0x20000460      0x400 
                0x20000860                        . = ALIGN (0x8)

/DISCARD/
 libc.a(*)
 libm.a(*)
 libgcc.a(*)

.ARM.attributes
                0x00000000       0x30
 *(.ARM.attributes)
 .ARM.attributes
                0x00000000       0x22 /opt/st/stm32cubeide_1.16.1/plugins/com.st.stm32cube.ide.mcu.externaltools.gnu-tools-for-stm32.12.3.rel1.linux64_1.0.200.202406132123/tools/bin/../lib/gcc/arm-none-eabi/12.3.1/thumb/v7e-m+fp/hard/crti.o
 .ARM.attributes
                0x00000022       0x34 /opt/st/stm32cubeide_1.16.1/plugins/com.st.stm32cube.ide.mcu.externaltools.gnu-tools-for-stm32.12.3.rel1.linux64_1.0.200.202406132123/tools/bin/../lib/gcc/arm-none-eabi/12.3.1/thumb/v7e-m+fp/hard/crtbegin.o
 .ARM.attributes
                0x00000056       0x34 ./Core/Src/AMT212EV.o
 .ARM.attributes
                0x0000008a       0x34 ./Core/Src/main.o
 .ARM.attributes
                0x000000be       0x34 ./Core/Src/stm32g4xx_hal_msp.o
 .ARM.attributes
                0x000000f2       0x34 ./Core/Src/stm32g4xx_it.o
 .ARM.attributes
                0x00000126       0x34 ./Core/Src/system_stm32g4xx.o
 .ARM.attributes
                0x0000015a       0x21 ./Core/Startup/startup_stm32g474retx.o
 .ARM.attributes
                0x0000017b       0x34 ./Drivers/STM32G4xx_HAL_Driver/Src/stm32g4xx_hal.o
 .ARM.attributes
                0x000001af       0x34 ./Drivers/STM32G4xx_HAL_Driver/Src/stm32g4xx_hal_cortex.o
 .ARM.attributes
                0x000001e3       0x34 ./Drivers/STM32G4xx_HAL_Driver/Src/stm32g4xx_hal_dma.o
 .ARM.attributes
                0x00000217       0x34 ./Drivers/STM32G4xx_HAL_Driver/Src/stm32g4xx_hal_gpio.o
 .ARM.attributes
                0x0000024b       0x34 ./Drivers/STM32G4xx_HAL_Driver/Src/stm32g4xx_hal_pwr_ex.o
 .ARM.attributes
                0x0000027f       0x34 ./Drivers/STM32G4xx_HAL_Driver/Src/stm32g4xx_hal_rcc.o
 .ARM.attributes
                0x000002b3       0x34 ./Drivers/STM32G4xx_HAL_Driver/Src/stm32g4xx_hal_rcc_ex.o
 .ARM.attributes
                0x000002e7       0x34 ./Drivers/STM32G4xx_HAL_Driver/Src/stm32g4xx_hal_tim.o
 .ARM.attributes
                0x0000031b       0x34 ./Drivers/STM32G4xx_HAL_Driver/Src/stm32g4xx_hal_tim_ex.o
 .ARM.attributes
                0x0000034f       0x34 ./Drivers/STM32G4xx_HAL_Driver/Src/stm32g4xx_hal_uart.o
 .ARM.attributes
                0x00000383       0x34 ./Drivers/STM32G4xx_HAL_Driver/Src/stm32g4xx_hal_uart_ex.o
 .ARM.attributes
                0x000003b7       0x34 /opt/st/stm32cubeide_1.16.1/plugins/com.st.stm32cube.ide.mcu.externaltools.gnu-tools-for-stm32.12.3.rel1.linux64_1.0.200.202406132123/tools/bin/../lib/gcc/arm-none-eabi/12.3.1/../../../../arm-none-eabi/lib/thumb/v7e-m+fp/hard/libc_nano.a(libc_a-memset.o)
 .ARM.attributes
                0x000003eb       0x34 /opt/st/stm32cubeide_1.16.1/plugins/com.st.stm32cube.ide.mcu.externaltools.gnu-tools-for-stm32.12.3.rel1.linux64_1.0.200.202406132123/tools/bin/../lib/gcc/arm-none-eabi/12.3.1/../../../../arm-none-eabi/lib/thumb/v7e-m+fp/hard/libc_nano.a(libc_a-init.o)
 .ARM.attributes
                0x0000041f       0x22 /opt/st/stm32cubeide_1.16.1/plugins/com.st.stm32cube.ide.mcu.externaltools.gnu-tools-for-stm32.12.3.rel1.linux64_1.0.200.202406132123/tools/bin/../lib/gcc/arm-none-eabi/12.3.1/thumb/v7e-m+fp/hard/libgcc.a(_arm_addsubdf3.o)
 .ARM.attributes
                0x00000441       0x22 /opt/st/stm32cubeide_1.16.1/plugins/com.st.stm32cube.ide.mcu.externaltools.gnu-tools-for-stm32.12.3.rel1.linux64_1.0.200.202406132123/tools/bin/../lib/gcc/arm-none-eabi/12.3.1/thumb/v7e-m+fp/hard/libgcc.a(_arm_muldivdf3.o)
 .ARM.attributes
                0x00000463       0x22 /opt/st/stm32cubeide_1.16.1/plugins/com.st.stm32cube.ide.mcu.externaltools.gnu-tools-for-stm32.12.3.rel1.linux64_1.0.200.202406132123/tools/bin/../lib/gcc/arm-none-eabi/12.3.1/thumb/v7e-m+fp/hard/libgcc.a(_arm_truncdfsf2.o)
 .ARM.attributes
                0x00000485       0x22 /opt/st/stm32cubeide_1.16.1/plugins/com.st.stm32cube.ide.mcu.externaltools.gnu-tools-for-stm32.12.3.rel1.linux64_1.0.200.202406132123/tools/bin/../lib/gcc/arm-none-eabi/12.3.1/thumb/v7e-m+fp/hard/libgcc.a(_aeabi_uldivmod.o)
 .ARM.attributes
                0x000004a7       0x34 /opt/st/stm32cubeide_1.16.1/plugins/com.st.stm32cube.ide.mcu.externaltools.gnu-tools-for-stm32.12.3.rel1.linux64_1.0.200.202406132123/tools/bin/../lib/gcc/arm-none-eabi/12.3.1/thumb/v7e-m+fp/hard/libgcc.a(_udivmoddi4.o)
 .ARM.attributes
                0x000004db       0x22 /opt/st/stm32cubeide_1.16.1/plugins/com.st.stm32cube.ide.mcu.externaltools.gnu-tools-for-stm32.12.3.rel1.linux64_1.0.200.202406132123/tools/bin/../lib/gcc/arm-none-eabi/12.3.1/thumb/v7e-m+fp/hard/libgcc.a(_dvmd_tls.o)
 .ARM.attributes
                0x000004fd       0x22 /opt/st/stm32cubeide_1.16.1/plugins/com.st.stm32cube.ide.mcu.externaltools.gnu-tools-for-stm32.12.3.rel1.linux64_1.0.200.202406132123/tools/bin/../lib/gcc/arm-none-eabi/12.3.1/thumb/v7e-m+fp/hard/crtn.o
OUTPUT(AMT212E-V_Micro-ROS_USB.elf elf32-littlearm)
LOAD linker stubs
LOAD /opt/st/stm32cubeide_1.16.1/plugins/com.st.stm32cube.ide.mcu.externaltools.gnu-tools-for-stm32.12.3.rel1.linux64_1.0.200.202406132123/tools/bin/../lib/gcc/arm-none-eabi/12.3.1/../../../../arm-none-eabi/lib/thumb/v7e-m+fp/hard/libc.a
LOAD /opt/st/stm32cubeide_1.16.1/plugins/com.st.stm32cube.ide.mcu.externaltools.gnu-tools-for-stm32.12.3.rel1.linux64_1.0.200.202406132123/tools/bin/../lib/gcc/arm-none-eabi/12.3.1/../../../../arm-none-eabi/lib/thumb/v7e-m+fp/hard/libm.a
LOAD /opt/st/stm32cubeide_1.16.1/plugins/com.st.stm32cube.ide.mcu.externaltools.gnu-tools-for-stm32.12.3.rel1.linux64_1.0.200.202406132123/tools/bin/../lib/gcc/arm-none-eabi/12.3.1/thumb/v7e-m+fp/hard/libgcc.a

.debug_info     0x00000000    0x13b37
 .debug_info    0x00000000      0xc1d ./Core/Src/AMT212EV.o
 .debug_info    0x00000c1d     0x1a4b ./Core/Src/main.o
 .debug_info    0x00002668     0x15ae ./Core/Src/stm32g4xx_hal_msp.o
 .debug_info    0x00003c16      0xccd ./Core/Src/stm32g4xx_it.o
 .debug_info    0x000048e3      0x58e ./Core/Src/system_stm32g4xx.o
 .debug_info    0x00004e71       0x30 ./Core/Startup/startup_stm32g474retx.o
 .debug_info    0x00004ea1      0xb95 ./Drivers/STM32G4xx_HAL_Driver/Src/stm32g4xx_hal.o
 .debug_info    0x00005a36      0xdf9 ./Drivers/STM32G4xx_HAL_Driver/Src/stm32g4xx_hal_cortex.o
 .debug_info    0x0000682f      0x85f ./Drivers/STM32G4xx_HAL_Driver/Src/stm32g4xx_hal_dma.o
 .debug_info    0x0000708e      0x763 ./Drivers/STM32G4xx_HAL_Driver/Src/stm32g4xx_hal_gpio.o
 .debug_info    0x000077f1      0x93f ./Drivers/STM32G4xx_HAL_Driver/Src/stm32g4xx_hal_pwr_ex.o
 .debug_info    0x00008130      0xbe0 ./Drivers/STM32G4xx_HAL_Driver/Src/stm32g4xx_hal_rcc.o
 .debug_info    0x00008d10      0xc45 ./Drivers/STM32G4xx_HAL_Driver/Src/stm32g4xx_hal_rcc_ex.o
 .debug_info    0x00009955     0x2c52 ./Drivers/STM32G4xx_HAL_Driver/Src/stm32g4xx_hal_tim.o
 .debug_info    0x0000c5a7     0x1d95 ./Drivers/STM32G4xx_HAL_Driver/Src/stm32g4xx_hal_tim_ex.o
 .debug_info    0x0000e33c     0x481e ./Drivers/STM32G4xx_HAL_Driver/Src/stm32g4xx_hal_uart.o
 .debug_info    0x00012b5a      0xfdd ./Drivers/STM32G4xx_HAL_Driver/Src/stm32g4xx_hal_uart_ex.o

.debug_abbrev   0x00000000     0x26db
 .debug_abbrev  0x00000000      0x234 ./Core/Src/AMT212EV.o
 .debug_abbrev  0x00000234      0x32d ./Core/Src/main.o
 .debug_abbrev  0x00000561      0x290 ./Core/Src/stm32g4xx_hal_msp.o
 .debug_abbrev  0x000007f1      0x1e3 ./Core/Src/stm32g4xx_it.o
 .debug_abbrev  0x000009d4      0x11a ./Core/Src/system_stm32g4xx.o
 .debug_abbrev  0x00000aee       0x24 ./Core/Startup/startup_stm32g474retx.o
 .debug_abbrev  0x00000b12      0x271 ./Drivers/STM32G4xx_HAL_Driver/Src/stm32g4xx_hal.o
 .debug_abbrev  0x00000d83      0x31c ./Drivers/STM32G4xx_HAL_Driver/Src/stm32g4xx_hal_cortex.o
 .debug_abbrev  0x0000109f      0x1e2 ./Drivers/STM32G4xx_HAL_Driver/Src/stm32g4xx_hal_dma.o
 .debug_abbrev  0x00001281      0x1cb ./Drivers/STM32G4xx_HAL_Driver/Src/stm32g4xx_hal_gpio.o
 .debug_abbrev  0x0000144c      0x22c ./Drivers/STM32G4xx_HAL_Driver/Src/stm32g4xx_hal_pwr_ex.o
 .debug_abbrev  0x00001678      0x2c9 ./Drivers/STM32G4xx_HAL_Driver/Src/stm32g4xx_hal_rcc.o
 .debug_abbrev  0x00001941      0x258 ./Drivers/STM32G4xx_HAL_Driver/Src/stm32g4xx_hal_rcc_ex.o
 .debug_abbrev  0x00001b99      0x2a7 ./Drivers/STM32G4xx_HAL_Driver/Src/stm32g4xx_hal_tim.o
 .debug_abbrev  0x00001e40      0x2c5 ./Drivers/STM32G4xx_HAL_Driver/Src/stm32g4xx_hal_tim_ex.o
 .debug_abbrev  0x00002105      0x304 ./Drivers/STM32G4xx_HAL_Driver/Src/stm32g4xx_hal_uart.o
 .debug_abbrev  0x00002409      0x2d2 ./Drivers/STM32G4xx_HAL_Driver/Src/stm32g4xx_hal_uart_ex.o

.debug_aranges  0x00000000     0x10e8
 .debug_aranges
                0x00000000       0x68 ./Core/Src/AMT212EV.o
 .debug_aranges
                0x00000068       0x60 ./Core/Src/main.o
 .debug_aranges
                0x000000c8       0x58 ./Core/Src/stm32g4xx_hal_msp.o
 .debug_aranges
                0x00000120       0x88 ./Core/Src/stm32g4xx_it.o
 .debug_aranges
                0x000001a8       0x28 ./Core/Src/system_stm32g4xx.o
 .debug_aranges
                0x000001d0       0x28 ./Core/Startup/startup_stm32g474retx.o
 .debug_aranges
                0x000001f8      0x148 ./Drivers/STM32G4xx_HAL_Driver/Src/stm32g4xx_hal.o
 .debug_aranges
                0x00000340      0x128 ./Drivers/STM32G4xx_HAL_Driver/Src/stm32g4xx_hal_cortex.o
 .debug_aranges
                0x00000468       0x90 ./Drivers/STM32G4xx_HAL_Driver/Src/stm32g4xx_hal_dma.o
 .debug_aranges
                0x000004f8       0x58 ./Drivers/STM32G4xx_HAL_Driver/Src/stm32g4xx_hal_gpio.o
 .debug_aranges
                0x00000550      0x140 ./Drivers/STM32G4xx_HAL_Driver/Src/stm32g4xx_hal_pwr_ex.o
 .debug_aranges
                0x00000690       0x98 ./Drivers/STM32G4xx_HAL_Driver/Src/stm32g4xx_hal_rcc.o
 .debug_aranges
                0x00000728       0xb0 ./Drivers/STM32G4xx_HAL_Driver/Src/stm32g4xx_hal_rcc_ex.o
 .debug_aranges
                0x000007d8      0x3e0 ./Drivers/STM32G4xx_HAL_Driver/Src/stm32g4xx_hal_tim.o
 .debug_aranges
                0x00000bb8      0x240 ./Drivers/STM32G4xx_HAL_Driver/Src/stm32g4xx_hal_tim_ex.o
 .debug_aranges
                0x00000df8      0x248 ./Drivers/STM32G4xx_HAL_Driver/Src/stm32g4xx_hal_uart.o
 .debug_aranges
                0x00001040       0xa8 ./Drivers/STM32G4xx_HAL_Driver/Src/stm32g4xx_hal_uart_ex.o

.debug_rnglists
                0x00000000      0xd3a
 .debug_rnglists
                0x00000000       0x4c ./Core/Src/AMT212EV.o
 .debug_rnglists
                0x0000004c       0x48 ./Core/Src/main.o
 .debug_rnglists
                0x00000094       0x3e ./Core/Src/stm32g4xx_hal_msp.o
 .debug_rnglists
                0x000000d2       0x61 ./Core/Src/stm32g4xx_it.o
 .debug_rnglists
                0x00000133       0x1a ./Core/Src/system_stm32g4xx.o
 .debug_rnglists
                0x0000014d       0x19 ./Core/Startup/startup_stm32g474retx.o
 .debug_rnglists
                0x00000166       0xf1 ./Drivers/STM32G4xx_HAL_Driver/Src/stm32g4xx_hal.o
 .debug_rnglists
                0x00000257       0xda ./Drivers/STM32G4xx_HAL_Driver/Src/stm32g4xx_hal_cortex.o
 .debug_rnglists
                0x00000331       0x71 ./Drivers/STM32G4xx_HAL_Driver/Src/stm32g4xx_hal_dma.o
 .debug_rnglists
                0x000003a2       0x3f ./Drivers/STM32G4xx_HAL_Driver/Src/stm32g4xx_hal_gpio.o
 .debug_rnglists
                0x000003e1       0xf1 ./Drivers/STM32G4xx_HAL_Driver/Src/stm32g4xx_hal_pwr_ex.o
 .debug_rnglists
                0x000004d2       0x74 ./Drivers/STM32G4xx_HAL_Driver/Src/stm32g4xx_hal_rcc.o
 .debug_rnglists
                0x00000546       0x87 ./Drivers/STM32G4xx_HAL_Driver/Src/stm32g4xx_hal_rcc_ex.o
 .debug_rnglists
                0x000005cd      0x328 ./Drivers/STM32G4xx_HAL_Driver/Src/stm32g4xx_hal_tim.o
 .debug_rnglists
                0x000008f5      0x1cc ./Drivers/STM32G4xx_HAL_Driver/Src/stm32g4xx_hal_tim_ex.o
 .debug_rnglists
                0x00000ac1      0x1fa ./Drivers/STM32G4xx_HAL_Driver/Src/stm32g4xx_hal_uart.o
 .debug_rnglists
                0x00000cbb       0x7f ./Drivers/STM32G4xx_HAL_Driver/Src/stm32g4xx_hal_uart_ex.o

.debug_macro    0x00000000    0x2659d
 .debug_macro   0x00000000      0x2a5 ./Core/Src/AMT212EV.o
 .debug_macro   0x000002a5      0xab4 ./Core/Src/AMT212EV.o
 .debug_macro   0x00000d59      0x15b ./Core/Src/AMT212EV.o
 .debug_macro   0x00000eb4       0x2e ./Core/Src/AMT212EV.o
 .debug_macro   0x00000ee2       0x28 ./Core/Src/AMT212EV.o
 .debug_macro   0x00000f0a       0x22 ./Core/Src/AMT212EV.o
 .debug_macro   0x00000f2c       0x8e ./Core/Src/AMT212EV.o
 .debug_macro   0x00000fba       0x51 ./Core/Src/AMT212EV.o
 .debug_macro   0x0000100b      0x103 ./Core/Src/AMT212EV.o
 .debug_macro   0x0000110e       0x6a ./Core/Src/AMT212EV.o
 .debug_macro   0x00001178      0x1df ./Core/Src/AMT212EV.o
 .debug_macro   0x00001357       0x1c ./Core/Src/AMT212EV.o
 .debug_macro   0x00001373       0x22 ./Core/Src/AMT212EV.o
 .debug_macro   0x00001395       0xfb ./Core/Src/AMT212EV.o
 .debug_macro   0x00001490     0x1011 ./Core/Src/AMT212EV.o
 .debug_macro   0x000024a1      0x11f ./Core/Src/AMT212EV.o
 .debug_macro   0x000025c0    0x18b8c ./Core/Src/AMT212EV.o
 .debug_macro   0x0001b14c       0x6d ./Core/Src/AMT212EV.o
 .debug_macro   0x0001b1b9     0x3558 ./Core/Src/AMT212EV.o
 .debug_macro   0x0001e711      0x189 ./Core/Src/AMT212EV.o
 .debug_macro   0x0001e89a       0x5c ./Core/Src/AMT212EV.o
 .debug_macro   0x0001e8f6     0x171f ./Core/Src/AMT212EV.o
 .debug_macro   0x00020015      0x600 ./Core/Src/AMT212EV.o
 .debug_macro   0x00020615      0x1b6 ./Core/Src/AMT212EV.o
 .debug_macro   0x000207cb      0x34a ./Core/Src/AMT212EV.o
 .debug_macro   0x00020b15      0x53c ./Core/Src/AMT212EV.o
 .debug_macro   0x00021051      0x18b ./Core/Src/AMT212EV.o
 .debug_macro   0x000211dc       0x43 ./Core/Src/AMT212EV.o
 .debug_macro   0x0002121f      0x23d ./Core/Src/AMT212EV.o
 .debug_macro   0x0002145c      0x211 ./Core/Src/AMT212EV.o
 .debug_macro   0x0002166d      0x45c ./Core/Src/AMT212EV.o
 .debug_macro   0x00021ac9      0x11c ./Core/Src/AMT212EV.o
 .debug_macro   0x00021be5      0x122 ./Core/Src/AMT212EV.o
 .debug_macro   0x00021d07      0x3d1 ./Core/Src/AMT212EV.o
 .debug_macro   0x000220d8      0xc0b ./Core/Src/AMT212EV.o
 .debug_macro   0x00022ce3      0x718 ./Core/Src/AMT212EV.o
 .debug_macro   0x000233fb      0x693 ./Core/Src/AMT212EV.o
 .debug_macro   0x00023a8e       0xa6 ./Core/Src/AMT212EV.o
 .debug_macro   0x00023b34      0x358 ./Core/Src/AMT212EV.o
 .debug_macro   0x00023e8c       0x8e ./Core/Src/AMT212EV.o
 .debug_macro   0x00023f1a       0x22 ./Core/Src/AMT212EV.o
 .debug_macro   0x00023f3c       0x61 ./Core/Src/AMT212EV.o
 .debug_macro   0x00023f9d       0x2a ./Core/Src/AMT212EV.o
 .debug_macro   0x00023fc7       0x43 ./Core/Src/AMT212EV.o
 .debug_macro   0x0002400a       0x34 ./Core/Src/AMT212EV.o
 .debug_macro   0x0002403e       0x16 ./Core/Src/AMT212EV.o
 .debug_macro   0x00024054       0x43 ./Core/Src/AMT212EV.o
 .debug_macro   0x00024097       0x34 ./Core/Src/AMT212EV.o
 .debug_macro   0x000240cb       0x10 ./Core/Src/AMT212EV.o
 .debug_macro   0x000240db       0x58 ./Core/Src/AMT212EV.o
 .debug_macro   0x00024133       0x8e ./Core/Src/AMT212EV.o
 .debug_macro   0x000241c1       0x1c ./Core/Src/AMT212EV.o
 .debug_macro   0x000241dd      0x177 ./Core/Src/AMT212EV.o
 .debug_macro   0x00024354      0x369 ./Core/Src/AMT212EV.o
 .debug_macro   0x000246bd      0x19b ./Core/Src/AMT212EV.o
 .debug_macro   0x00024858      0x2a9 ./Core/Src/main.o
 .debug_macro   0x00024b01      0x1dd ./Core/Src/stm32g4xx_hal_msp.o
 .debug_macro   0x00024cde      0x1e7 ./Core/Src/stm32g4xx_it.o
 .debug_macro   0x00024ec5      0x1ce ./Core/Src/system_stm32g4xx.o
 .debug_macro   0x00025093      0x21c ./Drivers/STM32G4xx_HAL_Driver/Src/stm32g4xx_hal.o
 .debug_macro   0x000252af      0x1ce ./Drivers/STM32G4xx_HAL_Driver/Src/stm32g4xx_hal_cortex.o
 .debug_macro   0x0002547d      0x1ce ./Drivers/STM32G4xx_HAL_Driver/Src/stm32g4xx_hal_dma.o
 .debug_macro   0x0002564b      0x1d5 ./Drivers/STM32G4xx_HAL_Driver/Src/stm32g4xx_hal_gpio.o
 .debug_macro   0x00025820      0x1f8 ./Drivers/STM32G4xx_HAL_Driver/Src/stm32g4xx_hal_pwr_ex.o
 .debug_macro   0x00025a18      0x210 ./Drivers/STM32G4xx_HAL_Driver/Src/stm32g4xx_hal_rcc.o
 .debug_macro   0x00025c28      0x1f8 ./Drivers/STM32G4xx_HAL_Driver/Src/stm32g4xx_hal_rcc_ex.o
 .debug_macro   0x00025e20      0x1d6 ./Drivers/STM32G4xx_HAL_Driver/Src/stm32g4xx_hal_tim.o
 .debug_macro   0x00025ff6      0x1d4 ./Drivers/STM32G4xx_HAL_Driver/Src/stm32g4xx_hal_tim_ex.o
 .debug_macro   0x000261ca      0x1f9 ./Drivers/STM32G4xx_HAL_Driver/Src/stm32g4xx_hal_uart.o
 .debug_macro   0x000263c3      0x1da ./Drivers/STM32G4xx_HAL_Driver/Src/stm32g4xx_hal_uart_ex.o

.debug_line     0x00000000    0x131d3
 .debug_line    0x00000000      0xa80 ./Core/Src/AMT212EV.o
 .debug_line    0x00000a80      0xa13 ./Core/Src/main.o
 .debug_line    0x00001493      0x812 ./Core/Src/stm32g4xx_hal_msp.o
 .debug_line    0x00001ca5      0x7e9 ./Core/Src/stm32g4xx_it.o
 .debug_line    0x0000248e      0x71b ./Core/Src/system_stm32g4xx.o
 .debug_line    0x00002ba9       0x7b ./Core/Startup/startup_stm32g474retx.o
 .debug_line    0x00002c24      0xad7 ./Drivers/STM32G4xx_HAL_Driver/Src/stm32g4xx_hal.o
 .debug_line    0x000036fb      0xc6a ./Drivers/STM32G4xx_HAL_Driver/Src/stm32g4xx_hal_cortex.o
 .debug_line    0x00004365      0xe01 ./Drivers/STM32G4xx_HAL_Driver/Src/stm32g4xx_hal_dma.o
 .debug_line    0x00005166      0xaf0 ./Drivers/STM32G4xx_HAL_Driver/Src/stm32g4xx_hal_gpio.o
 .debug_line    0x00005c56      0xc46 ./Drivers/STM32G4xx_HAL_Driver/Src/stm32g4xx_hal_pwr_ex.o
 .debug_line    0x0000689c      0xea2 ./Drivers/STM32G4xx_HAL_Driver/Src/stm32g4xx_hal_rcc.o
 .debug_line    0x0000773e     0x11b3 ./Drivers/STM32G4xx_HAL_Driver/Src/stm32g4xx_hal_rcc_ex.o
 .debug_line    0x000088f1     0x3f97 ./Drivers/STM32G4xx_HAL_Driver/Src/stm32g4xx_hal_tim.o
 .debug_line    0x0000c888     0x20da ./Drivers/STM32G4xx_HAL_Driver/Src/stm32g4xx_hal_tim_ex.o
 .debug_line    0x0000e962     0x3b74 ./Drivers/STM32G4xx_HAL_Driver/Src/stm32g4xx_hal_uart.o
 .debug_line    0x000124d6      0xcfd ./Drivers/STM32G4xx_HAL_Driver/Src/stm32g4xx_hal_uart_ex.o

.debug_str      0x00000000    0xfbd31
 .debug_str     0x00000000    0xf6a95 ./Core/Src/AMT212EV.o
                              0xf6de9 (size before relaxing)
 .debug_str     0x000f6a95      0xf4e ./Core/Src/main.o
                              0xf7cca (size before relaxing)
 .debug_str     0x000f79e3      0x2ff ./Core/Src/stm32g4xx_hal_msp.o
                              0xf410b (size before relaxing)
 .debug_str     0x000f7ce2      0x185 ./Core/Src/stm32g4xx_it.o
                              0xf3720 (size before relaxing)
 .debug_str     0x000f7e67       0xdb ./Core/Src/system_stm32g4xx.o
                              0xf2cc6 (size before relaxing)
 .debug_str     0x000f7f42       0x44 ./Core/Startup/startup_stm32g474retx.o
                                 0xb9 (size before relaxing)
 .debug_str     0x000f7f86      0x5ed ./Drivers/STM32G4xx_HAL_Driver/Src/stm32g4xx_hal.o
                              0xf39d8 (size before relaxing)
 .debug_str     0x000f8573      0x34b ./Drivers/STM32G4xx_HAL_Driver/Src/stm32g4xx_hal_cortex.o
                              0xf3694 (size before relaxing)
 .debug_str     0x000f88be      0x29f ./Drivers/STM32G4xx_HAL_Driver/Src/stm32g4xx_hal_dma.o
                              0xf30a0 (size before relaxing)
 .debug_str     0x000f8b5d      0x10a ./Drivers/STM32G4xx_HAL_Driver/Src/stm32g4xx_hal_gpio.o
                              0xf2e51 (size before relaxing)
 .debug_str     0x000f8c67      0x4a5 ./Drivers/STM32G4xx_HAL_Driver/Src/stm32g4xx_hal_pwr_ex.o
                              0xf31b4 (size before relaxing)
 .debug_str     0x000f910c      0x506 ./Drivers/STM32G4xx_HAL_Driver/Src/stm32g4xx_hal_rcc.o
                              0xf33e5 (size before relaxing)
 .debug_str     0x000f9612      0x40b ./Drivers/STM32G4xx_HAL_Driver/Src/stm32g4xx_hal_rcc_ex.o
                              0xf340f (size before relaxing)
 .debug_str     0x000f9a1d      0xe2a ./Drivers/STM32G4xx_HAL_Driver/Src/stm32g4xx_hal_tim.o
                              0xf41c4 (size before relaxing)
 .debug_str     0x000fa847      0x907 ./Drivers/STM32G4xx_HAL_Driver/Src/stm32g4xx_hal_tim_ex.o
                              0xf3e38 (size before relaxing)
 .debug_str     0x000fb14e      0x990 ./Drivers/STM32G4xx_HAL_Driver/Src/stm32g4xx_hal_uart.o
                              0xf3c81 (size before relaxing)
 .debug_str     0x000fbade      0x253 ./Drivers/STM32G4xx_HAL_Driver/Src/stm32g4xx_hal_uart_ex.o
                              0xf347f (size before relaxing)

.comment        0x00000000       0x43
 .comment       0x00000000       0x43 ./Core/Src/AMT212EV.o
                                 0x44 (size before relaxing)
 .comment       0x00000043       0x44 ./Core/Src/main.o
 .comment       0x00000043       0x44 ./Core/Src/stm32g4xx_hal_msp.o
 .comment       0x00000043       0x44 ./Core/Src/stm32g4xx_it.o
 .comment       0x00000043       0x44 ./Core/Src/system_stm32g4xx.o
 .comment       0x00000043       0x44 ./Drivers/STM32G4xx_HAL_Driver/Src/stm32g4xx_hal.o
 .comment       0x00000043       0x44 ./Drivers/STM32G4xx_HAL_Driver/Src/stm32g4xx_hal_cortex.o
 .comment       0x00000043       0x44 ./Drivers/STM32G4xx_HAL_Driver/Src/stm32g4xx_hal_dma.o
 .comment       0x00000043       0x44 ./Drivers/STM32G4xx_HAL_Driver/Src/stm32g4xx_hal_gpio.o
 .comment       0x00000043       0x44 ./Drivers/STM32G4xx_HAL_Driver/Src/stm32g4xx_hal_pwr_ex.o
 .comment       0x00000043       0x44 ./Drivers/STM32G4xx_HAL_Driver/Src/stm32g4xx_hal_rcc.o
 .comment       0x00000043       0x44 ./Drivers/STM32G4xx_HAL_Driver/Src/stm32g4xx_hal_rcc_ex.o
 .comment       0x00000043       0x44 ./Drivers/STM32G4xx_HAL_Driver/Src/stm32g4xx_hal_tim.o
 .comment       0x00000043       0x44 ./Drivers/STM32G4xx_HAL_Driver/Src/stm32g4xx_hal_tim_ex.o
 .comment       0x00000043       0x44 ./Drivers/STM32G4xx_HAL_Driver/Src/stm32g4xx_hal_uart.o
 .comment       0x00000043       0x44 ./Drivers/STM32G4xx_HAL_Driver/Src/stm32g4xx_hal_uart_ex.o

.debug_frame    0x00000000     0x4904
 .debug_frame   0x00000000      0x194 ./Core/Src/AMT212EV.o
 .debug_frame   0x00000194      0x138 ./Core/Src/main.o
 .debug_frame   0x000002cc      0x13c ./Core/Src/stm32g4xx_hal_msp.o
 .debug_frame   0x00000408      0x190 ./Core/Src/stm32g4xx_it.o
 .debug_frame   0x00000598       0x58 ./Core/Src/system_stm32g4xx.o
 .debug_frame   0x000005f0      0x500 ./Drivers/STM32G4xx_HAL_Driver/Src/stm32g4xx_hal.o
 .debug_frame   0x00000af0      0x4e8 ./Drivers/STM32G4xx_HAL_Driver/Src/stm32g4xx_hal_cortex.o
 .debug_frame   0x00000fd8      0x24c ./Drivers/STM32G4xx_HAL_Driver/Src/stm32g4xx_hal_dma.o
 .debug_frame   0x00001224      0x14c ./Drivers/STM32G4xx_HAL_Driver/Src/stm32g4xx_hal_gpio.o
 .debug_frame   0x00001370      0x4fc ./Drivers/STM32G4xx_HAL_Driver/Src/stm32g4xx_hal_pwr_ex.o
 .debug_frame   0x0000186c      0x23c ./Drivers/STM32G4xx_HAL_Driver/Src/stm32g4xx_hal_rcc.o
 .debug_frame   0x00001aa8      0x2ac ./Drivers/STM32G4xx_HAL_Driver/Src/stm32g4xx_hal_rcc_ex.o
 .debug_frame   0x00001d54     0x1220 ./Drivers/STM32G4xx_HAL_Driver/Src/stm32g4xx_hal_tim.o
 .debug_frame   0x00002f74      0xa70 ./Drivers/STM32G4xx_HAL_Driver/Src/stm32g4xx_hal_tim_ex.o
 .debug_frame   0x000039e4      0xa94 ./Drivers/STM32G4xx_HAL_Driver/Src/stm32g4xx_hal_uart.o
 .debug_frame   0x00004478      0x2c0 ./Drivers/STM32G4xx_HAL_Driver/Src/stm32g4xx_hal_uart_ex.o
 .debug_frame   0x00004738       0x20 /opt/st/stm32cubeide_1.16.1/plugins/com.st.stm32cube.ide.mcu.externaltools.gnu-tools-for-stm32.12.3.rel1.linux64_1.0.200.202406132123/tools/bin/../lib/gcc/arm-none-eabi/12.3.1/../../../../arm-none-eabi/lib/thumb/v7e-m+fp/hard/libc_nano.a(libc_a-memset.o)
 .debug_frame   0x00004758       0x2c /opt/st/stm32cubeide_1.16.1/plugins/com.st.stm32cube.ide.mcu.externaltools.gnu-tools-for-stm32.12.3.rel1.linux64_1.0.200.202406132123/tools/bin/../lib/gcc/arm-none-eabi/12.3.1/../../../../arm-none-eabi/lib/thumb/v7e-m+fp/hard/libc_nano.a(libc_a-init.o)
 .debug_frame   0x00004784       0xac /opt/st/stm32cubeide_1.16.1/plugins/com.st.stm32cube.ide.mcu.externaltools.gnu-tools-for-stm32.12.3.rel1.linux64_1.0.200.202406132123/tools/bin/../lib/gcc/arm-none-eabi/12.3.1/thumb/v7e-m+fp/hard/libgcc.a(_arm_addsubdf3.o)
 .debug_frame   0x00004830       0x50 /opt/st/stm32cubeide_1.16.1/plugins/com.st.stm32cube.ide.mcu.externaltools.gnu-tools-for-stm32.12.3.rel1.linux64_1.0.200.202406132123/tools/bin/../lib/gcc/arm-none-eabi/12.3.1/thumb/v7e-m+fp/hard/libgcc.a(_arm_muldivdf3.o)
 .debug_frame   0x00004880       0x24 /opt/st/stm32cubeide_1.16.1/plugins/com.st.stm32cube.ide.mcu.externaltools.gnu-tools-for-stm32.12.3.rel1.linux64_1.0.200.202406132123/tools/bin/../lib/gcc/arm-none-eabi/12.3.1/thumb/v7e-m+fp/hard/libgcc.a(_arm_truncdfsf2.o)
 .debug_frame   0x000048a4       0x2c /opt/st/stm32cubeide_1.16.1/plugins/com.st.stm32cube.ide.mcu.externaltools.gnu-tools-for-stm32.12.3.rel1.linux64_1.0.200.202406132123/tools/bin/../lib/gcc/arm-none-eabi/12.3.1/thumb/v7e-m+fp/hard/libgcc.a(_aeabi_uldivmod.o)
 .debug_frame   0x000048d0       0x34 /opt/st/stm32cubeide_1.16.1/plugins/com.st.stm32cube.ide.mcu.externaltools.gnu-tools-for-stm32.12.3.rel1.linux64_1.0.200.202406132123/tools/bin/../lib/gcc/arm-none-eabi/12.3.1/thumb/v7e-m+fp/hard/libgcc.a(_udivmoddi4.o)

.debug_line_str
                0x00000000       0x9d
 .debug_line_str
                0x00000000       0x9d ./Core/Startup/startup_stm32g474retx.o
