01:04:35 **** Incremental Build of configuration Debug for project AMT212E-V_Micro-ROS_USB ****
make -j16 all 
docker pull microros/micro_ros_static_library_builder:humble && docker run --rm -v /home/kireiji/Documents/GitHub/CARVER/AMT212E-V/AMT212E-V/AMT212E-V_Micro-ROS/firmware/AMT212E-V_Micro-ROS_USB:/project --env MICROROS_LIBRARY_FOLDER=micro_ros_stm32cubemx_utils/microros_static_library_ide microros/micro_ros_static_library_builder:humble
humble: Pulling from microros/micro_ros_static_library_builder
Digest: sha256:83ab4e8ce95b2a62feb5dd270ad4460218d2d026a455ea32a5873cf629aa1e99
Status: Image is up to date for microros/micro_ros_static_library_builder:humble
docker.io/microros/micro_ros_static_library_builder:humble
dos2unix: converting file /project/micro_ros_stm32cubemx_utils/microros_static_library_ide/library_generation/library_generation.sh to Unix format...
micro-ROS library found. Skipping...
Delete micro_ros_stm32cubemx_utils/microros_static_library_ide/libmicroros/ for rebuild.
 
arm-none-eabi-gcc "../Core/Src/app_freertos.c" -mcpu=cortex-m4 -std=gnu11 -g3 -DDEBUG -DUSE_HAL_DRIVER -DSTM32G474xx -c -I../Core/Inc -I../micro_ros_stm32cubemx_utils/microros_static_library_ide/libmicroros/include -I../Drivers/STM32G4xx_HAL_Driver/Inc -I../Drivers/STM32G4xx_HAL_Driver/Inc/Legacy -I../Drivers/CMSIS/Device/ST/STM32G4xx/Include -I../Drivers/CMSIS/Include -I../Middlewares/Third_Party/FreeRTOS/Source/include -I../Middlewares/Third_Party/FreeRTOS/Source/CMSIS_RTOS_V2 -I../Middlewares/Third_Party/FreeRTOS/Source/portable/GCC/ARM_CM4F -O0 -ffunction-sections -fdata-sections -Wall -fstack-usage -fcyclomatic-complexity -MMD -MP -MF"Core/Src/app_freertos.d" -MT"Core/Src/app_freertos.o" --specs=nano.specs -mfpu=fpv4-sp-d16 -mfloat-abi=hard -mthumb -o "Core/Src/app_freertos.o"
../Core/Src/app_freertos.c: In function 'StartDefaultTask':
../Core/Src/app_freertos.c:176:28: warning: unused variable 'timer_period' [-Wunused-variable]
  176 |         const unsigned int timer_period = RCL_MS_TO_NS(10);
      |                            ^~~~~~~~~~~~
../Core/Src/app_freertos.c:170:21: warning: unused variable 'amt_timer' [-Wunused-variable]
  170 |         rcl_timer_t amt_timer;
      |                     ^~~~~~~~~
arm-none-eabi-gcc -o "AMT212E-V_Micro-ROS_USB.elf" @"objects.list"  -lmicroros -mcpu=cortex-m4 -T"/home/kireiji/Documents/GitHub/CARVER/AMT212E-V/AMT212E-V/AMT212E-V_Micro-ROS/firmware/AMT212E-V_Micro-ROS_USB/STM32G474RETX_FLASH.ld" --specs=nosys.specs -Wl,-Map="AMT212E-V_Micro-ROS_USB.map" -Wl,--gc-sections -static -L../micro_ros_stm32cubemx_utils/microros_static_library_ide/libmicroros --specs=nano.specs -mfpu=fpv4-sp-d16 -mfloat-abi=hard -mthumb -Wl,--start-group -lc -lm -Wl,--end-group
/opt/st/stm32cubeide_1.16.1/plugins/com.st.stm32cube.ide.mcu.externaltools.gnu-tools-for-stm32.12.3.rel1.linux64_1.0.200.202406132123/tools/bin/../lib/gcc/arm-none-eabi/12.3.1/../../../../arm-none-eabi/bin/ld: /opt/st/stm32cubeide_1.16.1/plugins/com.st.stm32cube.ide.mcu.externaltools.gnu-tools-for-stm32.12.3.rel1.linux64_1.0.200.202406132123/tools/bin/../lib/gcc/arm-none-eabi/12.3.1/../../../../arm-none-eabi/lib/thumb/v7e-m+fp/hard/libc_nano.a(libc_a-gettimeofdayr.o): in function `_gettimeofday_r':
(.text._gettimeofday_r+0xe): warning: _gettimeofday is not implemented and will always fail
Finished building target: AMT212E-V_Micro-ROS_USB.elf
 
arm-none-eabi-size  AMT212E-V_Micro-ROS_USB.elf 
arm-none-eabi-objdump -h -S AMT212E-V_Micro-ROS_USB.elf  > "AMT212E-V_Micro-ROS_USB.list"
   text	   data	    bss	    dec	    hex	filename
  90544	    132	  45744	 136420	  214e4	AMT212E-V_Micro-ROS_USB.elf
Finished building: default.size.stdout
 
Finished building: AMT212E-V_Micro-ROS_USB.list
 

01:04:39 Build Finished. 0 errors, 3 warnings. (took 3s.911ms)

